{
  "id": "libcore:1:bitcoin_testnet:tpubDCvBuWv6KZ5skWvenPVcv1jBkQw6QQuyA4gLGnh15GtmKwkAHYLvUW8wSpeiSLRoFKUQjheaZYqEBS1bLk4iPCevfwtaq9gy3MR8BESch6J:",
  "seedIdentifier": "044012df101b35d845b8e4832ef978629da77b0486ccb490b828e87fad92430e103dc748eeb5e3ed8ce3e8b809943be01996cd3d643e9d54d3d1d784cfe2df313d",
  "name": "Bitcoin Testnet 1 (legacy)",
  "derivationMode": "",
  "index": 0,
  "freshAddress": "n2R42jKmaJ5sjCQzUyZVpgqfAJGJs15USu",
  "freshAddressPath": "44'/1'/0'/0/31",
  "pendingOperations": [],
  "currencyId": "bitcoin_testnet",
  "unitMagnitude": 8,
  "balance": "0",
  "xpub": "tpubDCvBuWv6KZ5skWvenPVcv1jBkQw6QQuyA4gLGnh15GtmKwkAHYLvUW8wSpeiSLRoFKUQjheaZYqEBS1bLk4iPCevfwtaq9gy3MR8BESch6J"
}
{
  "id": "libcore:1:bitcoin_testnet:tpubDCuopxzvsWxeAQYRxwJLfJDFGAk2LtvcKBAtt5CQ9wWx2MUyPoQUSoqWkqFj43HE3zBiqoDa75qhvm36uA5s2YZNFBojg85ArQRBWM4gHAX:segwit",
  "seedIdentifier": "04725685e6814d861530839477f6a6ff35b29d803f652fde7b1b54435d892f4a585e25331d12f4ca60d65cb84e69b3dafc716f3d53ae957cacee7a60b574888dbb",
  "name": "Bitcoin Testnet 1 (segwit)",
  "derivationMode": "segwit",
  "index": 0,
  "freshAddress": "2MyTveB6zpc72r5PWcNDchsErDBaVBdMTUB",
  "freshAddressPath": "49'/1'/0'/0/22",
  "pendingOperations": [],
  "currencyId": "bitcoin_testnet",
  "unitMagnitude": 8,
  "balance": "0",
  "xpub": "tpubDCuopxzvsWxeAQYRxwJLfJDFGAk2LtvcKBAtt5CQ9wWx2MUyPoQUSoqWkqFj43HE3zBiqoDa75qhvm36uA5s2YZNFBojg85ArQRBWM4gHAX"
}
{
  "id": "libcore:1:bitcoin_testnet:tpubDCuopxzvsWxeBiRpzaFQSRgi87mLTqJL4WS8CjNEZmTaTAdNhzpxRBDkYyariqPss9BniRAa7AdpMyYro6L8Qs253mpNquRAHpywrhHqhsW:segwit",
  "seedIdentifier": "04725685e6814d861530839477f6a6ff35b29d803f652fde7b1b54435d892f4a585e25331d12f4ca60d65cb84e69b3dafc716f3d53ae957cacee7a60b574888dbb",
  "name": "Bitcoin Testnet 2 (segwit)",
  "derivationMode": "segwit",
  "index": 1,
  "freshAddress": "2NCK3NnKzEbkme4mDXVky9PwE7dCt3jsLr4",
  "freshAddressPath": "49'/1'/1'/0/133",
  "pendingOperations": [],
  "currencyId": "bitcoin_testnet",
  "unitMagnitude": 8,
  "balance": "162735",
  "xpub": "tpubDCuopxzvsWxeBiRpzaFQSRgi87mLTqJL4WS8CjNEZmTaTAdNhzpxRBDkYyariqPss9BniRAa7AdpMyYro6L8Qs253mpNquRAHpywrhHqhsW"
}
{
  "id": "libcore:1:bitcoin_testnet:tpubDCuopxzvsWxeEMZu9GPxRRZpB1aPYPdHubNkoPe3B7rm497zshD8VHmjmQAfQAAodDi9aNPg4vGveQ7NTJXpx7XyuAAfZjLDn7CUABxBKNr:segwit",
  "seedIdentifier": "04725685e6814d861530839477f6a6ff35b29d803f652fde7b1b54435d892f4a585e25331d12f4ca60d65cb84e69b3dafc716f3d53ae957cacee7a60b574888dbb",
  "name": "Bitcoin Testnet 3 (segwit)",
  "derivationMode": "segwit",
  "index": 2,
  "freshAddress": "2NDXAitkTcW4F16VX24k2aaoxUH7n5g82BD",
  "freshAddressPath": "49'/1'/2'/0/1",
  "pendingOperations": [],
  "currencyId": "bitcoin_testnet",
  "unitMagnitude": 8,
  "balance": "0",
  "xpub": "tpubDCuopxzvsWxeEMZu9GPxRRZpB1aPYPdHubNkoPe3B7rm497zshD8VHmjmQAfQAAodDi9aNPg4vGveQ7NTJXpx7XyuAAfZjLDn7CUABxBKNr"
}
{
  "id": "libcore:1:bitcoin_testnet:tpubDCuopxzvsWxeJLdSvoK2i2zxAYvii85CWNjPRdkYQ45mnp7AjT3h1QC5sj2S8LtgEjrWrWKFxFM2iNzRouXZq3hgom5bDWSseLDK6oxoEQi:segwit",
  "seedIdentifier": "04725685e6814d861530839477f6a6ff35b29d803f652fde7b1b54435d892f4a585e25331d12f4ca60d65cb84e69b3dafc716f3d53ae957cacee7a60b574888dbb",
  "name": "Bitcoin Testnet 4 (segwit)",
  "derivationMode": "segwit",
  "index": 3,
  "freshAddress": "2NCXV7PFhuPVzcGFqfgznq9aAq3kBMScjrV",
  "freshAddressPath": "49'/1'/3'/0/0",
  "pendingOperations": [],
  "currencyId": "bitcoin_testnet",
  "unitMagnitude": 8,
  "balance": "0",
  "xpub": "tpubDCuopxzvsWxeJLdSvoK2i2zxAYvii85CWNjPRdkYQ45mnp7AjT3h1QC5sj2S8LtgEjrWrWKFxFM2iNzRouXZq3hgom5bDWSseLDK6oxoEQi"
}
{
  "id": "libcore:1:bitcoin_testnet:tpubDCBTXx7KkBpYfsYBB89b2EAjiWox7DVjNvVvRaRrzhx8nzo3TDxtZ3mDqEw8ngiYoRyaL3cqnZSHYVgXQe4VN3hykcToKUpw1xm3TRCRCUQ:native_segwit",
  "seedIdentifier": "04590d654adfde47075b6e520ae6e1f1cbdd25e99c2298e27bf062b66134f1402b1aa9faaf1e116b83373a2a0342298f3b31596855377e920e6c8be1192fa53a95",
  "name": "Bitcoin Testnet 1 (native segwit)",
  "derivationMode": "native_segwit",
  "index": 0,
  "freshAddress": "tb1qq58cr3durn4nvygkx68r3qxmqtgam62hzfvvty",
  "freshAddressPath": "84'/1'/0'/0/0",
  "pendingOperations": [],
  "currencyId": "bitcoin_testnet",
  "unitMagnitude": 8,
  "balance": "0",
  "xpub": "tpubDCBTXx7KkBpYfsYBB89b2EAjiWox7DVjNvVvRaRrzhx8nzo3TDxtZ3mDqEw8ngiYoRyaL3cqnZSHYVgXQe4VN3hykcToKUpw1xm3TRCRCUQ"
}
