{ name: 'Qtum', version: '1.3.11', flags: <Buffer 00> }
