{
  "type": "signed"
}
{
  "type": "broadcasted",
  "operation": {
    "id": "libcore:1:zencash:xpub6D5t3ggLE75WLn8cMhJ6V5tdZsT5ixJDjoYrERnYgkjXe5f2qqBBsjCLJ4ktGeorZBrSwQZ6tRqmmu9CM5fpi6S7n1T6VMxitE4LnXBStue:--OUT",
    "hash": "",
    "type": "OUT",
    "value": "160044100",
    "fee": "14100",
    "blockHash": null,
    "blockHeight": null,
    "senders": [
      "znkxthFZkiZavT1rjVd7ts9C6ubc2AA5YUz",
      "znkmKuWSYxrVd3HsJCA6tBSBxuqfD7BGscg",
      "znXjMRL4juVSnwRFbGpQHe9MYF1E4VbbxZ5",
      "znosXyLSN5hVcmVycUpiXEd2U6eDaXEvXkD",
      "znUFAwvoL9FU5X6cFvgYAThNR2ThuMUTv7k",
      "znmt2LuX49ezGqGeGGKKB1eCFEjpugFqeJD",
      "znhXAioPgLcATHMiAKCkr4ZfgvBkrgMtDh4",
      "znXCqDBa142rS27yjGmnxVNbeFVoTRwo1ad",
      "znibqmjQdYeA74ivWkdqmZEYTAEffnC4dJd"
    ],
    "recipients": [
      "znkxthFZkiZavT1rjVd7ts9C6ubc2AA5YUz",
      "znZRSGFM5GrRrhRpRkfrLxULJSgnMWn7m6a"
    ],
    "accountId": "libcore:1:zencash:xpub6D5t3ggLE75WLn8cMhJ6V5tdZsT5ixJDjoYrERnYgkjXe5f2qqBBsjCLJ4ktGeorZBrSwQZ6tRqmmu9CM5fpi6S7n1T6VMxitE4LnXBStue:",
    "extra": {}
  }
}
