{
  "type": "signed"
}
{
  "type": "broadcasted",
  "operation": {
    "id": "libcore:1:decred:dpubZF3VHvPkY4B7sdkfyEF3V576DCn9Wb9Jh43HKCDFio3B4zLCKcXP1H6VqnKusFToCxErE1j1JoAgDQBVR4wvMVucS3SW6GVaYsknndcLwqA:--OUT",
    "hash": "",
    "type": "OUT",
    "value": "28713130",
    "fee": "25940",
    "blockHash": null,
    "blockHeight": null,
    "senders": [
      "Dseoai5djWv2TyCdkBMyeLukzQSt5nESSXf",
      "DsecNhK8hBpsFUUVvYXD1vvBdbJEGfb22Ds",
      "DsecNhK8hBpsFUUVvYXD1vvBdbJEGfb22Ds",
      "Dse3vm4SqgETMwbjrHio3XfLgCBWqRmKY6T",
      "DsZHBMmKU9roSJDgiXFdJdjduEWn34oVJuo",
      "DsRiD5asezpR1L8bhPmgN9KwQSYzCZSZ6XC",
      "DsYZTjcbhze8aVCV5ieDoY5cE84c3U9xhPK",
      "Dsbks5jRDCEbmjVPkSkfNyNMPnx2n4sejZJ",
      "DsaFoDUwdCAmakMVdQXL3mGREyjto7ywKLa",
      "DsSrGNHGMsEBzeDWzVrPRcdfNawbeUeL5Sj",
      "Dsay9FXghMawuAZ5eAMXF7qhYcajEAvjWBd",
      "DsYD2KeFvjNzaQ8AXVFQJrzgE8f7C2Ndknq",
      "DseRY9JCvq6ouzvuJG54DBPhREQRkcqtBsT",
      "DsjBMihu6gezTFGeebLDssPMQtonFn3omL5",
      "DsR67wb2jfNqczsd3PCek4BZLHjBummkhCN",
      "Dsgev1eoURzctUPn5vA4hVUizi63SyoMPVz",
      "DsoBai7WVvVjZUVEszJ4p3tqAZ2bNR2HxC8"
    ],
    "recipients": [
      "Dsnn4B4QVu9mov6qf562uwqHnSHUgmwYmvY",
      "DsoicUz8t7bUvHkLd8A7LZwzaHct9TufrEr"
    ],
    "accountId": "libcore:1:decred:dpubZF3VHvPkY4B7sdkfyEF3V576DCn9Wb9Jh43HKCDFio3B4zLCKcXP1H6VqnKusFToCxErE1j1JoAgDQBVR4wvMVucS3SW6GVaYsknndcLwqA:",
    "extra": {}
  }
}
