{
  "type": "signed"
}
{
  "type": "broadcasted",
  "operation": {
    "id": "libcore:1:decred:dpubZF3VHvPkY4B7qQKU7cAaQjkN61PuJU87AE3EXHGLpn3ajQHNZHyiFp94aiH2en2xfo38zYuQKLdC46DiEwkp2t7UBDuEMxg8EzNd3dtgW8E:--OUT",
    "hash": "",
    "type": "OUT",
    "value": "4021140",
    "fee": "3740",
    "blockHash": null,
    "blockHeight": null,
    "senders": [
      "DsWRPDnZikG5eyGZTwymeHvfgL5st4NDZiQ",
      "DsSKPbuECyuR1bebKjmYdDtbm7kyUzhKhxN"
    ],
    "recipients": [
      "Dse3vm4SqgETMwbjrHio3XfLgCBWqRmKY6T",
      "DsR6VnqnSV9Wj4Q1cDsjG88VZCcgKBghDiQ"
    ],
    "accountId": "libcore:1:decred:dpubZF3VHvPkY4B7qQKU7cAaQjkN61PuJU87AE3EXHGLpn3ajQHNZHyiFp94aiH2en2xfo38zYuQKLdC46DiEwkp2t7UBDuEMxg8EzNd3dtgW8E:",
    "extra": {}
  }
}
