{
  "type": "signed"
}
{
  "type": "broadcasted",
  "operation": {
    "id": "libcore:1:zcash:xpub6DXuLL97nvCs4QQNEeUwxH6Y5tSVhSEPcdnQ3K2pa8CfnbZuHcpeZovTSMu6jdj6JV9piQyVsHoNSYuP8MijXdYKHGFYvPoLLy3Ddrv5MPi:--OUT",
    "hash": "",
    "type": "OUT",
    "value": "12096450",
    "fee": "5220",
    "blockHash": null,
    "blockHeight": null,
    "senders": [
      "t1LFaZiHSNSyJB511zNiKMuZiYvDoX4Ajo5",
      "t1SKfU6XDiE7jjN9YXM8RQCZXgWN7zV1nYN",
      "t1fxA3ap3SEnTNefKG5EArC1A7H8fbzrLgy"
    ],
    "recipients": [
      "t1cgP3uycD42sWstwdgS4cLs1bkxqycDf5e",
      "t1JpTogqV6h8TXYQTue9wiPSDWcm8ridjQT"
    ],
    "accountId": "libcore:1:zcash:xpub6DXuLL97nvCs4QQNEeUwxH6Y5tSVhSEPcdnQ3K2pa8CfnbZuHcpeZovTSMu6jdj6JV9piQyVsHoNSYuP8MijXdYKHGFYvPoLLy3Ddrv5MPi:",
    "extra": {}
  }
}
