{
  "type": "signed"
}
{
  "type": "broadcasted",
  "operation": {
    "id": "libcore:1:zcash:xpub6DXuLL97nvCs14Ashf3u8N2X9BLBpxN3HKCQWnLzn61o6CqME3Jm1hZ6oBeXcMhkqGDaziTGmw19w5iRstuXJrKLX6khbDt1rEatozTkf97:--OUT",
    "hash": "",
    "type": "OUT",
    "value": "12006410",
    "fee": "3740",
    "blockHash": null,
    "blockHeight": null,
    "senders": [
      "t1cZFvH6A3xVU7S3dmdAPrn5duFtDFLEVkm",
      "t1XUt65jo9EF3z9VqNUjVQ9tEUj58FGn753"
    ],
    "recipients": [
      "t1KZ3fz7PEYmamPp9CNcb6akhZFoJTjH7dA",
      "t1S519hZW1uuVCwuacgRruWVubk5HQWEacV"
    ],
    "accountId": "libcore:1:zcash:xpub6DXuLL97nvCs14Ashf3u8N2X9BLBpxN3HKCQWnLzn61o6CqME3Jm1hZ6oBeXcMhkqGDaziTGmw19w5iRstuXJrKLX6khbDt1rEatozTkf97:",
    "extra": {}
  }
}
