{ name: 'XSN', version: '1.3.8', flags: <Buffer 02> }
