{ name: 'Ethereum', version: '1.2.7', flags: <Buffer 00> }
