
RTvAn5VZoyG6mKCRaM79yMBbS3tSTfoxqd
{ address: 'RTvAn5VZoyG6mKCRaM79yMBbS3tSTfoxqd',
  path: '44\'/141\'/0\'/0/43',
  publicKey: '049d500fce369a273aa9d640f5c73e5bdd98f7f4bef7754485f49cf856aad43d83cc300aae84183d7b5dcee59ea19883cebb21f7ebe710806e2cca97f658cd9f75',
  chainCode: '7fcf1ca97e369bdadb5d183d5ff57ceb7c189df0f342189508e65e76bd0c3284' }

RF17wRisbFHVGYPN1YM6MFJyR34CQcuMpy
{ address: 'RF17wRisbFHVGYPN1YM6MFJyR34CQcuMpy',
  path: '44\'/141\'/1\'/0/71',
  publicKey: '047a355305566c3ba2bc4373850bdd481281ec9f83e6e6a638b02deb1598da0f59f7e9ce22c76a36551b841cd82491b62135627c4813598cb797eaf0b3591fa3b3',
  chainCode: 'f5deabd64349fbdf07ce1b3f554d7dd1bbc000f15bdada219a1aa3f22c9b5662' }

RUBAhTE352gmF6jYqgFeGtmhDsUdKqWNrh
{ address: 'RUBAhTE352gmF6jYqgFeGtmhDsUdKqWNrh',
  path: '44\'/141\'/2\'/0/6',
  publicKey: '04242cbc89bb842c1c0129366c941900fede91d9e1e45dc313ab4beadd56838fac7317e045fa0b4ab57a15b6c1eddbd5ca0a1c28ef40b354f9eded42529de3ffb0',
  chainCode: '67528932953caafe59cb47bdbeeba6d5fc3057e0cae50be2a68734a84f607876' }

RP5BgRiUXS7VxCRbxb4fDTb9yrDJ9NT2wm
{ address: 'RP5BgRiUXS7VxCRbxb4fDTb9yrDJ9NT2wm',
  path: '44\'/141\'/3\'/0/0',
  publicKey: '040e2060d2f1ccc4ef871be5384cfc448b039e2e2ede5d7fbfa0d0853221f8ef1711c991833c2b7f3a47255fba6fdfac1a06b2e48694b5ad1e37cbf31031ac4a7f',
  chainCode: 'd5c1e6589c64601388e3f5ce55465a48c0fe56fef5ec74902a2f7a78f23f0647' }
