ethM
0x0AC45A10bbBa4A7d5DE695f0031bBe2945550e9e
{ path: '44\'/60\'/0\'/6',
  address: '0x0AC45A10bbBa4A7d5DE695f0031bBe2945550e9e',
  publicKey: '04c16504ebc7cbb0804fbd19a191ca4b778f9924b76ce5730e54dd3fd45509a14d12a268a6b35f4935795fd18f3d2b5862f23a7c6b275cedfe6e60177565a0b5d4',
  chainCode: undefined }

0x2E59fD5Be13d47E919E2e11668A63e3241fd8c74
{ path: '44\'/61\'/0\'/0/0',
  address: '0x2E59fD5Be13d47E919E2e11668A63e3241fd8c74',
  publicKey: '0499d36795bd3338c9ba6f26fd3d98ab5cafcd006524f8dfe45ddb113438acf13591279eaa1eb2e6ac359015d3b9dbffc0ec9894c83a32485f9dda39cacdd4210a',
  chainCode: undefined }

0xEBC35df6cED2E6779Ba56C028bd52dF308167659
{ path: '44\'/61\'/1\'/0/0',
  address: '0xEBC35df6cED2E6779Ba56C028bd52dF308167659',
  publicKey: '04a1fc0e775bf9c8cddd82deae2339f7ac1444e143022968629b56b352483778cc9baef22578b52fe88f1ef4a58715a6adfe6427d147b6d8355ba4a2f6c8611a16',
  chainCode: undefined }

0x0d9C3E05C32893A07fbe84C043C5a0F7EFe387A9
{ path: '44\'/61\'/2\'/0/0',
  address: '0x0d9C3E05C32893A07fbe84C043C5a0F7EFe387A9',
  publicKey: '045239fd9f5ddc5ab57e3220fbe0bc26806527939c81c575b279536d2a95f2cdd3b18419fa956d553cc66a9577210ae5032aecaf9d783253b226212ea3b9998834',
  chainCode: undefined }
