ethM
0x17733CAb76d9A2112576443F21735789733B1ca3
{ path: '44\'/60\'/0\'/0',
  address: '0x17733CAb76d9A2112576443F21735789733B1ca3',
  publicKey: '045526bb4e66757ba36ee19e0cef398f32365f1b1442cd504654a3407e47318a3f687fdb87b7202645ade7851ec4c01824b7e8aca766d131611982bfedf1c1c6b7',
  chainCode: undefined }
ethM
0x012b85B1e9Ca6599424eF624A0bFC4cF527bCad7
{ path: '44\'/60\'/0\'/1',
  address: '0x012b85B1e9Ca6599424eF624A0bFC4cF527bCad7',
  publicKey: '04ca27d19fdada0199b5503aae5c0406260c772fddee5953d7065a68c709df900bed727231c20aece98134f16fd7b7bb1960811576521a7202ac55ed512b2f915d',
  chainCode: undefined }
ethM
0x0AC45A10bbBa4A7d5DE695f0031bBe2945550e9e
{ path: '44\'/60\'/0\'/6',
  address: '0x0AC45A10bbBa4A7d5DE695f0031bBe2945550e9e',
  publicKey: '04c16504ebc7cbb0804fbd19a191ca4b778f9924b76ce5730e54dd3fd45509a14d12a268a6b35f4935795fd18f3d2b5862f23a7c6b275cedfe6e60177565a0b5d4',
  chainCode: undefined }
ethMM
0x160278aC9B0F1E5d375e314fa605f2d79Cc1240e
{ path: '44\'/60\'/0\'/0/1',
  address: '0x160278aC9B0F1E5d375e314fa605f2d79Cc1240e',
  publicKey: '04df02040415e26884dc61635081d933776d2525f317164fbcc719f86ee556999eefd8e14e0addebcad32f245a603b9cc8b1dab951afcb7a7ca0c32ec7cbd3964a',
  chainCode: undefined }

0x519192a437e6aeb895Cec72828A73B11b698dE3a
{ path: '44\'/60\'/0\'/0/0',
  address: '0x519192a437e6aeb895Cec72828A73B11b698dE3a',
  publicKey: '04cee78a89fd6ea645f4152874e869d81b7f920162426042458074c8843fa375d3fce7b3d7dfeced7d63eccbf302774cc9096c8024007f7bec56cfb3a240c07397',
  chainCode: undefined }

0xBE6051057B83c2669Ac70530fE7271Db6A7caB6c
{ path: '44\'/60\'/1\'/0/0',
  address: '0xBE6051057B83c2669Ac70530fE7271Db6A7caB6c',
  publicKey: '04fd15558d7b42827a743a49f15955d969e67c4d069886769114d591df398ffa0252b9f1e9e37f2b2ea37fe2d1dd779a3cef62bfe66c5f09f34fcfa51919de384d',
  chainCode: undefined }

0xA49386FFF4e0Dd767b145e75d92f7FbA8854553e
{ path: '44\'/60\'/2\'/0/0',
  address: '0xA49386FFF4e0Dd767b145e75d92f7FbA8854553e',
  publicKey: '0403ba65a5ff0802efd56e22054a984f209ac4fe592f82a2b3202350e9d416e78d58baf1068f9d41c245162ffebde4c4b725252a203892838747a0c524bd2d9257',
  chainCode: undefined }

0x1d47aE4AbB54EFb390a8c984bDdB9E9c97F1d72c
{ path: '44\'/60\'/3\'/0/0',
  address: '0x1d47aE4AbB54EFb390a8c984bDdB9E9c97F1d72c',
  publicKey: '0417ea035dbcd0fb36dd4ac8aaa7b7bf26fe13f2b35a79daa5ede4d7e3fda4b921d26ba3c66b68c5cffbe0df0fd1e1359f952000def7c924d80a32171ea5ed37f8',
  chainCode: undefined }
