{
  "id": "libcore:1:bitcoin_gold:xpub6Bm5P7Xyx2UYrVBAgb54gEswXhbZaryZSWsPjeJ1jpb9K9S5UTD5z5cXW4EREkTqkNjSHQHxwHKZJVE7TFvftySnKabMAXAQCMSVJBdJxMC:unsplit",
  "seedIdentifier": "04b9b3078fbdef02b5f5aa8bb400423d5170015da06c31ad7745160cbab1fa4cdc965f271b924c2999639211310f6d35029698749b38ea7e64608de3ebcdbaa46a",
  "xpub": "xpub6Bm5P7Xyx2UYrVBAgb54gEswXhbZaryZSWsPjeJ1jpb9K9S5UTD5z5cXW4EREkTqkNjSHQHxwHKZJVE7TFvftySnKabMAXAQCMSVJBdJxMC",
  "derivationMode": "unsplit",
  "index": 0,
  "freshAddress": "GJMZwCGXstgmqKN8EvvdPsBVteTi6WuM3Y",
  "freshAddressPath": "44'/0'/0'/0/7",
  "name": "Bitcoin Gold 1 (unsplit)",
  "pendingOperations": [],
  "currencyId": "bitcoin_gold",
  "unitMagnitude": 8,
  "balance": "174604"
}
{
  "id": "libcore:1:bitcoin_gold:xpub6BuPGsUw1Aaz92W5AjsuwjHYbjUKG8Xw4HEuQ2XzYSZWa8CZ4Hkhh6pBeZx2iSVuK7LZk4VKFytXuNNEPHbiuyYyXyDCiusnQ56Aoghhrcs:segwit_unsplit",
  "seedIdentifier": "04b3b0982673f35bd288e681c371636145c7a8e17d4c59a6c8704100d366fa06da4246b7de1535511f9e11ad111683cbeafd992c4d1390b3a04fd79a51159f8691",
  "xpub": "xpub6BuPGsUw1Aaz92W5AjsuwjHYbjUKG8Xw4HEuQ2XzYSZWa8CZ4Hkhh6pBeZx2iSVuK7LZk4VKFytXuNNEPHbiuyYyXyDCiusnQ56Aoghhrcs",
  "derivationMode": "segwit_unsplit",
  "index": 0,
  "freshAddress": "AQUKa7zBcTa1oG1zSF3QXP4yNhiNmM2WLN",
  "freshAddressPath": "49'/0'/0'/0/5",
  "name": "Bitcoin Gold 1 (segwit unsplit)",
  "pendingOperations": [],
  "currencyId": "bitcoin_gold",
  "unitMagnitude": 8,
  "balance": "160709"
}
{
  "id": "libcore:1:bitcoin_gold:xpub6BwncCmHHLPjHyuVh2t2cHA4KVdjdsS6wwLrMDkDMubXAWV7xSyVM5ik1Ap18YBHMMGDnukVyyXMtJjFRKLpLvcG4SKYeTaeSxftZ9Z4ATB:",
  "seedIdentifier": "04c2bcf1a177bef14a27674f098c3a04ea5a3801ba1ebc74aaa96735189e81ceb71c782105bd5d72f333e382ecce2efee033e6262e5fc2e6dc55b122d62689b22f",
  "xpub": "xpub6BwncCmHHLPjHyuVh2t2cHA4KVdjdsS6wwLrMDkDMubXAWV7xSyVM5ik1Ap18YBHMMGDnukVyyXMtJjFRKLpLvcG4SKYeTaeSxftZ9Z4ATB",
  "derivationMode": "",
  "index": 0,
  "freshAddress": "GKeeQYNPdy7Lobz8UsXvAvMtHmVRGbCvrf",
  "freshAddressPath": "44'/156'/0'/0/6",
  "name": "Bitcoin Gold 1 (legacy)",
  "pendingOperations": [],
  "currencyId": "bitcoin_gold",
  "unitMagnitude": 8,
  "balance": "188330"
}
{
  "id": "libcore:1:bitcoin_gold:xpub6CtcF5dSBGhEnyCKy9zYugjX9JxjVWW78eTBXSBGA4fYaVVXAt6hfo55JKRDjxef1bcP3keBvg6BXtzjPG8Cd1afv3k4qnFezHAF2J8nKDe:segwit",
  "seedIdentifier": "047ad777a5de434e624b37689d97d37aa554a741bc29a799047a20bb3c74b3a10addbe09de33b0325e9aad003b3a18208e4d8876b9c6058e91a42294785a713763",
  "xpub": "xpub6CtcF5dSBGhEnyCKy9zYugjX9JxjVWW78eTBXSBGA4fYaVVXAt6hfo55JKRDjxef1bcP3keBvg6BXtzjPG8Cd1afv3k4qnFezHAF2J8nKDe",
  "derivationMode": "segwit",
  "index": 0,
  "freshAddress": "AKCSwu9Txdu84H72YNmoe14JqF2pCFwmSc",
  "freshAddressPath": "49'/156'/0'/0/2",
  "name": "Bitcoin Gold 1 (segwit)",
  "pendingOperations": [],
  "currencyId": "bitcoin_gold",
  "unitMagnitude": 8,
  "balance": "0"
}
{
  "id": "libcore:1:bitcoin_gold:xpub6CtcF5dSBGhEqXsLaw3iEQPTee4kG7oYyEWmdZTzRPQrYcJ9YFDknXXzT4oHznaoMSnTxTfdLiA3WBgUK3uDr8BjrpptKGd8ivNHMnaPPcE:segwit",
  "seedIdentifier": "047ad777a5de434e624b37689d97d37aa554a741bc29a799047a20bb3c74b3a10addbe09de33b0325e9aad003b3a18208e4d8876b9c6058e91a42294785a713763",
  "xpub": "xpub6CtcF5dSBGhEqXsLaw3iEQPTee4kG7oYyEWmdZTzRPQrYcJ9YFDknXXzT4oHznaoMSnTxTfdLiA3WBgUK3uDr8BjrpptKGd8ivNHMnaPPcE",
  "derivationMode": "segwit",
  "index": 1,
  "freshAddress": "AP5YwjdtXBvJq9mBsUoLvtA4bDa55bow9J",
  "freshAddressPath": "49'/156'/1'/0/13",
  "name": "Bitcoin Gold 2 (segwit)",
  "pendingOperations": [],
  "currencyId": "bitcoin_gold",
  "unitMagnitude": 8,
  "balance": "188211"
}
{
  "id": "libcore:1:bitcoin_gold:xpub6CtcF5dSBGhEsWq1HjMtfSjJSkrUr7UZLVzBAXKHkDcuXNPTDRhxU71FTm1KreVMyuFSKmrHyr3TiGPa212q9U3Q8vxKvWvg96RR2XM8WAn:segwit",
  "seedIdentifier": "047ad777a5de434e624b37689d97d37aa554a741bc29a799047a20bb3c74b3a10addbe09de33b0325e9aad003b3a18208e4d8876b9c6058e91a42294785a713763",
  "xpub": "xpub6CtcF5dSBGhEsWq1HjMtfSjJSkrUr7UZLVzBAXKHkDcuXNPTDRhxU71FTm1KreVMyuFSKmrHyr3TiGPa212q9U3Q8vxKvWvg96RR2XM8WAn",
  "derivationMode": "segwit",
  "index": 2,
  "freshAddress": "AGQN8qRKX9wvvgekLDCxDrLmNUG922p3PP",
  "freshAddressPath": "49'/156'/2'/0/0",
  "name": "Bitcoin Gold 3 (segwit)",
  "pendingOperations": [],
  "currencyId": "bitcoin_gold",
  "unitMagnitude": 8,
  "balance": "0"
}
