{
  "id": "libcore:1:dash:drkvjRZYg2rR6Uq3MF7pgyZztASydYa9H2HQDvd4fsA5VjDvswdNnp3jeCft3i65QKR9rnPEkVHnquLeyyUjLQa8cRdkmF3WEgvN9KEPTYUM4V4:",
  "seedIdentifier": "044e5627b290a0fba7dfb479e105a748cf8bc77372ee42d9d6834746cc59d57799aadb0083551e032457ef455aa0b5774787d41356ae7a851dcf2886f7de9277be",
  "xpub": "drkvjRZYg2rR6Uq3MF7pgyZztASydYa9H2HQDvd4fsA5VjDvswdNnp3jeCft3i65QKR9rnPEkVHnquLeyyUjLQa8cRdkmF3WEgvN9KEPTYUM4V4",
  "derivationMode": "",
  "index": 0,
  "freshAddress": "XrWaAUFcz7CvGS6gWGQfHv9JkX71Cz7yMa",
  "freshAddressPath": "44'/5'/0'/0/12",
  "name": "Dash 1",
  "pendingOperations": [],
  "currencyId": "dash",
  "unitMagnitude": 8,
  "balance": "0"
}
{
  "id": "libcore:1:dash:drkvjRZYg2rR6Uq3QBydcQTg6HgMe3FSA8sdSvtoNELHHj77xEF5twkqzWA2K9F9YwXdd5KMZ4fpRKwWjpmBSinmEQBzPyDk931rEHyvsPR4prd:",
  "seedIdentifier": "044e5627b290a0fba7dfb479e105a748cf8bc77372ee42d9d6834746cc59d57799aadb0083551e032457ef455aa0b5774787d41356ae7a851dcf2886f7de9277be",
  "xpub": "drkvjRZYg2rR6Uq3QBydcQTg6HgMe3FSA8sdSvtoNELHHj77xEF5twkqzWA2K9F9YwXdd5KMZ4fpRKwWjpmBSinmEQBzPyDk931rEHyvsPR4prd",
  "derivationMode": "",
  "index": 1,
  "freshAddress": "XoD5NGkBhVi2sBLjCy5Eb1BKtfCXkfAMgK",
  "freshAddressPath": "44'/5'/1'/0/20",
  "name": "Dash 2",
  "pendingOperations": [],
  "currencyId": "dash",
  "unitMagnitude": 8,
  "balance": "23246"
}
{
  "id": "libcore:1:dash:drkvjRZYg2rR6Uq3UHJ2rhq5wiANaATPNcreeFzcBRLLAuDvAtkr3jeuLkSFVcNBvPh5cRCC427N6zecnMFhBL8YoVpePdWx8dtiMucsPH1iYbV:",
  "seedIdentifier": "044e5627b290a0fba7dfb479e105a748cf8bc77372ee42d9d6834746cc59d57799aadb0083551e032457ef455aa0b5774787d41356ae7a851dcf2886f7de9277be",
  "xpub": "drkvjRZYg2rR6Uq3UHJ2rhq5wiANaATPNcreeFzcBRLLAuDvAtkr3jeuLkSFVcNBvPh5cRCC427N6zecnMFhBL8YoVpePdWx8dtiMucsPH1iYbV",
  "derivationMode": "",
  "index": 2,
  "freshAddress": "XdoeC9weQu9z5iXpMntp85URprq5QLfmQG",
  "freshAddressPath": "44'/5'/2'/0/11",
  "name": "Dash 3",
  "pendingOperations": [],
  "currencyId": "dash",
  "unitMagnitude": 8,
  "balance": "0"
}
{
  "id": "libcore:1:dash:drkvjRZYg2rR6Uq3VizKQQMAi9HhMxf4JRS47UqdehgJdw9hp8wUxNmKvccYyDrtvt5aZvJRQZ6EatMyVfa7EKANvsVduhcFFfTR7sy2ecdo8pd:",
  "seedIdentifier": "044e5627b290a0fba7dfb479e105a748cf8bc77372ee42d9d6834746cc59d57799aadb0083551e032457ef455aa0b5774787d41356ae7a851dcf2886f7de9277be",
  "xpub": "drkvjRZYg2rR6Uq3VizKQQMAi9HhMxf4JRS47UqdehgJdw9hp8wUxNmKvccYyDrtvt5aZvJRQZ6EatMyVfa7EKANvsVduhcFFfTR7sy2ecdo8pd",
  "derivationMode": "",
  "index": 3,
  "freshAddress": "XbkXCusCUdivGZvwA63RQ9rCvt6cDSv1Ld",
  "freshAddressPath": "44'/5'/3'/0/0",
  "name": "Dash 4",
  "pendingOperations": [],
  "currencyId": "dash",
  "unitMagnitude": 8,
  "balance": "0"
}
