{ name: 'Decred', version: '1.3.8', flags: <Buffer 00> }
