{
  "id": "libcore:1:dogecoin:dgub8sjYrm7Q6cwnN6mmiAwQvfM3S758dGqH9kuEjpCVbH24hrHv7a8FinPkZhbCZYsNhveQ15jK4rGZE74CT3X1Gyzyd9qJRTmnqyCrcwR5GCw:-02e839d0e5125f4be22ffd393542f82bbbc873cc32c112134efb4e10b2be4f5e-IN",
  "type": "IN",
  "senders": [
    "DGUiAwy1i8bpbjREq4ocbiMkbhfNJ87iXn"
  ],
  "recipients": [
    "D8UgqtPQK2SVUzE54uk23ptwahaSv8ELBL"
  ],
  "blockHeight": 2388066,
  "blockHash": null,
  "accountId": "libcore:1:dogecoin:dgub8sjYrm7Q6cwnN6mmiAwQvfM3S758dGqH9kuEjpCVbH24hrHv7a8FinPkZhbCZYsNhveQ15jK4rGZE74CT3X1Gyzyd9qJRTmnqyCrcwR5GCw:",
  "extra": {},
  "hash": "02e839d0e5125f4be22ffd393542f82bbbc873cc32c112134efb4e10b2be4f5e",
  "value": "20000000000",
  "fee": "226000"
}
{
  "id": "libcore:1:dogecoin:dgub8sjYrm7Q6cwnN6mmiAwQvfM3S758dGqH9kuEjpCVbH24hrHv7a8FinPkZhbCZYsNhveQ15jK4rGZE74CT3X1Gyzyd9qJRTmnqyCrcwR5GCw:-02e839d0e5125f4be22ffd393542f82bbbc873cc32c112134efb4e10b2be4f5e-OUT",
  "type": "OUT",
  "senders": [
    "DGUiAwy1i8bpbjREq4ocbiMkbhfNJ87iXn"
  ],
  "recipients": [
    "D8UgqtPQK2SVUzE54uk23ptwahaSv8ELBL"
  ],
  "blockHeight": 2388066,
  "blockHash": null,
  "accountId": "libcore:1:dogecoin:dgub8sjYrm7Q6cwnN6mmiAwQvfM3S758dGqH9kuEjpCVbH24hrHv7a8FinPkZhbCZYsNhveQ15jK4rGZE74CT3X1Gyzyd9qJRTmnqyCrcwR5GCw:",
  "extra": {},
  "hash": "02e839d0e5125f4be22ffd393542f82bbbc873cc32c112134efb4e10b2be4f5e",
  "value": "20000226000",
  "fee": "226000"
}
{
  "id": "libcore:1:dogecoin:dgub8sjYrm7Q6cwnN6mmiAwQvfM3S758dGqH9kuEjpCVbH24hrHv7a8FinPkZhbCZYsNhveQ15jK4rGZE74CT3X1Gyzyd9qJRTmnqyCrcwR5GCw:-0c911a9ed6bc81fefd4877f4c46b2ff6ee7fa9db6a2cabd608d809fb66807826-OUT",
  "type": "OUT",
  "senders": [
    "D73w25XWF2U2ZHV3D8R8CJQR8EJTQWir48"
  ],
  "recipients": [
    "DBnwJLQJxVW5juek5P6vD176wSpm7AWSwo"
  ],
  "blockHeight": 2572122,
  "blockHash": null,
  "accountId": "libcore:1:dogecoin:dgub8sjYrm7Q6cwnN6mmiAwQvfM3S758dGqH9kuEjpCVbH24hrHv7a8FinPkZhbCZYsNhveQ15jK4rGZE74CT3X1Gyzyd9qJRTmnqyCrcwR5GCw:",
  "extra": {},
  "hash": "0c911a9ed6bc81fefd4877f4c46b2ff6ee7fa9db6a2cabd608d809fb66807826",
  "value": "7002260000",
  "fee": "2260000"
}
{
  "id": "libcore:1:dogecoin:dgub8sjYrm7Q6cwnN6mmiAwQvfM3S758dGqH9kuEjpCVbH24hrHv7a8FinPkZhbCZYsNhveQ15jK4rGZE74CT3X1Gyzyd9qJRTmnqyCrcwR5GCw:-0cebad210b8ebe8b6844c57f2bcd9beb4e3899cfe7c80f53b97f123c9fe348fa-IN",
  "type": "IN",
  "senders": [
    "DQbLHCq5PiBPEAhNGoZt6tdwBwY5LjhcVy"
  ],
  "recipients": [
    "DFpCRSw2FbtwXWRCJ7NefU9G31dLzwyRGP"
  ],
  "blockHeight": 2639803,
  "blockHash": null,
  "accountId": "libcore:1:dogecoin:dgub8sjYrm7Q6cwnN6mmiAwQvfM3S758dGqH9kuEjpCVbH24hrHv7a8FinPkZhbCZYsNhveQ15jK4rGZE74CT3X1Gyzyd9qJRTmnqyCrcwR5GCw:",
  "extra": {},
  "hash": "0cebad210b8ebe8b6844c57f2bcd9beb4e3899cfe7c80f53b97f123c9fe348fa",
  "value": "94300000",
  "fee": "2001320"
}
{
  "id": "libcore:1:dogecoin:dgub8sjYrm7Q6cwnN6mmiAwQvfM3S758dGqH9kuEjpCVbH24hrHv7a8FinPkZhbCZYsNhveQ15jK4rGZE74CT3X1Gyzyd9qJRTmnqyCrcwR5GCw:-18871c08e5350a224913696fa9cf2d332d8b3992cd14436942fbb9b3df9e84d5-OUT",
  "type": "OUT",
  "senders": [
    "DMK6PYDJ5QJb97wagrtipcZHvftvAGQJU4",
    "DFpCRSw2FbtwXWRCJ7NefU9G31dLzwyRGP",
    "DBCaZsx8HeT12d4cqd2RQRr62RLQ6XPz3y",
    "DKUq32TVmb5KeofLukBjsZ2HmoNC9iCcAy"
  ],
  "recipients": [
    "DAfbcDmVuEjqiFwv6itJTESCUzk8P4H2wE"
  ],
  "blockHeight": 2674714,
  "blockHash": null,
  "accountId": "libcore:1:dogecoin:dgub8sjYrm7Q6cwnN6mmiAwQvfM3S758dGqH9kuEjpCVbH24hrHv7a8FinPkZhbCZYsNhveQ15jK4rGZE74CT3X1Gyzyd9qJRTmnqyCrcwR5GCw:",
  "extra": {},
  "hash": "18871c08e5350a224913696fa9cf2d332d8b3992cd14436942fbb9b3df9e84d5",
  "value": "8504336260",
  "fee": "636000"
}
{
  "id": "libcore:1:dogecoin:dgub8sjYrm7Q6cwnN6mmiAwQvfM3S758dGqH9kuEjpCVbH24hrHv7a8FinPkZhbCZYsNhveQ15jK4rGZE74CT3X1Gyzyd9qJRTmnqyCrcwR5GCw:-1a6d41c149dedd4f5d236ef05790e975c54e7fe39b132ba86ea5056bf5d03348-OUT",
  "type": "OUT",
  "senders": [
    "DNiwwHnYTAhajuBh6DKtXL54JrjtUEwGPP",
    "DQ57BuZpzVgM3erTeQwrNs5azKDfJbJBRh",
    "DKrouDuGxo6UAWXPCS3BFTaKnTD5181xJc",
    "DKdtdHh6GZZftXUGqvLVY67Quu7WRfDSFs"
  ],
  "recipients": [
    "DCMnAUyZWrzspujFJHtGrE1jwQpZzTgc7y"
  ],
  "blockHeight": 2443169,
  "blockHash": null,
  "accountId": "libcore:1:dogecoin:dgub8sjYrm7Q6cwnN6mmiAwQvfM3S758dGqH9kuEjpCVbH24hrHv7a8FinPkZhbCZYsNhveQ15jK4rGZE74CT3X1Gyzyd9qJRTmnqyCrcwR5GCw:",
  "extra": {},
  "hash": "1a6d41c149dedd4f5d236ef05790e975c54e7fe39b132ba86ea5056bf5d03348",
  "value": "49924734000",
  "fee": "64734000"
}
{
  "id": "libcore:1:dogecoin:dgub8sjYrm7Q6cwnN6mmiAwQvfM3S758dGqH9kuEjpCVbH24hrHv7a8FinPkZhbCZYsNhveQ15jK4rGZE74CT3X1Gyzyd9qJRTmnqyCrcwR5GCw:-24692fe1797b9f194e61a121d74fca4b2c4c1bda0f9466c86927fb3b7464d40b-OUT",
  "type": "OUT",
  "senders": [
    "DQmYtJmrkDbyvdfunYpw6iDBtp9u5oMt5m"
  ],
  "recipients": [
    "DEWsfeVYUgnfBh8kUNUtf3Zcbmz2WRaR5R"
  ],
  "blockHeight": 2577656,
  "blockHash": null,
  "accountId": "libcore:1:dogecoin:dgub8sjYrm7Q6cwnN6mmiAwQvfM3S758dGqH9kuEjpCVbH24hrHv7a8FinPkZhbCZYsNhveQ15jK4rGZE74CT3X1Gyzyd9qJRTmnqyCrcwR5GCw:",
  "extra": {},
  "hash": "24692fe1797b9f194e61a121d74fca4b2c4c1bda0f9466c86927fb3b7464d40b",
  "value": "8000000000",
  "fee": "19200000"
}
{
  "id": "libcore:1:dogecoin:dgub8sjYrm7Q6cwnN6mmiAwQvfM3S758dGqH9kuEjpCVbH24hrHv7a8FinPkZhbCZYsNhveQ15jK4rGZE74CT3X1Gyzyd9qJRTmnqyCrcwR5GCw:-3b8756773affcf18144496bd0bdf50396a1d317c21ad12c0908af71eb76b672c-IN",
  "type": "IN",
  "senders": [
    "DJRfrNRggYsrg9PMJG9LAtx8USdsNduKYN",
    "DMYAZbx821s4iw6eRyDBSFyagtNEv7My6t"
  ],
  "recipients": [
    "DBCaZsx8HeT12d4cqd2RQRr62RLQ6XPz3y"
  ],
  "blockHeight": 2657756,
  "blockHash": null,
  "accountId": "libcore:1:dogecoin:dgub8sjYrm7Q6cwnN6mmiAwQvfM3S758dGqH9kuEjpCVbH24hrHv7a8FinPkZhbCZYsNhveQ15jK4rGZE74CT3X1Gyzyd9qJRTmnqyCrcwR5GCw:",
  "extra": {},
  "hash": "3b8756773affcf18144496bd0bdf50396a1d317c21ad12c0908af71eb76b672c",
  "value": "1000000000",
  "fee": "3740"
}
{
  "id": "libcore:1:dogecoin:dgub8sjYrm7Q6cwnN6mmiAwQvfM3S758dGqH9kuEjpCVbH24hrHv7a8FinPkZhbCZYsNhveQ15jK4rGZE74CT3X1Gyzyd9qJRTmnqyCrcwR5GCw:-3b8756773affcf18144496bd0bdf50396a1d317c21ad12c0908af71eb76b672c-OUT",
  "type": "OUT",
  "senders": [
    "DJRfrNRggYsrg9PMJG9LAtx8USdsNduKYN",
    "DMYAZbx821s4iw6eRyDBSFyagtNEv7My6t"
  ],
  "recipients": [
    "DBCaZsx8HeT12d4cqd2RQRr62RLQ6XPz3y"
  ],
  "blockHeight": 2657756,
  "blockHash": null,
  "accountId": "libcore:1:dogecoin:dgub8sjYrm7Q6cwnN6mmiAwQvfM3S758dGqH9kuEjpCVbH24hrHv7a8FinPkZhbCZYsNhveQ15jK4rGZE74CT3X1Gyzyd9qJRTmnqyCrcwR5GCw:",
  "extra": {},
  "hash": "3b8756773affcf18144496bd0bdf50396a1d317c21ad12c0908af71eb76b672c",
  "value": "1000003740",
  "fee": "3740"
}
{
  "id": "libcore:1:dogecoin:dgub8sjYrm7Q6cwnN6mmiAwQvfM3S758dGqH9kuEjpCVbH24hrHv7a8FinPkZhbCZYsNhveQ15jK4rGZE74CT3X1Gyzyd9qJRTmnqyCrcwR5GCw:-4e3f4126a76287b0e2d2b22317302317a07bb39fd0cfe76ef8ff3dcea6d7e15e-IN",
  "type": "IN",
  "senders": [
    "DL6Acit9vxP8DF65CZH6pJnBfqxvyrjPZF",
    "D954WMxj5tdjhncpjHPB1YkHpd1CjNLq5V",
    "DEWsfeVYUgnfBh8kUNUtf3Zcbmz2WRaR5R"
  ],
  "recipients": [
    "D7iwk8DMZimLrYDaJBnLXjABcmjCfHWLjr",
    "DFxuK1nE7wsmQDQghe5qULoow7MxEawFiB"
  ],
  "blockHeight": 2578802,
  "blockHash": null,
  "accountId": "libcore:1:dogecoin:dgub8sjYrm7Q6cwnN6mmiAwQvfM3S758dGqH9kuEjpCVbH24hrHv7a8FinPkZhbCZYsNhveQ15jK4rGZE74CT3X1Gyzyd9qJRTmnqyCrcwR5GCw:",
  "extra": {},
  "hash": "4e3f4126a76287b0e2d2b22317302317a07bb39fd0cfe76ef8ff3dcea6d7e15e",
  "value": "8000000000",
  "fee": "5220000"
}
{
  "id": "libcore:1:dogecoin:dgub8sjYrm7Q6cwnN6mmiAwQvfM3S758dGqH9kuEjpCVbH24hrHv7a8FinPkZhbCZYsNhveQ15jK4rGZE74CT3X1Gyzyd9qJRTmnqyCrcwR5GCw:-6926d90e1395c9785683561c6c8828d39fcb46c3600886d53d36a52dc9c09498-IN",
  "type": "IN",
  "senders": [
    "D8UgqtPQK2SVUzE54uk23ptwahaSv8ELBL",
    "D7EzUCi16sRsTUgTcdLamixecerqakHbxu"
  ],
  "recipients": [
    "DMufLMpUXsFMtNDZmM2ZyJtaeYr8rpbXod"
  ],
  "blockHeight": 2389358,
  "blockHash": null,
  "accountId": "libcore:1:dogecoin:dgub8sjYrm7Q6cwnN6mmiAwQvfM3S758dGqH9kuEjpCVbH24hrHv7a8FinPkZhbCZYsNhveQ15jK4rGZE74CT3X1Gyzyd9qJRTmnqyCrcwR5GCw:",
  "extra": {},
  "hash": "6926d90e1395c9785683561c6c8828d39fcb46c3600886d53d36a52dc9c09498",
  "value": "20000000000",
  "fee": "3740000"
}
{
  "id": "libcore:1:dogecoin:dgub8sjYrm7Q6cwnN6mmiAwQvfM3S758dGqH9kuEjpCVbH24hrHv7a8FinPkZhbCZYsNhveQ15jK4rGZE74CT3X1Gyzyd9qJRTmnqyCrcwR5GCw:-6926d90e1395c9785683561c6c8828d39fcb46c3600886d53d36a52dc9c09498-OUT",
  "type": "OUT",
  "senders": [
    "D8UgqtPQK2SVUzE54uk23ptwahaSv8ELBL",
    "D7EzUCi16sRsTUgTcdLamixecerqakHbxu"
  ],
  "recipients": [
    "DMufLMpUXsFMtNDZmM2ZyJtaeYr8rpbXod"
  ],
  "blockHeight": 2389358,
  "blockHash": null,
  "accountId": "libcore:1:dogecoin:dgub8sjYrm7Q6cwnN6mmiAwQvfM3S758dGqH9kuEjpCVbH24hrHv7a8FinPkZhbCZYsNhveQ15jK4rGZE74CT3X1Gyzyd9qJRTmnqyCrcwR5GCw:",
  "extra": {},
  "hash": "6926d90e1395c9785683561c6c8828d39fcb46c3600886d53d36a52dc9c09498",
  "value": "20003740000",
  "fee": "3740000"
}
{
  "id": "libcore:1:dogecoin:dgub8sjYrm7Q6cwnN6mmiAwQvfM3S758dGqH9kuEjpCVbH24hrHv7a8FinPkZhbCZYsNhveQ15jK4rGZE74CT3X1Gyzyd9qJRTmnqyCrcwR5GCw:-6a07105946d23e29e5c05011d66c37da5c63fe687649d06f9f422f2af77d0268-IN",
  "type": "IN",
  "senders": [
    "DL4sKzwCqzr6kzCLwcto9o1pbRuWJWwENi"
  ],
  "recipients": [
    "DNiwwHnYTAhajuBh6DKtXL54JrjtUEwGPP"
  ],
  "blockHeight": 2413123,
  "blockHash": null,
  "accountId": "libcore:1:dogecoin:dgub8sjYrm7Q6cwnN6mmiAwQvfM3S758dGqH9kuEjpCVbH24hrHv7a8FinPkZhbCZYsNhveQ15jK4rGZE74CT3X1Gyzyd9qJRTmnqyCrcwR5GCw:",
  "extra": {},
  "hash": "6a07105946d23e29e5c05011d66c37da5c63fe687649d06f9f422f2af77d0268",
  "value": "5000000000",
  "fee": "22600000"
}
{
  "id": "libcore:1:dogecoin:dgub8sjYrm7Q6cwnN6mmiAwQvfM3S758dGqH9kuEjpCVbH24hrHv7a8FinPkZhbCZYsNhveQ15jK4rGZE74CT3X1Gyzyd9qJRTmnqyCrcwR5GCw:-6a07105946d23e29e5c05011d66c37da5c63fe687649d06f9f422f2af77d0268-OUT",
  "type": "OUT",
  "senders": [
    "DL4sKzwCqzr6kzCLwcto9o1pbRuWJWwENi"
  ],
  "recipients": [
    "DNiwwHnYTAhajuBh6DKtXL54JrjtUEwGPP"
  ],
  "blockHeight": 2413123,
  "blockHash": null,
  "accountId": "libcore:1:dogecoin:dgub8sjYrm7Q6cwnN6mmiAwQvfM3S758dGqH9kuEjpCVbH24hrHv7a8FinPkZhbCZYsNhveQ15jK4rGZE74CT3X1Gyzyd9qJRTmnqyCrcwR5GCw:",
  "extra": {},
  "hash": "6a07105946d23e29e5c05011d66c37da5c63fe687649d06f9f422f2af77d0268",
  "value": "5022600000",
  "fee": "22600000"
}
{
  "id": "libcore:1:dogecoin:dgub8sjYrm7Q6cwnN6mmiAwQvfM3S758dGqH9kuEjpCVbH24hrHv7a8FinPkZhbCZYsNhveQ15jK4rGZE74CT3X1Gyzyd9qJRTmnqyCrcwR5GCw:-79bf4da0ab2b1f451c904b50604801c39d39b4dfef935e6f3137bc61f7e29756-IN",
  "type": "IN",
  "senders": [
    "DMKLpiPzw6nscJVMPbLmRKQpteFaZYbDU4",
    "DBnwJLQJxVW5juek5P6vD176wSpm7AWSwo"
  ],
  "recipients": [
    "DQmYtJmrkDbyvdfunYpw6iDBtp9u5oMt5m",
    "D954WMxj5tdjhncpjHPB1YkHpd1CjNLq5V"
  ],
  "blockHeight": 2577653,
  "blockHash": null,
  "accountId": "libcore:1:dogecoin:dgub8sjYrm7Q6cwnN6mmiAwQvfM3S758dGqH9kuEjpCVbH24hrHv7a8FinPkZhbCZYsNhveQ15jK4rGZE74CT3X1Gyzyd9qJRTmnqyCrcwR5GCw:",
  "extra": {},
  "hash": "79bf4da0ab2b1f451c904b50604801c39d39b4dfef935e6f3137bc61f7e29756",
  "value": "8000000000",
  "fee": "374000"
}
{
  "id": "libcore:1:dogecoin:dgub8sjYrm7Q6cwnN6mmiAwQvfM3S758dGqH9kuEjpCVbH24hrHv7a8FinPkZhbCZYsNhveQ15jK4rGZE74CT3X1Gyzyd9qJRTmnqyCrcwR5GCw:-7b0741adbe829df230a66b11779fe85b73477e72b4d65873059912d60ca2fcf3-IN",
  "type": "IN",
  "senders": [
    "DSfsVhZK23hZkhz4HpM6XG1VXFiVVuhnZE",
    "DTsooGWoe3RuHwnSXztjMVVMoDjdDEYjsH"
  ],
  "recipients": [
    "DKrouDuGxo6UAWXPCS3BFTaKnTD5181xJc"
  ],
  "blockHeight": 2417042,
  "blockHash": null,
  "accountId": "libcore:1:dogecoin:dgub8sjYrm7Q6cwnN6mmiAwQvfM3S758dGqH9kuEjpCVbH24hrHv7a8FinPkZhbCZYsNhveQ15jK4rGZE74CT3X1Gyzyd9qJRTmnqyCrcwR5GCw:",
  "extra": {},
  "hash": "7b0741adbe829df230a66b11779fe85b73477e72b4d65873059912d60ca2fcf3",
  "value": "10000000000",
  "fee": "37400000"
}
{
  "id": "libcore:1:dogecoin:dgub8sjYrm7Q6cwnN6mmiAwQvfM3S758dGqH9kuEjpCVbH24hrHv7a8FinPkZhbCZYsNhveQ15jK4rGZE74CT3X1Gyzyd9qJRTmnqyCrcwR5GCw:-7b0741adbe829df230a66b11779fe85b73477e72b4d65873059912d60ca2fcf3-OUT",
  "type": "OUT",
  "senders": [
    "DSfsVhZK23hZkhz4HpM6XG1VXFiVVuhnZE",
    "DTsooGWoe3RuHwnSXztjMVVMoDjdDEYjsH"
  ],
  "recipients": [
    "DKrouDuGxo6UAWXPCS3BFTaKnTD5181xJc"
  ],
  "blockHeight": 2417042,
  "blockHash": null,
  "accountId": "libcore:1:dogecoin:dgub8sjYrm7Q6cwnN6mmiAwQvfM3S758dGqH9kuEjpCVbH24hrHv7a8FinPkZhbCZYsNhveQ15jK4rGZE74CT3X1Gyzyd9qJRTmnqyCrcwR5GCw:",
  "extra": {},
  "hash": "7b0741adbe829df230a66b11779fe85b73477e72b4d65873059912d60ca2fcf3",
  "value": "10037400000",
  "fee": "37400000"
}
{
  "id": "libcore:1:dogecoin:dgub8sjYrm7Q6cwnN6mmiAwQvfM3S758dGqH9kuEjpCVbH24hrHv7a8FinPkZhbCZYsNhveQ15jK4rGZE74CT3X1Gyzyd9qJRTmnqyCrcwR5GCw:-7b68eec539b564873db89aac86849434e18cbbc031c69985dd81105ba143b859-IN",
  "type": "IN",
  "senders": [
    "DG7RmanQ37dnCistvgiTskBrhhWUbs2zda",
    "DS8XaQHv38nfQgqgbkQSycXRNX2q2bBwf9",
    "DMZoqSZeoZigpCAcbuBEp4QSVnPM72NLQ5",
    "DS6Tpx3hfWyCL2QFNb2Ym6CStQEVBAQnBY"
  ],
  "recipients": [
    "D73w25XWF2U2ZHV3D8R8CJQR8EJTQWir48",
    "DMKLpiPzw6nscJVMPbLmRKQpteFaZYbDU4"
  ],
  "blockHeight": 2570710,
  "blockHash": null,
  "accountId": "libcore:1:dogecoin:dgub8sjYrm7Q6cwnN6mmiAwQvfM3S758dGqH9kuEjpCVbH24hrHv7a8FinPkZhbCZYsNhveQ15jK4rGZE74CT3X1Gyzyd9qJRTmnqyCrcwR5GCw:",
  "extra": {},
  "hash": "7b68eec539b564873db89aac86849434e18cbbc031c69985dd81105ba143b859",
  "value": "7500000000",
  "fee": "6700000"
}
{
  "id": "libcore:1:dogecoin:dgub8sjYrm7Q6cwnN6mmiAwQvfM3S758dGqH9kuEjpCVbH24hrHv7a8FinPkZhbCZYsNhveQ15jK4rGZE74CT3X1Gyzyd9qJRTmnqyCrcwR5GCw:-800fb4fe10f017ce3c86ee54e4a522d715c1f9779a0b0bc09dfe12fe4e0dcb43-IN",
  "type": "IN",
  "senders": [
    "DAV72YDgfwCvjv6UdLuCyrFbSkq7NxffXn"
  ],
  "recipients": [
    "DGUiAwy1i8bpbjREq4ocbiMkbhfNJ87iXn",
    "DBpoRUz3gYFmisVKAMTLqRPjRzbrUTVJCy"
  ],
  "blockHeight": 2358947,
  "blockHash": null,
  "accountId": "libcore:1:dogecoin:dgub8sjYrm7Q6cwnN6mmiAwQvfM3S758dGqH9kuEjpCVbH24hrHv7a8FinPkZhbCZYsNhveQ15jK4rGZE74CT3X1Gyzyd9qJRTmnqyCrcwR5GCw:",
  "extra": {},
  "hash": "800fb4fe10f017ce3c86ee54e4a522d715c1f9779a0b0bc09dfe12fe4e0dcb43",
  "value": "50000000000",
  "fee": "22600000"
}
{
  "id": "libcore:1:dogecoin:dgub8sjYrm7Q6cwnN6mmiAwQvfM3S758dGqH9kuEjpCVbH24hrHv7a8FinPkZhbCZYsNhveQ15jK4rGZE74CT3X1Gyzyd9qJRTmnqyCrcwR5GCw:-805e1778f60b80edba12379023d87526825bcf50a9f07c362644b390aaf48b07-OUT",
  "type": "OUT",
  "senders": [
    "D5G4XHcdw6Y68AwwW1RZ3Kep78cCgLy8gr"
  ],
  "recipients": [
    "DL6Acit9vxP8DF65CZH6pJnBfqxvyrjPZF"
  ],
  "blockHeight": 2572125,
  "blockHash": null,
  "accountId": "libcore:1:dogecoin:dgub8sjYrm7Q6cwnN6mmiAwQvfM3S758dGqH9kuEjpCVbH24hrHv7a8FinPkZhbCZYsNhveQ15jK4rGZE74CT3X1Gyzyd9qJRTmnqyCrcwR5GCw:",
  "extra": {},
  "hash": "805e1778f60b80edba12379023d87526825bcf50a9f07c362644b390aaf48b07",
  "value": "497740000",
  "fee": "19740000"
}
{
  "id": "libcore:1:dogecoin:dgub8sjYrm7Q6cwnN6mmiAwQvfM3S758dGqH9kuEjpCVbH24hrHv7a8FinPkZhbCZYsNhveQ15jK4rGZE74CT3X1Gyzyd9qJRTmnqyCrcwR5GCw:-8703ef486de11c8f940292ee85c953cf5e7639debfdf9b932fe761a784909fc8-IN",
  "type": "IN",
  "senders": [
    "D7iwk8DMZimLrYDaJBnLXjABcmjCfHWLjr"
  ],
  "recipients": [
    "DMYAZbx821s4iw6eRyDBSFyagtNEv7My6t"
  ],
  "blockHeight": 2610561,
  "blockHash": null,
  "accountId": "libcore:1:dogecoin:dgub8sjYrm7Q6cwnN6mmiAwQvfM3S758dGqH9kuEjpCVbH24hrHv7a8FinPkZhbCZYsNhveQ15jK4rGZE74CT3X1Gyzyd9qJRTmnqyCrcwR5GCw:",
  "extra": {},
  "hash": "8703ef486de11c8f940292ee85c953cf5e7639debfdf9b932fe761a784909fc8",
  "value": "5632598400",
  "fee": "2260000"
}
{
  "id": "libcore:1:dogecoin:dgub8sjYrm7Q6cwnN6mmiAwQvfM3S758dGqH9kuEjpCVbH24hrHv7a8FinPkZhbCZYsNhveQ15jK4rGZE74CT3X1Gyzyd9qJRTmnqyCrcwR5GCw:-8703ef486de11c8f940292ee85c953cf5e7639debfdf9b932fe761a784909fc8-OUT",
  "type": "OUT",
  "senders": [
    "D7iwk8DMZimLrYDaJBnLXjABcmjCfHWLjr"
  ],
  "recipients": [
    "DMYAZbx821s4iw6eRyDBSFyagtNEv7My6t"
  ],
  "blockHeight": 2610561,
  "blockHash": null,
  "accountId": "libcore:1:dogecoin:dgub8sjYrm7Q6cwnN6mmiAwQvfM3S758dGqH9kuEjpCVbH24hrHv7a8FinPkZhbCZYsNhveQ15jK4rGZE74CT3X1Gyzyd9qJRTmnqyCrcwR5GCw:",
  "extra": {},
  "hash": "8703ef486de11c8f940292ee85c953cf5e7639debfdf9b932fe761a784909fc8",
  "value": "5634858400",
  "fee": "2260000"
}
{
  "id": "libcore:1:dogecoin:dgub8sjYrm7Q6cwnN6mmiAwQvfM3S758dGqH9kuEjpCVbH24hrHv7a8FinPkZhbCZYsNhveQ15jK4rGZE74CT3X1Gyzyd9qJRTmnqyCrcwR5GCw:-91c6c83f3537aeab891fca5ed69e830e4c06542e858a35b343b8ad1b5325345c-IN",
  "type": "IN",
  "senders": [
    "DFxuK1nE7wsmQDQghe5qULoow7MxEawFiB"
  ],
  "recipients": [
    "DJRfrNRggYsrg9PMJG9LAtx8USdsNduKYN",
    "DQbLHCq5PiBPEAhNGoZt6tdwBwY5LjhcVy"
  ],
  "blockHeight": 2579003,
  "blockHash": null,
  "accountId": "libcore:1:dogecoin:dgub8sjYrm7Q6cwnN6mmiAwQvfM3S758dGqH9kuEjpCVbH24hrHv7a8FinPkZhbCZYsNhveQ15jK4rGZE74CT3X1Gyzyd9qJRTmnqyCrcwR5GCw:",
  "extra": {},
  "hash": "91c6c83f3537aeab891fca5ed69e830e4c06542e858a35b343b8ad1b5325345c",
  "value": "412300000",
  "fee": "226000"
}
{
  "id": "libcore:1:dogecoin:dgub8sjYrm7Q6cwnN6mmiAwQvfM3S758dGqH9kuEjpCVbH24hrHv7a8FinPkZhbCZYsNhveQ15jK4rGZE74CT3X1Gyzyd9qJRTmnqyCrcwR5GCw:-d34db79884b3a50b74eaef7b10cade5d00d121687c3069ad8e630ef80a83bc4e-IN",
  "type": "IN",
  "senders": [
    "DMufLMpUXsFMtNDZmM2ZyJtaeYr8rpbXod"
  ],
  "recipients": [
    "DSfsVhZK23hZkhz4HpM6XG1VXFiVVuhnZE"
  ],
  "blockHeight": 2412963,
  "blockHash": null,
  "accountId": "libcore:1:dogecoin:dgub8sjYrm7Q6cwnN6mmiAwQvfM3S758dGqH9kuEjpCVbH24hrHv7a8FinPkZhbCZYsNhveQ15jK4rGZE74CT3X1Gyzyd9qJRTmnqyCrcwR5GCw:",
  "extra": {},
  "hash": "d34db79884b3a50b74eaef7b10cade5d00d121687c3069ad8e630ef80a83bc4e",
  "value": "10000000000",
  "fee": "11300000"
}
{
  "id": "libcore:1:dogecoin:dgub8sjYrm7Q6cwnN6mmiAwQvfM3S758dGqH9kuEjpCVbH24hrHv7a8FinPkZhbCZYsNhveQ15jK4rGZE74CT3X1Gyzyd9qJRTmnqyCrcwR5GCw:-d34db79884b3a50b74eaef7b10cade5d00d121687c3069ad8e630ef80a83bc4e-OUT",
  "type": "OUT",
  "senders": [
    "DMufLMpUXsFMtNDZmM2ZyJtaeYr8rpbXod"
  ],
  "recipients": [
    "DSfsVhZK23hZkhz4HpM6XG1VXFiVVuhnZE"
  ],
  "blockHeight": 2412963,
  "blockHash": null,
  "accountId": "libcore:1:dogecoin:dgub8sjYrm7Q6cwnN6mmiAwQvfM3S758dGqH9kuEjpCVbH24hrHv7a8FinPkZhbCZYsNhveQ15jK4rGZE74CT3X1Gyzyd9qJRTmnqyCrcwR5GCw:",
  "extra": {},
  "hash": "d34db79884b3a50b74eaef7b10cade5d00d121687c3069ad8e630ef80a83bc4e",
  "value": "10011300000",
  "fee": "11300000"
}
{
  "id": "libcore:1:dogecoin:dgub8sjYrm7Q6cwnPW9e2vHR4kq9EnuEyHViaKz12fnRrUD7xwacFX2bzJ71wa5qcNYEGdFVUGB5PUPR5QYNvJH1syUBseH1C7mrjvexfGiPKs1:-0c911a9ed6bc81fefd4877f4c46b2ff6ee7fa9db6a2cabd608d809fb66807826-IN",
  "type": "IN",
  "senders": [
    "D73w25XWF2U2ZHV3D8R8CJQR8EJTQWir48"
  ],
  "recipients": [
    "DBnwJLQJxVW5juek5P6vD176wSpm7AWSwo",
    "D5G4XHcdw6Y68AwwW1RZ3Kep78cCgLy8gr"
  ],
  "blockHeight": 2572122,
  "blockHash": null,
  "accountId": "libcore:1:dogecoin:dgub8sjYrm7Q6cwnPW9e2vHR4kq9EnuEyHViaKz12fnRrUD7xwacFX2bzJ71wa5qcNYEGdFVUGB5PUPR5QYNvJH1syUBseH1C7mrjvexfGiPKs1:",
  "extra": {},
  "hash": "0c911a9ed6bc81fefd4877f4c46b2ff6ee7fa9db6a2cabd608d809fb66807826",
  "value": "7000000000",
  "fee": "2260000"
}
{
  "id": "libcore:1:dogecoin:dgub8sjYrm7Q6cwnPW9e2vHR4kq9EnuEyHViaKz12fnRrUD7xwacFX2bzJ71wa5qcNYEGdFVUGB5PUPR5QYNvJH1syUBseH1C7mrjvexfGiPKs1:-0cebad210b8ebe8b6844c57f2bcd9beb4e3899cfe7c80f53b97f123c9fe348fa-OUT",
  "type": "OUT",
  "senders": [
    "DQbLHCq5PiBPEAhNGoZt6tdwBwY5LjhcVy"
  ],
  "recipients": [
    "DFpCRSw2FbtwXWRCJ7NefU9G31dLzwyRGP"
  ],
  "blockHeight": 2639803,
  "blockHash": null,
  "accountId": "libcore:1:dogecoin:dgub8sjYrm7Q6cwnPW9e2vHR4kq9EnuEyHViaKz12fnRrUD7xwacFX2bzJ71wa5qcNYEGdFVUGB5PUPR5QYNvJH1syUBseH1C7mrjvexfGiPKs1:",
  "extra": {},
  "hash": "0cebad210b8ebe8b6844c57f2bcd9beb4e3899cfe7c80f53b97f123c9fe348fa",
  "value": "96301320",
  "fee": "2001320"
}
{
  "id": "libcore:1:dogecoin:dgub8sjYrm7Q6cwnPW9e2vHR4kq9EnuEyHViaKz12fnRrUD7xwacFX2bzJ71wa5qcNYEGdFVUGB5PUPR5QYNvJH1syUBseH1C7mrjvexfGiPKs1:-1a6d41c149dedd4f5d236ef05790e975c54e7fe39b132ba86ea5056bf5d03348-IN",
  "type": "IN",
  "senders": [
    "DNiwwHnYTAhajuBh6DKtXL54JrjtUEwGPP",
    "DQ57BuZpzVgM3erTeQwrNs5azKDfJbJBRh",
    "DKrouDuGxo6UAWXPCS3BFTaKnTD5181xJc",
    "DKdtdHh6GZZftXUGqvLVY67Quu7WRfDSFs"
  ],
  "recipients": [
    "DCMnAUyZWrzspujFJHtGrE1jwQpZzTgc7y"
  ],
  "blockHeight": 2443169,
  "blockHash": null,
  "accountId": "libcore:1:dogecoin:dgub8sjYrm7Q6cwnPW9e2vHR4kq9EnuEyHViaKz12fnRrUD7xwacFX2bzJ71wa5qcNYEGdFVUGB5PUPR5QYNvJH1syUBseH1C7mrjvexfGiPKs1:",
  "extra": {},
  "hash": "1a6d41c149dedd4f5d236ef05790e975c54e7fe39b132ba86ea5056bf5d03348",
  "value": "49860000000",
  "fee": "64734000"
}
{
  "id": "libcore:1:dogecoin:dgub8sjYrm7Q6cwnPW9e2vHR4kq9EnuEyHViaKz12fnRrUD7xwacFX2bzJ71wa5qcNYEGdFVUGB5PUPR5QYNvJH1syUBseH1C7mrjvexfGiPKs1:-24692fe1797b9f194e61a121d74fca4b2c4c1bda0f9466c86927fb3b7464d40b-IN",
  "type": "IN",
  "senders": [
    "DQmYtJmrkDbyvdfunYpw6iDBtp9u5oMt5m"
  ],
  "recipients": [
    "DEWsfeVYUgnfBh8kUNUtf3Zcbmz2WRaR5R"
  ],
  "blockHeight": 2577656,
  "blockHash": null,
  "accountId": "libcore:1:dogecoin:dgub8sjYrm7Q6cwnPW9e2vHR4kq9EnuEyHViaKz12fnRrUD7xwacFX2bzJ71wa5qcNYEGdFVUGB5PUPR5QYNvJH1syUBseH1C7mrjvexfGiPKs1:",
  "extra": {},
  "hash": "24692fe1797b9f194e61a121d74fca4b2c4c1bda0f9466c86927fb3b7464d40b",
  "value": "7980800000",
  "fee": "19200000"
}
{
  "id": "libcore:1:dogecoin:dgub8sjYrm7Q6cwnPW9e2vHR4kq9EnuEyHViaKz12fnRrUD7xwacFX2bzJ71wa5qcNYEGdFVUGB5PUPR5QYNvJH1syUBseH1C7mrjvexfGiPKs1:-25b08ef793e0438df8e814e51c0aa5ec690d7597b854304bc578ea6974284654-IN",
  "type": "IN",
  "senders": [
    "DP4sdy6NGScKZh1WnHsNoHN8NxAKVghmMN"
  ],
  "recipients": [
    "DG7RmanQ37dnCistvgiTskBrhhWUbs2zda"
  ],
  "blockHeight": 2522285,
  "blockHash": null,
  "accountId": "libcore:1:dogecoin:dgub8sjYrm7Q6cwnPW9e2vHR4kq9EnuEyHViaKz12fnRrUD7xwacFX2bzJ71wa5qcNYEGdFVUGB5PUPR5QYNvJH1syUBseH1C7mrjvexfGiPKs1:",
  "extra": {},
  "hash": "25b08ef793e0438df8e814e51c0aa5ec690d7597b854304bc578ea6974284654",
  "value": "1000000000",
  "fee": "22600"
}
{
  "id": "libcore:1:dogecoin:dgub8sjYrm7Q6cwnPW9e2vHR4kq9EnuEyHViaKz12fnRrUD7xwacFX2bzJ71wa5qcNYEGdFVUGB5PUPR5QYNvJH1syUBseH1C7mrjvexfGiPKs1:-25b08ef793e0438df8e814e51c0aa5ec690d7597b854304bc578ea6974284654-OUT",
  "type": "OUT",
  "senders": [
    "DP4sdy6NGScKZh1WnHsNoHN8NxAKVghmMN"
  ],
  "recipients": [
    "DG7RmanQ37dnCistvgiTskBrhhWUbs2zda"
  ],
  "blockHeight": 2522285,
  "blockHash": null,
  "accountId": "libcore:1:dogecoin:dgub8sjYrm7Q6cwnPW9e2vHR4kq9EnuEyHViaKz12fnRrUD7xwacFX2bzJ71wa5qcNYEGdFVUGB5PUPR5QYNvJH1syUBseH1C7mrjvexfGiPKs1:",
  "extra": {},
  "hash": "25b08ef793e0438df8e814e51c0aa5ec690d7597b854304bc578ea6974284654",
  "value": "1000022600",
  "fee": "22600"
}
{
  "id": "libcore:1:dogecoin:dgub8sjYrm7Q6cwnPW9e2vHR4kq9EnuEyHViaKz12fnRrUD7xwacFX2bzJ71wa5qcNYEGdFVUGB5PUPR5QYNvJH1syUBseH1C7mrjvexfGiPKs1:-28af638215e8e7971ab524ad100fed399b90f61713340162c2ee825917e78053-OUT",
  "type": "OUT",
  "senders": [
    "DFwX5UjminoxcDMF2FxRGWL8vQMGcrkJZw"
  ],
  "recipients": [
    "DJyW8YUBFNa7juxhDroAA322ZCEiVcqo55"
  ],
  "blockHeight": 2466851,
  "blockHash": null,
  "accountId": "libcore:1:dogecoin:dgub8sjYrm7Q6cwnPW9e2vHR4kq9EnuEyHViaKz12fnRrUD7xwacFX2bzJ71wa5qcNYEGdFVUGB5PUPR5QYNvJH1syUBseH1C7mrjvexfGiPKs1:",
  "extra": {},
  "hash": "28af638215e8e7971ab524ad100fed399b90f61713340162c2ee825917e78053",
  "value": "19000226000",
  "fee": "226000"
}
{
  "id": "libcore:1:dogecoin:dgub8sjYrm7Q6cwnPW9e2vHR4kq9EnuEyHViaKz12fnRrUD7xwacFX2bzJ71wa5qcNYEGdFVUGB5PUPR5QYNvJH1syUBseH1C7mrjvexfGiPKs1:-4e3f4126a76287b0e2d2b22317302317a07bb39fd0cfe76ef8ff3dcea6d7e15e-OUT",
  "type": "OUT",
  "senders": [
    "DL6Acit9vxP8DF65CZH6pJnBfqxvyrjPZF",
    "D954WMxj5tdjhncpjHPB1YkHpd1CjNLq5V",
    "DEWsfeVYUgnfBh8kUNUtf3Zcbmz2WRaR5R"
  ],
  "recipients": [
    "D7iwk8DMZimLrYDaJBnLXjABcmjCfHWLjr"
  ],
  "blockHeight": 2578802,
  "blockHash": null,
  "accountId": "libcore:1:dogecoin:dgub8sjYrm7Q6cwnPW9e2vHR4kq9EnuEyHViaKz12fnRrUD7xwacFX2bzJ71wa5qcNYEGdFVUGB5PUPR5QYNvJH1syUBseH1C7mrjvexfGiPKs1:",
  "extra": {},
  "hash": "4e3f4126a76287b0e2d2b22317302317a07bb39fd0cfe76ef8ff3dcea6d7e15e",
  "value": "8005220000",
  "fee": "5220000"
}
{
  "id": "libcore:1:dogecoin:dgub8sjYrm7Q6cwnPW9e2vHR4kq9EnuEyHViaKz12fnRrUD7xwacFX2bzJ71wa5qcNYEGdFVUGB5PUPR5QYNvJH1syUBseH1C7mrjvexfGiPKs1:-4f950d6b79de8973ad639ef3bceba2232c5d6de2187f56c01011013ebef23645-OUT",
  "type": "OUT",
  "senders": [
    "DRoPLkjRmFYNWmtJAUh7cUuzDPDe3JxgpU"
  ],
  "recipients": [
    "DBttSxaMHFuwaWFRj9siMcUgdZnTtV7Ft2"
  ],
  "blockHeight": 2483381,
  "blockHash": null,
  "accountId": "libcore:1:dogecoin:dgub8sjYrm7Q6cwnPW9e2vHR4kq9EnuEyHViaKz12fnRrUD7xwacFX2bzJ71wa5qcNYEGdFVUGB5PUPR5QYNvJH1syUBseH1C7mrjvexfGiPKs1:",
  "extra": {},
  "hash": "4f950d6b79de8973ad639ef3bceba2232c5d6de2187f56c01011013ebef23645",
  "value": "2022600000",
  "fee": "22600000"
}
{
  "id": "libcore:1:dogecoin:dgub8sjYrm7Q6cwnPW9e2vHR4kq9EnuEyHViaKz12fnRrUD7xwacFX2bzJ71wa5qcNYEGdFVUGB5PUPR5QYNvJH1syUBseH1C7mrjvexfGiPKs1:-783f382498e4b1ffbf13b6516656e7688eb082bf565b1cfad3cb52b29484e1bb-OUT",
  "type": "OUT",
  "senders": [
    "DFRTzPjRbv2DPxzdgzi6qRwvrygvYvo5VG",
    "DKS96dDcM4qPuc5pqNgRv7HQh1mtVi9Fkg"
  ],
  "recipients": [
    "DBttSxaMHFuwaWFRj9siMcUgdZnTtV7Ft2"
  ],
  "blockHeight": 2483312,
  "blockHash": null,
  "accountId": "libcore:1:dogecoin:dgub8sjYrm7Q6cwnPW9e2vHR4kq9EnuEyHViaKz12fnRrUD7xwacFX2bzJ71wa5qcNYEGdFVUGB5PUPR5QYNvJH1syUBseH1C7mrjvexfGiPKs1:",
  "extra": {},
  "hash": "783f382498e4b1ffbf13b6516656e7688eb082bf565b1cfad3cb52b29484e1bb",
  "value": "3037400000",
  "fee": "37400000"
}
{
  "id": "libcore:1:dogecoin:dgub8sjYrm7Q6cwnPW9e2vHR4kq9EnuEyHViaKz12fnRrUD7xwacFX2bzJ71wa5qcNYEGdFVUGB5PUPR5QYNvJH1syUBseH1C7mrjvexfGiPKs1:-79bf4da0ab2b1f451c904b50604801c39d39b4dfef935e6f3137bc61f7e29756-OUT",
  "type": "OUT",
  "senders": [
    "DMKLpiPzw6nscJVMPbLmRKQpteFaZYbDU4",
    "DBnwJLQJxVW5juek5P6vD176wSpm7AWSwo"
  ],
  "recipients": [
    "DQmYtJmrkDbyvdfunYpw6iDBtp9u5oMt5m"
  ],
  "blockHeight": 2577653,
  "blockHash": null,
  "accountId": "libcore:1:dogecoin:dgub8sjYrm7Q6cwnPW9e2vHR4kq9EnuEyHViaKz12fnRrUD7xwacFX2bzJ71wa5qcNYEGdFVUGB5PUPR5QYNvJH1syUBseH1C7mrjvexfGiPKs1:",
  "extra": {},
  "hash": "79bf4da0ab2b1f451c904b50604801c39d39b4dfef935e6f3137bc61f7e29756",
  "value": "8000374000",
  "fee": "374000"
}
{
  "id": "libcore:1:dogecoin:dgub8sjYrm7Q6cwnPW9e2vHR4kq9EnuEyHViaKz12fnRrUD7xwacFX2bzJ71wa5qcNYEGdFVUGB5PUPR5QYNvJH1syUBseH1C7mrjvexfGiPKs1:-7b68eec539b564873db89aac86849434e18cbbc031c69985dd81105ba143b859-OUT",
  "type": "OUT",
  "senders": [
    "DG7RmanQ37dnCistvgiTskBrhhWUbs2zda",
    "DS8XaQHv38nfQgqgbkQSycXRNX2q2bBwf9",
    "DMZoqSZeoZigpCAcbuBEp4QSVnPM72NLQ5",
    "DS6Tpx3hfWyCL2QFNb2Ym6CStQEVBAQnBY"
  ],
  "recipients": [
    "D73w25XWF2U2ZHV3D8R8CJQR8EJTQWir48"
  ],
  "blockHeight": 2570710,
  "blockHash": null,
  "accountId": "libcore:1:dogecoin:dgub8sjYrm7Q6cwnPW9e2vHR4kq9EnuEyHViaKz12fnRrUD7xwacFX2bzJ71wa5qcNYEGdFVUGB5PUPR5QYNvJH1syUBseH1C7mrjvexfGiPKs1:",
  "extra": {},
  "hash": "7b68eec539b564873db89aac86849434e18cbbc031c69985dd81105ba143b859",
  "value": "7506700000",
  "fee": "6700000"
}
{
  "id": "libcore:1:dogecoin:dgub8sjYrm7Q6cwnPW9e2vHR4kq9EnuEyHViaKz12fnRrUD7xwacFX2bzJ71wa5qcNYEGdFVUGB5PUPR5QYNvJH1syUBseH1C7mrjvexfGiPKs1:-805e1778f60b80edba12379023d87526825bcf50a9f07c362644b390aaf48b07-IN",
  "type": "IN",
  "senders": [
    "D5G4XHcdw6Y68AwwW1RZ3Kep78cCgLy8gr"
  ],
  "recipients": [
    "DL6Acit9vxP8DF65CZH6pJnBfqxvyrjPZF"
  ],
  "blockHeight": 2572125,
  "blockHash": null,
  "accountId": "libcore:1:dogecoin:dgub8sjYrm7Q6cwnPW9e2vHR4kq9EnuEyHViaKz12fnRrUD7xwacFX2bzJ71wa5qcNYEGdFVUGB5PUPR5QYNvJH1syUBseH1C7mrjvexfGiPKs1:",
  "extra": {},
  "hash": "805e1778f60b80edba12379023d87526825bcf50a9f07c362644b390aaf48b07",
  "value": "478000000",
  "fee": "19740000"
}
{
  "id": "libcore:1:dogecoin:dgub8sjYrm7Q6cwnPW9e2vHR4kq9EnuEyHViaKz12fnRrUD7xwacFX2bzJ71wa5qcNYEGdFVUGB5PUPR5QYNvJH1syUBseH1C7mrjvexfGiPKs1:-91c6c83f3537aeab891fca5ed69e830e4c06542e858a35b343b8ad1b5325345c-OUT",
  "type": "OUT",
  "senders": [
    "DFxuK1nE7wsmQDQghe5qULoow7MxEawFiB"
  ],
  "recipients": [
    "DJRfrNRggYsrg9PMJG9LAtx8USdsNduKYN"
  ],
  "blockHeight": 2579003,
  "blockHash": null,
  "accountId": "libcore:1:dogecoin:dgub8sjYrm7Q6cwnPW9e2vHR4kq9EnuEyHViaKz12fnRrUD7xwacFX2bzJ71wa5qcNYEGdFVUGB5PUPR5QYNvJH1syUBseH1C7mrjvexfGiPKs1:",
  "extra": {},
  "hash": "91c6c83f3537aeab891fca5ed69e830e4c06542e858a35b343b8ad1b5325345c",
  "value": "412526000",
  "fee": "226000"
}
{
  "id": "libcore:1:dogecoin:dgub8sjYrm7Q6cwnPW9e2vHR4kq9EnuEyHViaKz12fnRrUD7xwacFX2bzJ71wa5qcNYEGdFVUGB5PUPR5QYNvJH1syUBseH1C7mrjvexfGiPKs1:-9c5ebfe413337fca30900840a27dead4e10d2b01fc72d712dbf5b9d1516ad495-IN",
  "type": "IN",
  "senders": [
    "DCohcZhBG8swj1ac1REZTYxFLfFcB5JvGa",
    "DBnKAUfQKXsMhFdqRXCxaFCqGrB8eUfiSj",
    "D6XFFVsHxzci6ificsotVqAq6ub7JNF3PC"
  ],
  "recipients": [
    "DP4sdy6NGScKZh1WnHsNoHN8NxAKVghmMN"
  ],
  "blockHeight": 2503933,
  "blockHash": null,
  "accountId": "libcore:1:dogecoin:dgub8sjYrm7Q6cwnPW9e2vHR4kq9EnuEyHViaKz12fnRrUD7xwacFX2bzJ71wa5qcNYEGdFVUGB5PUPR5QYNvJH1syUBseH1C7mrjvexfGiPKs1:",
  "extra": {},
  "hash": "9c5ebfe413337fca30900840a27dead4e10d2b01fc72d712dbf5b9d1516ad495",
  "value": "4567252797",
  "fee": "5220"
}
{
  "id": "libcore:1:dogecoin:dgub8sjYrm7Q6cwnPW9e2vHR4kq9EnuEyHViaKz12fnRrUD7xwacFX2bzJ71wa5qcNYEGdFVUGB5PUPR5QYNvJH1syUBseH1C7mrjvexfGiPKs1:-9c5ebfe413337fca30900840a27dead4e10d2b01fc72d712dbf5b9d1516ad495-OUT",
  "type": "OUT",
  "senders": [
    "DCohcZhBG8swj1ac1REZTYxFLfFcB5JvGa",
    "DBnKAUfQKXsMhFdqRXCxaFCqGrB8eUfiSj",
    "D6XFFVsHxzci6ificsotVqAq6ub7JNF3PC"
  ],
  "recipients": [
    "DP4sdy6NGScKZh1WnHsNoHN8NxAKVghmMN"
  ],
  "blockHeight": 2503933,
  "blockHash": null,
  "accountId": "libcore:1:dogecoin:dgub8sjYrm7Q6cwnPW9e2vHR4kq9EnuEyHViaKz12fnRrUD7xwacFX2bzJ71wa5qcNYEGdFVUGB5PUPR5QYNvJH1syUBseH1C7mrjvexfGiPKs1:",
  "extra": {},
  "hash": "9c5ebfe413337fca30900840a27dead4e10d2b01fc72d712dbf5b9d1516ad495",
  "value": "4567258017",
  "fee": "5220"
}
{
  "id": "libcore:1:dogecoin:dgub8sjYrm7Q6cwnPW9e2vHR4kq9EnuEyHViaKz12fnRrUD7xwacFX2bzJ71wa5qcNYEGdFVUGB5PUPR5QYNvJH1syUBseH1C7mrjvexfGiPKs1:-9cdb114572919b9628313e6c043b1615167f0b7e58851e815d3e2babe056fee1-IN",
  "type": "IN",
  "senders": [
    "D6cudoQ6u3rdPqEW2xuL2V2dijMr7nSYTz"
  ],
  "recipients": [
    "DMZoqSZeoZigpCAcbuBEp4QSVnPM72NLQ5"
  ],
  "blockHeight": 2522286,
  "blockHash": null,
  "accountId": "libcore:1:dogecoin:dgub8sjYrm7Q6cwnPW9e2vHR4kq9EnuEyHViaKz12fnRrUD7xwacFX2bzJ71wa5qcNYEGdFVUGB5PUPR5QYNvJH1syUBseH1C7mrjvexfGiPKs1:",
  "extra": {},
  "hash": "9cdb114572919b9628313e6c043b1615167f0b7e58851e815d3e2babe056fee1",
  "value": "1100000000",
  "fee": "2260"
}
{
  "id": "libcore:1:dogecoin:dgub8sjYrm7Q6cwnPW9e2vHR4kq9EnuEyHViaKz12fnRrUD7xwacFX2bzJ71wa5qcNYEGdFVUGB5PUPR5QYNvJH1syUBseH1C7mrjvexfGiPKs1:-9cdb114572919b9628313e6c043b1615167f0b7e58851e815d3e2babe056fee1-OUT",
  "type": "OUT",
  "senders": [
    "D6cudoQ6u3rdPqEW2xuL2V2dijMr7nSYTz"
  ],
  "recipients": [
    "DMZoqSZeoZigpCAcbuBEp4QSVnPM72NLQ5"
  ],
  "blockHeight": 2522286,
  "blockHash": null,
  "accountId": "libcore:1:dogecoin:dgub8sjYrm7Q6cwnPW9e2vHR4kq9EnuEyHViaKz12fnRrUD7xwacFX2bzJ71wa5qcNYEGdFVUGB5PUPR5QYNvJH1syUBseH1C7mrjvexfGiPKs1:",
  "extra": {},
  "hash": "9cdb114572919b9628313e6c043b1615167f0b7e58851e815d3e2babe056fee1",
  "value": "1100002260",
  "fee": "2260"
}
{
  "id": "libcore:1:dogecoin:dgub8sjYrm7Q6cwnPW9e2vHR4kq9EnuEyHViaKz12fnRrUD7xwacFX2bzJ71wa5qcNYEGdFVUGB5PUPR5QYNvJH1syUBseH1C7mrjvexfGiPKs1:-9ffea8660623fcb7760e16312f7f0c9b9a98eb2bc08e966e524cd597ee8cb96d-OUT",
  "type": "OUT",
  "senders": [
    "DCMnAUyZWrzspujFJHtGrE1jwQpZzTgc7y"
  ],
  "recipients": [
    "D7HrMbdDt2FFCTUouXL7fnHaNMbHBhmUG9"
  ],
  "blockHeight": 2466708,
  "blockHash": null,
  "accountId": "libcore:1:dogecoin:dgub8sjYrm7Q6cwnPW9e2vHR4kq9EnuEyHViaKz12fnRrUD7xwacFX2bzJ71wa5qcNYEGdFVUGB5PUPR5QYNvJH1syUBseH1C7mrjvexfGiPKs1:",
  "extra": {},
  "hash": "9ffea8660623fcb7760e16312f7f0c9b9a98eb2bc08e966e524cd597ee8cb96d",
  "value": "30000022600",
  "fee": "22600"
}
{
  "id": "libcore:1:dogecoin:dgub8sjYrm7Q6cwnPW9e2vHR4kq9EnuEyHViaKz12fnRrUD7xwacFX2bzJ71wa5qcNYEGdFVUGB5PUPR5QYNvJH1syUBseH1C7mrjvexfGiPKs1:-af93e6edeb950847ea9c26bd2d1adfbf2c61b527363ec3b882d6773419f3c0bb-IN",
  "type": "IN",
  "senders": [
    "DMumysuZbEXsM9NJG26aTSEavQwMFvymhS"
  ],
  "recipients": [
    "DBnKAUfQKXsMhFdqRXCxaFCqGrB8eUfiSj"
  ],
  "blockHeight": 2501563,
  "blockHash": null,
  "accountId": "libcore:1:dogecoin:dgub8sjYrm7Q6cwnPW9e2vHR4kq9EnuEyHViaKz12fnRrUD7xwacFX2bzJ71wa5qcNYEGdFVUGB5PUPR5QYNvJH1syUBseH1C7mrjvexfGiPKs1:",
  "extra": {},
  "hash": "af93e6edeb950847ea9c26bd2d1adfbf2c61b527363ec3b882d6773419f3c0bb",
  "value": "100000000",
  "fee": "0"
}
{
  "id": "libcore:1:dogecoin:dgub8sjYrm7Q6cwnPW9e2vHR4kq9EnuEyHViaKz12fnRrUD7xwacFX2bzJ71wa5qcNYEGdFVUGB5PUPR5QYNvJH1syUBseH1C7mrjvexfGiPKs1:-af93e6edeb950847ea9c26bd2d1adfbf2c61b527363ec3b882d6773419f3c0bb-OUT",
  "type": "OUT",
  "senders": [
    "DMumysuZbEXsM9NJG26aTSEavQwMFvymhS"
  ],
  "recipients": [
    "DBnKAUfQKXsMhFdqRXCxaFCqGrB8eUfiSj"
  ],
  "blockHeight": 2501563,
  "blockHash": null,
  "accountId": "libcore:1:dogecoin:dgub8sjYrm7Q6cwnPW9e2vHR4kq9EnuEyHViaKz12fnRrUD7xwacFX2bzJ71wa5qcNYEGdFVUGB5PUPR5QYNvJH1syUBseH1C7mrjvexfGiPKs1:",
  "extra": {},
  "hash": "af93e6edeb950847ea9c26bd2d1adfbf2c61b527363ec3b882d6773419f3c0bb",
  "value": "100000000",
  "fee": "0"
}
{
  "id": "libcore:1:dogecoin:dgub8sjYrm7Q6cwnPW9e2vHR4kq9EnuEyHViaKz12fnRrUD7xwacFX2bzJ71wa5qcNYEGdFVUGB5PUPR5QYNvJH1syUBseH1C7mrjvexfGiPKs1:-bfaf91b5928945bd99768d4e362519f876585fcd74bb5a9fceada048395ecfce-IN",
  "type": "IN",
  "senders": [
    "DE79UsaWCgENDtnFFvMkuBhEa1J8QH17tp",
    "DAGkK28B9ZL3NFSzQS9ntVdwL4adtJuzR6"
  ],
  "recipients": [
    "DMumysuZbEXsM9NJG26aTSEavQwMFvymhS"
  ],
  "blockHeight": 2483416,
  "blockHash": null,
  "accountId": "libcore:1:dogecoin:dgub8sjYrm7Q6cwnPW9e2vHR4kq9EnuEyHViaKz12fnRrUD7xwacFX2bzJ71wa5qcNYEGdFVUGB5PUPR5QYNvJH1syUBseH1C7mrjvexfGiPKs1:",
  "extra": {},
  "hash": "bfaf91b5928945bd99768d4e362519f876585fcd74bb5a9fceada048395ecfce",
  "value": "8500000000",
  "fee": "37400000"
}
{
  "id": "libcore:1:dogecoin:dgub8sjYrm7Q6cwnPW9e2vHR4kq9EnuEyHViaKz12fnRrUD7xwacFX2bzJ71wa5qcNYEGdFVUGB5PUPR5QYNvJH1syUBseH1C7mrjvexfGiPKs1:-bfaf91b5928945bd99768d4e362519f876585fcd74bb5a9fceada048395ecfce-OUT",
  "type": "OUT",
  "senders": [
    "DE79UsaWCgENDtnFFvMkuBhEa1J8QH17tp",
    "DAGkK28B9ZL3NFSzQS9ntVdwL4adtJuzR6"
  ],
  "recipients": [
    "DMumysuZbEXsM9NJG26aTSEavQwMFvymhS"
  ],
  "blockHeight": 2483416,
  "blockHash": null,
  "accountId": "libcore:1:dogecoin:dgub8sjYrm7Q6cwnPW9e2vHR4kq9EnuEyHViaKz12fnRrUD7xwacFX2bzJ71wa5qcNYEGdFVUGB5PUPR5QYNvJH1syUBseH1C7mrjvexfGiPKs1:",
  "extra": {},
  "hash": "bfaf91b5928945bd99768d4e362519f876585fcd74bb5a9fceada048395ecfce",
  "value": "8537400000",
  "fee": "37400000"
}
{
  "id": "libcore:1:dogecoin:dgub8sjYrm7Q6cwnPW9e2vHR4kq9EnuEyHViaKz12fnRrUD7xwacFX2bzJ71wa5qcNYEGdFVUGB5PUPR5QYNvJH1syUBseH1C7mrjvexfGiPKs1:-de715dad959c095a2ef7dee1ddaa41589fc7b9567ece8121b536025ec47bb998-IN",
  "type": "IN",
  "senders": [
    "DJyW8YUBFNa7juxhDroAA322ZCEiVcqo55"
  ],
  "recipients": [
    "DKS96dDcM4qPuc5pqNgRv7HQh1mtVi9Fkg",
    "DPJ7xxex4LVCtpVVcQW1uZuj8vLpACFdT2"
  ],
  "blockHeight": 2466871,
  "blockHash": null,
  "accountId": "libcore:1:dogecoin:dgub8sjYrm7Q6cwnPW9e2vHR4kq9EnuEyHViaKz12fnRrUD7xwacFX2bzJ71wa5qcNYEGdFVUGB5PUPR5QYNvJH1syUBseH1C7mrjvexfGiPKs1:",
  "extra": {},
  "hash": "de715dad959c095a2ef7dee1ddaa41589fc7b9567ece8121b536025ec47bb998",
  "value": "10000000000",
  "fee": "22600000"
}
{
  "id": "libcore:1:dogecoin:dgub8sjYrm7Q6cwnPW9e2vHR4kq9EnuEyHViaKz12fnRrUD7xwacFX2bzJ71wa5qcNYEGdFVUGB5PUPR5QYNvJH1syUBseH1C7mrjvexfGiPKs1:-f8ea68453737439c4246dd45062f80a220a91cb9940c62eb6160cc6c9acc63af-IN",
  "type": "IN",
  "senders": [
    "DBttSxaMHFuwaWFRj9siMcUgdZnTtV7Ft2"
  ],
  "recipients": [
    "DE79UsaWCgENDtnFFvMkuBhEa1J8QH17tp",
    "D9Df3xEg2UUBBqA2qzTgfH7utetecfW1Ki"
  ],
  "blockHeight": 2483375,
  "blockHash": null,
  "accountId": "libcore:1:dogecoin:dgub8sjYrm7Q6cwnPW9e2vHR4kq9EnuEyHViaKz12fnRrUD7xwacFX2bzJ71wa5qcNYEGdFVUGB5PUPR5QYNvJH1syUBseH1C7mrjvexfGiPKs1:",
  "extra": {},
  "hash": "f8ea68453737439c4246dd45062f80a220a91cb9940c62eb6160cc6c9acc63af",
  "value": "2800000000",
  "fee": "22600000"
}
