{
  "id": "libcore:1:zencash:xpub6C4d1B8iU4yfvxjKUqoD3hv4LkLruszRKFvyL3qd33XdnFur8L7rD8jfoaz37fxQ24Z4nGUJx4tMSYj78LvWnnbjRGKNKng44nXudk6eaLc:",
  "seedIdentifier": "042e498105f6019af505b255e11dcaf7b02e9ce3150eb7be8c962c50e2f99ee6cf1ae9b7abd5ebc526ab8eb523925ce6637460a36277915ad849f838436d89ef74",
  "xpub": "xpub6C4d1B8iU4yfvxjKUqoD3hv4LkLruszRKFvyL3qd33XdnFur8L7rD8jfoaz37fxQ24Z4nGUJx4tMSYj78LvWnnbjRGKNKng44nXudk6eaLc",
  "derivationMode": "",
  "index": 0,
  "freshAddress": "zniYWWDJCL2wR5QHJGDDt5Y3kxDVTCjiCwr",
  "freshAddressPath": "44'/121'/0'/0/41",
  "name": "Horizen 1",
  "pendingOperations": [],
  "currencyId": "zencash",
  "unitMagnitude": 8,
  "balance": "0"
}
{
  "id": "libcore:1:zencash:xpub6C4d1B8iU4yfxvPrGc6PX3UJdqKUvcsmgAsST6HzH5es5XDA7XizsTLXEgvZCGq9Zy38VWQPTCnu6rH6bgMjbeksDvHMSETDm18NWvBXnDY:",
  "seedIdentifier": "042e498105f6019af505b255e11dcaf7b02e9ce3150eb7be8c962c50e2f99ee6cf1ae9b7abd5ebc526ab8eb523925ce6637460a36277915ad849f838436d89ef74",
  "xpub": "xpub6C4d1B8iU4yfxvPrGc6PX3UJdqKUvcsmgAsST6HzH5es5XDA7XizsTLXEgvZCGq9Zy38VWQPTCnu6rH6bgMjbeksDvHMSETDm18NWvBXnDY",
  "derivationMode": "",
  "index": 1,
  "freshAddress": "znk4cFQi2y28exMwEZjiMTVT9HEh3tX4u6G",
  "freshAddressPath": "44'/121'/1'/0/46",
  "name": "Horizen 2",
  "pendingOperations": [],
  "currencyId": "zencash",
  "unitMagnitude": 8,
  "balance": "547798"
}
{
  "id": "libcore:1:zencash:xpub6C4d1B8iU4yfyx9H97V5d7Wx8VB7FweV4Dumbm9W1cQsokA3pbDkGjTo4zM2ZLMTWFqPdQb19C6tEXhnMLwq6J2PR3rzDgryLUQWEDVMR4W:",
  "seedIdentifier": "042e498105f6019af505b255e11dcaf7b02e9ce3150eb7be8c962c50e2f99ee6cf1ae9b7abd5ebc526ab8eb523925ce6637460a36277915ad849f838436d89ef74",
  "xpub": "xpub6C4d1B8iU4yfyx9H97V5d7Wx8VB7FweV4Dumbm9W1cQsokA3pbDkGjTo4zM2ZLMTWFqPdQb19C6tEXhnMLwq6J2PR3rzDgryLUQWEDVMR4W",
  "derivationMode": "",
  "index": 2,
  "freshAddress": "zncn7unKoyn27TN1YzdQbciv3rTF8S88rxa",
  "freshAddressPath": "44'/121'/2'/0/3",
  "name": "Horizen 3",
  "pendingOperations": [],
  "currencyId": "zencash",
  "unitMagnitude": 8,
  "balance": "0"
}
{
  "id": "libcore:1:zencash:xpub6C4d1B8iU4yg3i2rrUx5MLBhiQQdp1GhQSnB8Eh1qcqVscgHqvRUBV5jzoUedrJTYwsf5Hd7C9LQEvmUTQgDq3jd7doFasxjCygVJi7otRQ:",
  "seedIdentifier": "042e498105f6019af505b255e11dcaf7b02e9ce3150eb7be8c962c50e2f99ee6cf1ae9b7abd5ebc526ab8eb523925ce6637460a36277915ad849f838436d89ef74",
  "xpub": "xpub6C4d1B8iU4yg3i2rrUx5MLBhiQQdp1GhQSnB8Eh1qcqVscgHqvRUBV5jzoUedrJTYwsf5Hd7C9LQEvmUTQgDq3jd7doFasxjCygVJi7otRQ",
  "derivationMode": "",
  "index": 3,
  "freshAddress": "znTk5ZnNbZuu5h3MaLj4CESc4nDkJE18D6j",
  "freshAddressPath": "44'/121'/3'/0/0",
  "name": "Horizen 4",
  "pendingOperations": [],
  "currencyId": "zencash",
  "unitMagnitude": 8,
  "balance": "0"
}
