{
  "id": "libcore:1:peercoin:r29uBq5ntWerEkmSeNjRcerN2LLoHaC9aZERaRF8gdkZNFJyE1vQovZkiuR38trkjsofVxU9t5QL6ApU29gHxySbhhPWCzyp7Jn9tDrx22m9oJ8M:",
  "seedIdentifier": "04384e2e15aefc645eec7497df572a66f37843d41c022f78683a1d7449af8a5ce6c10d7b9e701fa670df1fc82a3c6cc95e5170052227442891b821a5d377da0dec",
  "xpub": "r29uBq5ntWerEkmSeNjRcerN2LLoHaC9aZERaRF8gdkZNFJyE1vQovZkiuR38trkjsofVxU9t5QL6ApU29gHxySbhhPWCzyp7Jn9tDrx22m9oJ8M",
  "derivationMode": "",
  "index": 0,
  "freshAddress": "PMMCjVW4ndwdnUqkL5dDB1dMXqrqs8qWke",
  "freshAddressPath": "44'/6'/0'/0/7",
  "name": "Peercoin 1",
  "pendingOperations": [],
  "currencyId": "peercoin",
  "unitMagnitude": 6,
  "balance": "67504"
}
{
  "id": "libcore:1:peercoin:r29uBq5ntWerEkmSeRnk1mXycyeP6iALyBvqrsmFAk8MWc8GQawnhzupDXdkXWKf8B8EVW1oDgJHLVFfdGB7DC5paC8kJzp71Wi6LPr3gGtdFX1A:",
  "seedIdentifier": "04384e2e15aefc645eec7497df572a66f37843d41c022f78683a1d7449af8a5ce6c10d7b9e701fa670df1fc82a3c6cc95e5170052227442891b821a5d377da0dec",
  "xpub": "r29uBq5ntWerEkmSeRnk1mXycyeP6iALyBvqrsmFAk8MWc8GQawnhzupDXdkXWKf8B8EVW1oDgJHLVFfdGB7DC5paC8kJzp71Wi6LPr3gGtdFX1A",
  "derivationMode": "",
  "index": 1,
  "freshAddress": "PJgmf9CsLM1KnrwoYP9uRwTnmUyGzB9Nv3",
  "freshAddressPath": "44'/6'/1'/0/17",
  "name": "Peercoin 2",
  "pendingOperations": [],
  "currencyId": "peercoin",
  "unitMagnitude": 6,
  "balance": "0"
}
{
  "id": "libcore:1:peercoin:r29uBq5ntWerEkmSeTj3exzrtonTAjSRckKpJD6ZxbWSgk3FsF3v3D3RQfPCqiZwaPTruvxZi1ks288BqGDewMQbxT3EoQ9Haeo7Mv8CEW6nQo6Y:",
  "seedIdentifier": "04384e2e15aefc645eec7497df572a66f37843d41c022f78683a1d7449af8a5ce6c10d7b9e701fa670df1fc82a3c6cc95e5170052227442891b821a5d377da0dec",
  "xpub": "r29uBq5ntWerEkmSeTj3exzrtonTAjSRckKpJD6ZxbWSgk3FsF3v3D3RQfPCqiZwaPTruvxZi1ks288BqGDewMQbxT3EoQ9Haeo7Mv8CEW6nQo6Y",
  "derivationMode": "",
  "index": 2,
  "freshAddress": "PMxZdXBzimsbMYG6FJKca8PB41GCjEbk6T",
  "freshAddressPath": "44'/6'/2'/0/0",
  "name": "Peercoin 3",
  "pendingOperations": [],
  "currencyId": "peercoin",
  "unitMagnitude": 6,
  "balance": "0"
}
