{
  "id": "libcore:1:peercoin:r29uBq5ntWerEkmSeNjRcerN2LLoHaC9aZERaRF8gdkZNFJyE1vQovZkiuR38trkjsofVxU9t5QL6ApU29gHxySbhhPWCzyp7Jn9tDrx22m9oJ8M:-072571480dbfc8d281f8c6a84066a1992d702fda42417832d86df3d0068c0ea5-OUT",
  "type": "OUT",
  "senders": [
    "PCFkbidAUdCBg1BwZZU8dRpP9Vomoj4qku",
    "PB4QxBWgyg8pXE3YTyJ1Hy9rBDcjgRQDg1"
  ],
  "recipients": [
    "PEAzLdLWfNeVqyE2r3GgtCUWLVSRDrRx2B"
  ],
  "blockHeight": 393863,
  "blockHash": null,
  "accountId": "libcore:1:peercoin:r29uBq5ntWerEkmSeNjRcerN2LLoHaC9aZERaRF8gdkZNFJyE1vQovZkiuR38trkjsofVxU9t5QL6ApU29gHxySbhhPWCzyp7Jn9tDrx22m9oJ8M:",
  "extra": {},
  "hash": "072571480dbfc8d281f8c6a84066a1992d702fda42417832d86df3d0068c0ea5",
  "value": "4962482",
  "fee": "362482"
}
{
  "id": "libcore:1:peercoin:r29uBq5ntWerEkmSeNjRcerN2LLoHaC9aZERaRF8gdkZNFJyE1vQovZkiuR38trkjsofVxU9t5QL6ApU29gHxySbhhPWCzyp7Jn9tDrx22m9oJ8M:-34aba5b2a5ec78bffd8d48f60058e2ae3235c373820367450ceb42f06e908936-OUT",
  "type": "OUT",
  "senders": [
    "PFLWq4ZyUp9QhBYW62NSHYrhf8LJwjFJ3V"
  ],
  "recipients": [
    "PMCfyVj6MbhEw2E2SV7Fc6jsGZY2hZhZyw"
  ],
  "blockHeight": 422818,
  "blockHash": null,
  "accountId": "libcore:1:peercoin:r29uBq5ntWerEkmSeNjRcerN2LLoHaC9aZERaRF8gdkZNFJyE1vQovZkiuR38trkjsofVxU9t5QL6ApU29gHxySbhhPWCzyp7Jn9tDrx22m9oJ8M:",
  "extra": {},
  "hash": "34aba5b2a5ec78bffd8d48f60058e2ae3235c373820367450ceb42f06e908936",
  "value": "933040",
  "fee": "184000"
}
{
  "id": "libcore:1:peercoin:r29uBq5ntWerEkmSeNjRcerN2LLoHaC9aZERaRF8gdkZNFJyE1vQovZkiuR38trkjsofVxU9t5QL6ApU29gHxySbhhPWCzyp7Jn9tDrx22m9oJ8M:-49a0be4a3c4151e2c86f9ba929d1a6fa3499500dfb01c537c2881220571e413a-IN",
  "type": "IN",
  "senders": [
    "PQWKv5Dx1VxFFtBWwf79onfHdfuZh49XmE",
    "P9ss1krQneLLNjmdmzZdZRoieAqrErtbuF"
  ],
  "recipients": [
    "PBrfrXz9vaFyouvrBDc6od8p7WY4PVVcZN"
  ],
  "blockHeight": 389980,
  "blockHash": null,
  "accountId": "libcore:1:peercoin:r29uBq5ntWerEkmSeNjRcerN2LLoHaC9aZERaRF8gdkZNFJyE1vQovZkiuR38trkjsofVxU9t5QL6ApU29gHxySbhhPWCzyp7Jn9tDrx22m9oJ8M:",
  "extra": {},
  "hash": "49a0be4a3c4151e2c86f9ba929d1a6fa3499500dfb01c537c2881220571e413a",
  "value": "1000000",
  "fee": "378000"
}
{
  "id": "libcore:1:peercoin:r29uBq5ntWerEkmSeNjRcerN2LLoHaC9aZERaRF8gdkZNFJyE1vQovZkiuR38trkjsofVxU9t5QL6ApU29gHxySbhhPWCzyp7Jn9tDrx22m9oJ8M:-49a0be4a3c4151e2c86f9ba929d1a6fa3499500dfb01c537c2881220571e413a-OUT",
  "type": "OUT",
  "senders": [
    "PQWKv5Dx1VxFFtBWwf79onfHdfuZh49XmE",
    "P9ss1krQneLLNjmdmzZdZRoieAqrErtbuF"
  ],
  "recipients": [
    "PBrfrXz9vaFyouvrBDc6od8p7WY4PVVcZN"
  ],
  "blockHeight": 389980,
  "blockHash": null,
  "accountId": "libcore:1:peercoin:r29uBq5ntWerEkmSeNjRcerN2LLoHaC9aZERaRF8gdkZNFJyE1vQovZkiuR38trkjsofVxU9t5QL6ApU29gHxySbhhPWCzyp7Jn9tDrx22m9oJ8M:",
  "extra": {},
  "hash": "49a0be4a3c4151e2c86f9ba929d1a6fa3499500dfb01c537c2881220571e413a",
  "value": "1378000",
  "fee": "378000"
}
{
  "id": "libcore:1:peercoin:r29uBq5ntWerEkmSeNjRcerN2LLoHaC9aZERaRF8gdkZNFJyE1vQovZkiuR38trkjsofVxU9t5QL6ApU29gHxySbhhPWCzyp7Jn9tDrx22m9oJ8M:-4c9f59c4ecc186c6931874cb82e6c9c7f38c1dbc5b4326ba738a91d17e1a463c-IN",
  "type": "IN",
  "senders": [
    "PRKHbWT5UQT5FYbvMSthrHT4a7Z5riUeoh",
    "PAtMVH96dvcb7mSBXFtZMssW1pZiAmMysZ",
    "PDdwxNkkMKKeyxrjZ2TyrkEawNQpjRCZBo"
  ],
  "recipients": [
    "PFLWq4ZyUp9QhBYW62NSHYrhf8LJwjFJ3V",
    "PBbQEHkkXmbtQCnWmkd4HSjvXEc6Mp83Gz"
  ],
  "blockHeight": 419790,
  "blockHash": null,
  "accountId": "libcore:1:peercoin:r29uBq5ntWerEkmSeNjRcerN2LLoHaC9aZERaRF8gdkZNFJyE1vQovZkiuR38trkjsofVxU9t5QL6ApU29gHxySbhhPWCzyp7Jn9tDrx22m9oJ8M:",
  "extra": {},
  "hash": "4c9f59c4ecc186c6931874cb82e6c9c7f38c1dbc5b4326ba738a91d17e1a463c",
  "value": "1000544",
  "fee": "420800"
}
{
  "id": "libcore:1:peercoin:r29uBq5ntWerEkmSeNjRcerN2LLoHaC9aZERaRF8gdkZNFJyE1vQovZkiuR38trkjsofVxU9t5QL6ApU29gHxySbhhPWCzyp7Jn9tDrx22m9oJ8M:-54b3dd0f724e0a43a96cc20d5fd05f083beaf1f0d45de58641bd2ed483628f6d-IN",
  "type": "IN",
  "senders": [
    "PBrfrXz9vaFyouvrBDc6od8p7WY4PVVcZN",
    "PMLphJTCkjuLGNeKrdFW8TXUTzqd6UWUiz"
  ],
  "recipients": [
    "PCFkbidAUdCBg1BwZZU8dRpP9Vomoj4qku"
  ],
  "blockHeight": 389991,
  "blockHash": null,
  "accountId": "libcore:1:peercoin:r29uBq5ntWerEkmSeNjRcerN2LLoHaC9aZERaRF8gdkZNFJyE1vQovZkiuR38trkjsofVxU9t5QL6ApU29gHxySbhhPWCzyp7Jn9tDrx22m9oJ8M:",
  "extra": {},
  "hash": "54b3dd0f724e0a43a96cc20d5fd05f083beaf1f0d45de58641bd2ed483628f6d",
  "value": "2000000",
  "fee": "378000"
}
{
  "id": "libcore:1:peercoin:r29uBq5ntWerEkmSeNjRcerN2LLoHaC9aZERaRF8gdkZNFJyE1vQovZkiuR38trkjsofVxU9t5QL6ApU29gHxySbhhPWCzyp7Jn9tDrx22m9oJ8M:-54b3dd0f724e0a43a96cc20d5fd05f083beaf1f0d45de58641bd2ed483628f6d-OUT",
  "type": "OUT",
  "senders": [
    "PBrfrXz9vaFyouvrBDc6od8p7WY4PVVcZN",
    "PMLphJTCkjuLGNeKrdFW8TXUTzqd6UWUiz"
  ],
  "recipients": [
    "PCFkbidAUdCBg1BwZZU8dRpP9Vomoj4qku"
  ],
  "blockHeight": 389991,
  "blockHash": null,
  "accountId": "libcore:1:peercoin:r29uBq5ntWerEkmSeNjRcerN2LLoHaC9aZERaRF8gdkZNFJyE1vQovZkiuR38trkjsofVxU9t5QL6ApU29gHxySbhhPWCzyp7Jn9tDrx22m9oJ8M:",
  "extra": {},
  "hash": "54b3dd0f724e0a43a96cc20d5fd05f083beaf1f0d45de58641bd2ed483628f6d",
  "value": "2378000",
  "fee": "378000"
}
{
  "id": "libcore:1:peercoin:r29uBq5ntWerEkmSeNjRcerN2LLoHaC9aZERaRF8gdkZNFJyE1vQovZkiuR38trkjsofVxU9t5QL6ApU29gHxySbhhPWCzyp7Jn9tDrx22m9oJ8M:-595afbb967a778af59bb4beff0add04e3f2af522061f4144248da0a23eef957d-IN",
  "type": "IN",
  "senders": [
    "PRgwFjkkaXzCkhGGaJqTamwrU5EQAW3Ckr",
    "PRehhnWtDpAFE5nXaTZnpfnTRxuLoe1i8U",
    "PVdfmciCv3sVMVH6X2nNbU12yKkJtJpNTT",
    "PBTYwyR95hGpyJx3pa77f6e1CiaRYsq2nj",
    "PPQBJ2q5Ls38Q6KfoxDKZyXaviX1ADBNBS",
    "PMxc3suzaKvz54QeR6ZofELRvKiWPQtQ5K",
    "PBxRB4QW5ER9etba2RyY35hHFcCzNcMcRJ"
  ],
  "recipients": [
    "PVtg2eRkLSVq71a4vQNK9bfH1i5inVniMv",
    "PVD7qTw13RyJ1N9f7mdUjhgE26UYksdR2f"
  ],
  "blockHeight": 410538,
  "blockHash": null,
  "accountId": "libcore:1:peercoin:r29uBq5ntWerEkmSeNjRcerN2LLoHaC9aZERaRF8gdkZNFJyE1vQovZkiuR38trkjsofVxU9t5QL6ApU29gHxySbhhPWCzyp7Jn9tDrx22m9oJ8M:",
  "extra": {},
  "hash": "595afbb967a778af59bb4beff0add04e3f2af522061f4144248da0a23eef957d",
  "value": "6000000",
  "fee": "1118000"
}
{
  "id": "libcore:1:peercoin:r29uBq5ntWerEkmSeNjRcerN2LLoHaC9aZERaRF8gdkZNFJyE1vQovZkiuR38trkjsofVxU9t5QL6ApU29gHxySbhhPWCzyp7Jn9tDrx22m9oJ8M:-650e8fb9562e5046a960f98f2fd9503cb7cc34fc5e28d11cd53d4269a291c348-OUT",
  "type": "OUT",
  "senders": [
    "PRVDciEtNLUXZdZAeCyDToym5rqKdHAtSA"
  ],
  "recipients": [
    "PCkgpbCHnZ8GSU3RuSQgUuqVi9bciyzma6"
  ],
  "blockHeight": 411563,
  "blockHash": null,
  "accountId": "libcore:1:peercoin:r29uBq5ntWerEkmSeNjRcerN2LLoHaC9aZERaRF8gdkZNFJyE1vQovZkiuR38trkjsofVxU9t5QL6ApU29gHxySbhhPWCzyp7Jn9tDrx22m9oJ8M:",
  "extra": {},
  "hash": "650e8fb9562e5046a960f98f2fd9503cb7cc34fc5e28d11cd53d4269a291c348",
  "value": "4182000",
  "fee": "230000"
}
{
  "id": "libcore:1:peercoin:r29uBq5ntWerEkmSeNjRcerN2LLoHaC9aZERaRF8gdkZNFJyE1vQovZkiuR38trkjsofVxU9t5QL6ApU29gHxySbhhPWCzyp7Jn9tDrx22m9oJ8M:-6f460844768a5d9062fdad885ee88d230d13daeb405d087977b745d52ae5d17f-OUT",
  "type": "OUT",
  "senders": [
    "PGU3Spr4KoCUCUMd35CJKyr36qdfZcERdD"
  ],
  "recipients": [
    "PAtMVH96dvcb7mSBXFtZMssW1pZiAmMysZ"
  ],
  "blockHeight": 419656,
  "blockHash": null,
  "accountId": "libcore:1:peercoin:r29uBq5ntWerEkmSeNjRcerN2LLoHaC9aZERaRF8gdkZNFJyE1vQovZkiuR38trkjsofVxU9t5QL6ApU29gHxySbhhPWCzyp7Jn9tDrx22m9oJ8M:",
  "extra": {},
  "hash": "6f460844768a5d9062fdad885ee88d230d13daeb405d087977b745d52ae5d17f",
  "value": "384000",
  "fee": "184000"
}
{
  "id": "libcore:1:peercoin:r29uBq5ntWerEkmSeNjRcerN2LLoHaC9aZERaRF8gdkZNFJyE1vQovZkiuR38trkjsofVxU9t5QL6ApU29gHxySbhhPWCzyp7Jn9tDrx22m9oJ8M:-76628cdc43342eabd485d5a1833b4f29f489089cce8fe8eff75ff109c71ea90c-IN",
  "type": "IN",
  "senders": [
    "PK3yxYUPJUJ5GwMAyP7BACeUwhazNRSmUX"
  ],
  "recipients": [
    "PQWKv5Dx1VxFFtBWwf79onfHdfuZh49XmE"
  ],
  "blockHeight": 389978,
  "blockHash": null,
  "accountId": "libcore:1:peercoin:r29uBq5ntWerEkmSeNjRcerN2LLoHaC9aZERaRF8gdkZNFJyE1vQovZkiuR38trkjsofVxU9t5QL6ApU29gHxySbhhPWCzyp7Jn9tDrx22m9oJ8M:",
  "extra": {},
  "hash": "76628cdc43342eabd485d5a1833b4f29f489089cce8fe8eff75ff109c71ea90c",
  "value": "1000000",
  "fee": "230000"
}
{
  "id": "libcore:1:peercoin:r29uBq5ntWerEkmSeNjRcerN2LLoHaC9aZERaRF8gdkZNFJyE1vQovZkiuR38trkjsofVxU9t5QL6ApU29gHxySbhhPWCzyp7Jn9tDrx22m9oJ8M:-76628cdc43342eabd485d5a1833b4f29f489089cce8fe8eff75ff109c71ea90c-OUT",
  "type": "OUT",
  "senders": [
    "PK3yxYUPJUJ5GwMAyP7BACeUwhazNRSmUX"
  ],
  "recipients": [
    "PQWKv5Dx1VxFFtBWwf79onfHdfuZh49XmE"
  ],
  "blockHeight": 389978,
  "blockHash": null,
  "accountId": "libcore:1:peercoin:r29uBq5ntWerEkmSeNjRcerN2LLoHaC9aZERaRF8gdkZNFJyE1vQovZkiuR38trkjsofVxU9t5QL6ApU29gHxySbhhPWCzyp7Jn9tDrx22m9oJ8M:",
  "extra": {},
  "hash": "76628cdc43342eabd485d5a1833b4f29f489089cce8fe8eff75ff109c71ea90c",
  "value": "1230000",
  "fee": "230000"
}
{
  "id": "libcore:1:peercoin:r29uBq5ntWerEkmSeNjRcerN2LLoHaC9aZERaRF8gdkZNFJyE1vQovZkiuR38trkjsofVxU9t5QL6ApU29gHxySbhhPWCzyp7Jn9tDrx22m9oJ8M:-a76b253dd704daeb553bd12dd58271a7463cf680d4203cedf02748b0ed6c7019-OUT",
  "type": "OUT",
  "senders": [
    "PFJMz2sH9p7VLu2XCp5EmqBZYoeZGUWzXw"
  ],
  "recipients": [
    "PQ4q7B33hq7oH2vFr6Hgr1kJJcog6sE73U"
  ],
  "blockHeight": 411382,
  "blockHash": null,
  "accountId": "libcore:1:peercoin:r29uBq5ntWerEkmSeNjRcerN2LLoHaC9aZERaRF8gdkZNFJyE1vQovZkiuR38trkjsofVxU9t5QL6ApU29gHxySbhhPWCzyp7Jn9tDrx22m9oJ8M:",
  "extra": {},
  "hash": "a76b253dd704daeb553bd12dd58271a7463cf680d4203cedf02748b0ed6c7019",
  "value": "1184300",
  "fee": "196300"
}
{
  "id": "libcore:1:peercoin:r29uBq5ntWerEkmSeNjRcerN2LLoHaC9aZERaRF8gdkZNFJyE1vQovZkiuR38trkjsofVxU9t5QL6ApU29gHxySbhhPWCzyp7Jn9tDrx22m9oJ8M:-b598ea2cdf3dfe5c79f42f255700b418673bacbf26d476a847e1473f380b1adf-OUT",
  "type": "OUT",
  "senders": [
    "PEC6mKLQ4HmWtAPWERd8vf8QYp3QSZDCUs"
  ],
  "recipients": [
    "PRKHbWT5UQT5FYbvMSthrHT4a7Z5riUeoh"
  ],
  "blockHeight": 417075,
  "blockHash": null,
  "accountId": "libcore:1:peercoin:r29uBq5ntWerEkmSeNjRcerN2LLoHaC9aZERaRF8gdkZNFJyE1vQovZkiuR38trkjsofVxU9t5QL6ApU29gHxySbhhPWCzyp7Jn9tDrx22m9oJ8M:",
  "extra": {},
  "hash": "b598ea2cdf3dfe5c79f42f255700b418673bacbf26d476a847e1473f380b1adf",
  "value": "284000",
  "fee": "184000"
}
{
  "id": "libcore:1:peercoin:r29uBq5ntWerEkmSeNjRcerN2LLoHaC9aZERaRF8gdkZNFJyE1vQovZkiuR38trkjsofVxU9t5QL6ApU29gHxySbhhPWCzyp7Jn9tDrx22m9oJ8M:-c59ea4e0e2d4c22adbd74f2ca7a5444ff2ffd23c5d6e473de421993c5fdb1164-OUT",
  "type": "OUT",
  "senders": [
    "PVtg2eRkLSVq71a4vQNK9bfH1i5inVniMv"
  ],
  "recipients": [
    "PVmkBajYF1MLc695kcAT2iZnjMiQikpYGu"
  ],
  "blockHeight": 411382,
  "blockHash": null,
  "accountId": "libcore:1:peercoin:r29uBq5ntWerEkmSeNjRcerN2LLoHaC9aZERaRF8gdkZNFJyE1vQovZkiuR38trkjsofVxU9t5QL6ApU29gHxySbhhPWCzyp7Jn9tDrx22m9oJ8M:",
  "extra": {},
  "hash": "c59ea4e0e2d4c22adbd74f2ca7a5444ff2ffd23c5d6e473de421993c5fdb1164",
  "value": "4815700",
  "fee": "230000"
}
{
  "id": "libcore:1:peercoin:r29uBq5ntWerEkmSeNjRcerN2LLoHaC9aZERaRF8gdkZNFJyE1vQovZkiuR38trkjsofVxU9t5QL6ApU29gHxySbhhPWCzyp7Jn9tDrx22m9oJ8M:-cb60af588c2d73ea4de719e193476c01f94ccb2367eec2773221c1536632fc7f-IN",
  "type": "IN",
  "senders": [
    "PHZuyUyYUK1tL7iaWbyqLDHnScsKhKymsk"
  ],
  "recipients": [
    "PK3yxYUPJUJ5GwMAyP7BACeUwhazNRSmUX",
    "PM3WF8hYszucZddvFD4rLn3BCTiHwutKw6"
  ],
  "blockHeight": 389273,
  "blockHash": null,
  "accountId": "libcore:1:peercoin:r29uBq5ntWerEkmSeNjRcerN2LLoHaC9aZERaRF8gdkZNFJyE1vQovZkiuR38trkjsofVxU9t5QL6ApU29gHxySbhhPWCzyp7Jn9tDrx22m9oJ8M:",
  "extra": {},
  "hash": "cb60af588c2d73ea4de719e193476c01f94ccb2367eec2773221c1536632fc7f",
  "value": "5948482",
  "fee": "10000"
}
{
  "id": "libcore:1:peercoin:r29uBq5ntWerEkmSeNjRcerN2LLoHaC9aZERaRF8gdkZNFJyE1vQovZkiuR38trkjsofVxU9t5QL6ApU29gHxySbhhPWCzyp7Jn9tDrx22m9oJ8M:-d21fb989025a5008d48e511ef7d114eef9553dae26355cf90d8a9ab3e17cce33-IN",
  "type": "IN",
  "senders": [
    "PUwaF4iEbKhYznpDjCyJsv86EqoNjcLVdA",
    "PVD7qTw13RyJ1N9f7mdUjhgE26UYksdR2f",
    "PQ4q7B33hq7oH2vFr6Hgr1kJJcog6sE73U",
    "PVmkBajYF1MLc695kcAT2iZnjMiQikpYGu"
  ],
  "recipients": [
    "PRVDciEtNLUXZdZAeCyDToym5rqKdHAtSA",
    "PQLUw7yLw6cY9DcyGk7EBLQL61zy7C2Vys"
  ],
  "blockHeight": 411546,
  "blockHash": null,
  "accountId": "libcore:1:peercoin:r29uBq5ntWerEkmSeNjRcerN2LLoHaC9aZERaRF8gdkZNFJyE1vQovZkiuR38trkjsofVxU9t5QL6ApU29gHxySbhhPWCzyp7Jn9tDrx22m9oJ8M:",
  "extra": {},
  "hash": "d21fb989025a5008d48e511ef7d114eef9553dae26355cf90d8a9ab3e17cce33",
  "value": "4850000",
  "fee": "674000"
}
{
  "id": "libcore:1:peercoin:r29uBq5ntWerEkmSeRnk1mXycyeP6iALyBvqrsmFAk8MWc8GQawnhzupDXdkXWKf8B8EVW1oDgJHLVFfdGB7DC5paC8kJzp71Wi6LPr3gGtdFX1A:-072571480dbfc8d281f8c6a84066a1992d702fda42417832d86df3d0068c0ea5-IN",
  "type": "IN",
  "senders": [
    "PCFkbidAUdCBg1BwZZU8dRpP9Vomoj4qku",
    "PB4QxBWgyg8pXE3YTyJ1Hy9rBDcjgRQDg1"
  ],
  "recipients": [
    "PEAzLdLWfNeVqyE2r3GgtCUWLVSRDrRx2B"
  ],
  "blockHeight": 393863,
  "blockHash": null,
  "accountId": "libcore:1:peercoin:r29uBq5ntWerEkmSeRnk1mXycyeP6iALyBvqrsmFAk8MWc8GQawnhzupDXdkXWKf8B8EVW1oDgJHLVFfdGB7DC5paC8kJzp71Wi6LPr3gGtdFX1A:",
  "extra": {},
  "hash": "072571480dbfc8d281f8c6a84066a1992d702fda42417832d86df3d0068c0ea5",
  "value": "4600000",
  "fee": "362482"
}
{
  "id": "libcore:1:peercoin:r29uBq5ntWerEkmSeRnk1mXycyeP6iALyBvqrsmFAk8MWc8GQawnhzupDXdkXWKf8B8EVW1oDgJHLVFfdGB7DC5paC8kJzp71Wi6LPr3gGtdFX1A:-1f5a6ebf2b0398bf44d1fd9cf4584d4ad7dffa93d96e42564bc24f3a1dc12b2d-IN",
  "type": "IN",
  "senders": [
    "P9SEjGgMMyHo79TU16dzvtL6ynmSAeqbdB"
  ],
  "recipients": [
    "PVdfmciCv3sVMVH6X2nNbU12yKkJtJpNTT"
  ],
  "blockHeight": 401750,
  "blockHash": null,
  "accountId": "libcore:1:peercoin:r29uBq5ntWerEkmSeRnk1mXycyeP6iALyBvqrsmFAk8MWc8GQawnhzupDXdkXWKf8B8EVW1oDgJHLVFfdGB7DC5paC8kJzp71Wi6LPr3gGtdFX1A:",
  "extra": {},
  "hash": "1f5a6ebf2b0398bf44d1fd9cf4584d4ad7dffa93d96e42564bc24f3a1dc12b2d",
  "value": "150760",
  "fee": "57500"
}
{
  "id": "libcore:1:peercoin:r29uBq5ntWerEkmSeRnk1mXycyeP6iALyBvqrsmFAk8MWc8GQawnhzupDXdkXWKf8B8EVW1oDgJHLVFfdGB7DC5paC8kJzp71Wi6LPr3gGtdFX1A:-1f5a6ebf2b0398bf44d1fd9cf4584d4ad7dffa93d96e42564bc24f3a1dc12b2d-OUT",
  "type": "OUT",
  "senders": [
    "P9SEjGgMMyHo79TU16dzvtL6ynmSAeqbdB"
  ],
  "recipients": [
    "PVdfmciCv3sVMVH6X2nNbU12yKkJtJpNTT"
  ],
  "blockHeight": 401750,
  "blockHash": null,
  "accountId": "libcore:1:peercoin:r29uBq5ntWerEkmSeRnk1mXycyeP6iALyBvqrsmFAk8MWc8GQawnhzupDXdkXWKf8B8EVW1oDgJHLVFfdGB7DC5paC8kJzp71Wi6LPr3gGtdFX1A:",
  "extra": {},
  "hash": "1f5a6ebf2b0398bf44d1fd9cf4584d4ad7dffa93d96e42564bc24f3a1dc12b2d",
  "value": "208260",
  "fee": "57500"
}
{
  "id": "libcore:1:peercoin:r29uBq5ntWerEkmSeRnk1mXycyeP6iALyBvqrsmFAk8MWc8GQawnhzupDXdkXWKf8B8EVW1oDgJHLVFfdGB7DC5paC8kJzp71Wi6LPr3gGtdFX1A:-2594d58661ef98098ff9e7a9c13f774a9d50c578ecd3320d5e9b61b214cfb58a-IN",
  "type": "IN",
  "senders": [
    "PCXC4iRt3qjWcEMuUac1je9a44VjRztjLZ"
  ],
  "recipients": [
    "PBGH9vrHx4oiBC4EjCcupnmv5fFuqj4KMD"
  ],
  "blockHeight": 396925,
  "blockHash": null,
  "accountId": "libcore:1:peercoin:r29uBq5ntWerEkmSeRnk1mXycyeP6iALyBvqrsmFAk8MWc8GQawnhzupDXdkXWKf8B8EVW1oDgJHLVFfdGB7DC5paC8kJzp71Wi6LPr3gGtdFX1A:",
  "extra": {},
  "hash": "2594d58661ef98098ff9e7a9c13f774a9d50c578ecd3320d5e9b61b214cfb58a",
  "value": "2000000",
  "fee": "230000"
}
{
  "id": "libcore:1:peercoin:r29uBq5ntWerEkmSeRnk1mXycyeP6iALyBvqrsmFAk8MWc8GQawnhzupDXdkXWKf8B8EVW1oDgJHLVFfdGB7DC5paC8kJzp71Wi6LPr3gGtdFX1A:-2594d58661ef98098ff9e7a9c13f774a9d50c578ecd3320d5e9b61b214cfb58a-OUT",
  "type": "OUT",
  "senders": [
    "PCXC4iRt3qjWcEMuUac1je9a44VjRztjLZ"
  ],
  "recipients": [
    "PBGH9vrHx4oiBC4EjCcupnmv5fFuqj4KMD"
  ],
  "blockHeight": 396925,
  "blockHash": null,
  "accountId": "libcore:1:peercoin:r29uBq5ntWerEkmSeRnk1mXycyeP6iALyBvqrsmFAk8MWc8GQawnhzupDXdkXWKf8B8EVW1oDgJHLVFfdGB7DC5paC8kJzp71Wi6LPr3gGtdFX1A:",
  "extra": {},
  "hash": "2594d58661ef98098ff9e7a9c13f774a9d50c578ecd3320d5e9b61b214cfb58a",
  "value": "2230000",
  "fee": "230000"
}
{
  "id": "libcore:1:peercoin:r29uBq5ntWerEkmSeRnk1mXycyeP6iALyBvqrsmFAk8MWc8GQawnhzupDXdkXWKf8B8EVW1oDgJHLVFfdGB7DC5paC8kJzp71Wi6LPr3gGtdFX1A:-34aba5b2a5ec78bffd8d48f60058e2ae3235c373820367450ceb42f06e908936-IN",
  "type": "IN",
  "senders": [
    "PFLWq4ZyUp9QhBYW62NSHYrhf8LJwjFJ3V"
  ],
  "recipients": [
    "PMCfyVj6MbhEw2E2SV7Fc6jsGZY2hZhZyw",
    "PSiD6R4QYXCiQ2jBa67xGXT7zFRq77gfeL"
  ],
  "blockHeight": 422818,
  "blockHash": null,
  "accountId": "libcore:1:peercoin:r29uBq5ntWerEkmSeRnk1mXycyeP6iALyBvqrsmFAk8MWc8GQawnhzupDXdkXWKf8B8EVW1oDgJHLVFfdGB7DC5paC8kJzp71Wi6LPr3gGtdFX1A:",
  "extra": {},
  "hash": "34aba5b2a5ec78bffd8d48f60058e2ae3235c373820367450ceb42f06e908936",
  "value": "749040",
  "fee": "184000"
}
{
  "id": "libcore:1:peercoin:r29uBq5ntWerEkmSeRnk1mXycyeP6iALyBvqrsmFAk8MWc8GQawnhzupDXdkXWKf8B8EVW1oDgJHLVFfdGB7DC5paC8kJzp71Wi6LPr3gGtdFX1A:-4c9f59c4ecc186c6931874cb82e6c9c7f38c1dbc5b4326ba738a91d17e1a463c-OUT",
  "type": "OUT",
  "senders": [
    "PRKHbWT5UQT5FYbvMSthrHT4a7Z5riUeoh",
    "PAtMVH96dvcb7mSBXFtZMssW1pZiAmMysZ",
    "PDdwxNkkMKKeyxrjZ2TyrkEawNQpjRCZBo"
  ],
  "recipients": [
    "PFLWq4ZyUp9QhBYW62NSHYrhf8LJwjFJ3V"
  ],
  "blockHeight": 419790,
  "blockHash": null,
  "accountId": "libcore:1:peercoin:r29uBq5ntWerEkmSeRnk1mXycyeP6iALyBvqrsmFAk8MWc8GQawnhzupDXdkXWKf8B8EVW1oDgJHLVFfdGB7DC5paC8kJzp71Wi6LPr3gGtdFX1A:",
  "extra": {},
  "hash": "4c9f59c4ecc186c6931874cb82e6c9c7f38c1dbc5b4326ba738a91d17e1a463c",
  "value": "1421344",
  "fee": "420800"
}
{
  "id": "libcore:1:peercoin:r29uBq5ntWerEkmSeRnk1mXycyeP6iALyBvqrsmFAk8MWc8GQawnhzupDXdkXWKf8B8EVW1oDgJHLVFfdGB7DC5paC8kJzp71Wi6LPr3gGtdFX1A:-595afbb967a778af59bb4beff0add04e3f2af522061f4144248da0a23eef957d-OUT",
  "type": "OUT",
  "senders": [
    "PRgwFjkkaXzCkhGGaJqTamwrU5EQAW3Ckr",
    "PRehhnWtDpAFE5nXaTZnpfnTRxuLoe1i8U",
    "PVdfmciCv3sVMVH6X2nNbU12yKkJtJpNTT",
    "PBTYwyR95hGpyJx3pa77f6e1CiaRYsq2nj",
    "PPQBJ2q5Ls38Q6KfoxDKZyXaviX1ADBNBS",
    "PMxc3suzaKvz54QeR6ZofELRvKiWPQtQ5K",
    "PBxRB4QW5ER9etba2RyY35hHFcCzNcMcRJ"
  ],
  "recipients": [
    "PVtg2eRkLSVq71a4vQNK9bfH1i5inVniMv"
  ],
  "blockHeight": 410538,
  "blockHash": null,
  "accountId": "libcore:1:peercoin:r29uBq5ntWerEkmSeRnk1mXycyeP6iALyBvqrsmFAk8MWc8GQawnhzupDXdkXWKf8B8EVW1oDgJHLVFfdGB7DC5paC8kJzp71Wi6LPr3gGtdFX1A:",
  "extra": {},
  "hash": "595afbb967a778af59bb4beff0add04e3f2af522061f4144248da0a23eef957d",
  "value": "7118000",
  "fee": "1118000"
}
{
  "id": "libcore:1:peercoin:r29uBq5ntWerEkmSeRnk1mXycyeP6iALyBvqrsmFAk8MWc8GQawnhzupDXdkXWKf8B8EVW1oDgJHLVFfdGB7DC5paC8kJzp71Wi6LPr3gGtdFX1A:-5b44c098345d1c4070b93bb0c40920a252363069c161aa1046111e885787d246-OUT",
  "type": "OUT",
  "senders": [
    "PRrmKQTYu6eeKjgFust8vdk1kDrzPJA4yx"
  ],
  "recipients": [
    "PLQDgcVcE3txYZxLiYsVKWwNiXRycdrkae"
  ],
  "blockHeight": 396908,
  "blockHash": null,
  "accountId": "libcore:1:peercoin:r29uBq5ntWerEkmSeRnk1mXycyeP6iALyBvqrsmFAk8MWc8GQawnhzupDXdkXWKf8B8EVW1oDgJHLVFfdGB7DC5paC8kJzp71Wi6LPr3gGtdFX1A:",
  "extra": {},
  "hash": "5b44c098345d1c4070b93bb0c40920a252363069c161aa1046111e885787d246",
  "value": "4024840",
  "fee": "24840"
}
{
  "id": "libcore:1:peercoin:r29uBq5ntWerEkmSeRnk1mXycyeP6iALyBvqrsmFAk8MWc8GQawnhzupDXdkXWKf8B8EVW1oDgJHLVFfdGB7DC5paC8kJzp71Wi6LPr3gGtdFX1A:-5b4ecde7cefe972773393f636fdc6a290339f20936fbff42a6c3c67a588ee2fc-IN",
  "type": "IN",
  "senders": [
    "PDWfKcBHcYAcq57zKEMpmnXvWJUhpoJyw8",
    "PW1EPrmQBeXvXVtq5BVYeMB8YpdBvmKLqe"
  ],
  "recipients": [
    "PBxRB4QW5ER9etba2RyY35hHFcCzNcMcRJ"
  ],
  "blockHeight": 407683,
  "blockHash": null,
  "accountId": "libcore:1:peercoin:r29uBq5ntWerEkmSeRnk1mXycyeP6iALyBvqrsmFAk8MWc8GQawnhzupDXdkXWKf8B8EVW1oDgJHLVFfdGB7DC5paC8kJzp71Wi6LPr3gGtdFX1A:",
  "extra": {},
  "hash": "5b4ecde7cefe972773393f636fdc6a290339f20936fbff42a6c3c67a588ee2fc",
  "value": "1737410",
  "fee": "378000"
}
{
  "id": "libcore:1:peercoin:r29uBq5ntWerEkmSeRnk1mXycyeP6iALyBvqrsmFAk8MWc8GQawnhzupDXdkXWKf8B8EVW1oDgJHLVFfdGB7DC5paC8kJzp71Wi6LPr3gGtdFX1A:-5b4ecde7cefe972773393f636fdc6a290339f20936fbff42a6c3c67a588ee2fc-OUT",
  "type": "OUT",
  "senders": [
    "PDWfKcBHcYAcq57zKEMpmnXvWJUhpoJyw8",
    "PW1EPrmQBeXvXVtq5BVYeMB8YpdBvmKLqe"
  ],
  "recipients": [
    "PBxRB4QW5ER9etba2RyY35hHFcCzNcMcRJ"
  ],
  "blockHeight": 407683,
  "blockHash": null,
  "accountId": "libcore:1:peercoin:r29uBq5ntWerEkmSeRnk1mXycyeP6iALyBvqrsmFAk8MWc8GQawnhzupDXdkXWKf8B8EVW1oDgJHLVFfdGB7DC5paC8kJzp71Wi6LPr3gGtdFX1A:",
  "extra": {},
  "hash": "5b4ecde7cefe972773393f636fdc6a290339f20936fbff42a6c3c67a588ee2fc",
  "value": "2115410",
  "fee": "378000"
}
{
  "id": "libcore:1:peercoin:r29uBq5ntWerEkmSeRnk1mXycyeP6iALyBvqrsmFAk8MWc8GQawnhzupDXdkXWKf8B8EVW1oDgJHLVFfdGB7DC5paC8kJzp71Wi6LPr3gGtdFX1A:-5cd88ecdd8767538ab514b64a428b37082fabbfa6d2bbf0c65f879db9d373add-IN",
  "type": "IN",
  "senders": [
    "PQLUw7yLw6cY9DcyGk7EBLQL61zy7C2Vys",
    "PCkgpbCHnZ8GSU3RuSQgUuqVi9bciyzma6"
  ],
  "recipients": [
    "PDdwxNkkMKKeyxrjZ2TyrkEawNQpjRCZBo"
  ],
  "blockHeight": 419775,
  "blockHash": null,
  "accountId": "libcore:1:peercoin:r29uBq5ntWerEkmSeRnk1mXycyeP6iALyBvqrsmFAk8MWc8GQawnhzupDXdkXWKf8B8EVW1oDgJHLVFfdGB7DC5paC8kJzp71Wi6LPr3gGtdFX1A:",
  "extra": {},
  "hash": "5cd88ecdd8767538ab514b64a428b37082fabbfa6d2bbf0c65f879db9d373add",
  "value": "2000000",
  "fee": "302400"
}
{
  "id": "libcore:1:peercoin:r29uBq5ntWerEkmSeRnk1mXycyeP6iALyBvqrsmFAk8MWc8GQawnhzupDXdkXWKf8B8EVW1oDgJHLVFfdGB7DC5paC8kJzp71Wi6LPr3gGtdFX1A:-5cd88ecdd8767538ab514b64a428b37082fabbfa6d2bbf0c65f879db9d373add-OUT",
  "type": "OUT",
  "senders": [
    "PQLUw7yLw6cY9DcyGk7EBLQL61zy7C2Vys",
    "PCkgpbCHnZ8GSU3RuSQgUuqVi9bciyzma6"
  ],
  "recipients": [
    "PDdwxNkkMKKeyxrjZ2TyrkEawNQpjRCZBo"
  ],
  "blockHeight": 419775,
  "blockHash": null,
  "accountId": "libcore:1:peercoin:r29uBq5ntWerEkmSeRnk1mXycyeP6iALyBvqrsmFAk8MWc8GQawnhzupDXdkXWKf8B8EVW1oDgJHLVFfdGB7DC5paC8kJzp71Wi6LPr3gGtdFX1A:",
  "extra": {},
  "hash": "5cd88ecdd8767538ab514b64a428b37082fabbfa6d2bbf0c65f879db9d373add",
  "value": "2302400",
  "fee": "302400"
}
{
  "id": "libcore:1:peercoin:r29uBq5ntWerEkmSeRnk1mXycyeP6iALyBvqrsmFAk8MWc8GQawnhzupDXdkXWKf8B8EVW1oDgJHLVFfdGB7DC5paC8kJzp71Wi6LPr3gGtdFX1A:-650e8fb9562e5046a960f98f2fd9503cb7cc34fc5e28d11cd53d4269a291c348-IN",
  "type": "IN",
  "senders": [
    "PRVDciEtNLUXZdZAeCyDToym5rqKdHAtSA"
  ],
  "recipients": [
    "PCkgpbCHnZ8GSU3RuSQgUuqVi9bciyzma6",
    "PEC6mKLQ4HmWtAPWERd8vf8QYp3QSZDCUs"
  ],
  "blockHeight": 411563,
  "blockHash": null,
  "accountId": "libcore:1:peercoin:r29uBq5ntWerEkmSeRnk1mXycyeP6iALyBvqrsmFAk8MWc8GQawnhzupDXdkXWKf8B8EVW1oDgJHLVFfdGB7DC5paC8kJzp71Wi6LPr3gGtdFX1A:",
  "extra": {},
  "hash": "650e8fb9562e5046a960f98f2fd9503cb7cc34fc5e28d11cd53d4269a291c348",
  "value": "3952000",
  "fee": "230000"
}
{
  "id": "libcore:1:peercoin:r29uBq5ntWerEkmSeRnk1mXycyeP6iALyBvqrsmFAk8MWc8GQawnhzupDXdkXWKf8B8EVW1oDgJHLVFfdGB7DC5paC8kJzp71Wi6LPr3gGtdFX1A:-6f460844768a5d9062fdad885ee88d230d13daeb405d087977b745d52ae5d17f-IN",
  "type": "IN",
  "senders": [
    "PGU3Spr4KoCUCUMd35CJKyr36qdfZcERdD"
  ],
  "recipients": [
    "PAtMVH96dvcb7mSBXFtZMssW1pZiAmMysZ"
  ],
  "blockHeight": 419656,
  "blockHash": null,
  "accountId": "libcore:1:peercoin:r29uBq5ntWerEkmSeRnk1mXycyeP6iALyBvqrsmFAk8MWc8GQawnhzupDXdkXWKf8B8EVW1oDgJHLVFfdGB7DC5paC8kJzp71Wi6LPr3gGtdFX1A:",
  "extra": {},
  "hash": "6f460844768a5d9062fdad885ee88d230d13daeb405d087977b745d52ae5d17f",
  "value": "200000",
  "fee": "184000"
}
{
  "id": "libcore:1:peercoin:r29uBq5ntWerEkmSeRnk1mXycyeP6iALyBvqrsmFAk8MWc8GQawnhzupDXdkXWKf8B8EVW1oDgJHLVFfdGB7DC5paC8kJzp71Wi6LPr3gGtdFX1A:-82ae83ba0ef23924fcaa21e62512d19c52f577695bb17400c585d5ca7c9ba93e-IN",
  "type": "IN",
  "senders": [
    "PEAzLdLWfNeVqyE2r3GgtCUWLVSRDrRx2B"
  ],
  "recipients": [
    "PSCg2Kp6nanX6mVHQHDX6dJY2oHAcsGStP"
  ],
  "blockHeight": 394065,
  "blockHash": null,
  "accountId": "libcore:1:peercoin:r29uBq5ntWerEkmSeRnk1mXycyeP6iALyBvqrsmFAk8MWc8GQawnhzupDXdkXWKf8B8EVW1oDgJHLVFfdGB7DC5paC8kJzp71Wi6LPr3gGtdFX1A:",
  "extra": {},
  "hash": "82ae83ba0ef23924fcaa21e62512d19c52f577695bb17400c585d5ca7c9ba93e",
  "value": "1000000",
  "fee": "230000"
}
{
  "id": "libcore:1:peercoin:r29uBq5ntWerEkmSeRnk1mXycyeP6iALyBvqrsmFAk8MWc8GQawnhzupDXdkXWKf8B8EVW1oDgJHLVFfdGB7DC5paC8kJzp71Wi6LPr3gGtdFX1A:-82ae83ba0ef23924fcaa21e62512d19c52f577695bb17400c585d5ca7c9ba93e-OUT",
  "type": "OUT",
  "senders": [
    "PEAzLdLWfNeVqyE2r3GgtCUWLVSRDrRx2B"
  ],
  "recipients": [
    "PSCg2Kp6nanX6mVHQHDX6dJY2oHAcsGStP"
  ],
  "blockHeight": 394065,
  "blockHash": null,
  "accountId": "libcore:1:peercoin:r29uBq5ntWerEkmSeRnk1mXycyeP6iALyBvqrsmFAk8MWc8GQawnhzupDXdkXWKf8B8EVW1oDgJHLVFfdGB7DC5paC8kJzp71Wi6LPr3gGtdFX1A:",
  "extra": {},
  "hash": "82ae83ba0ef23924fcaa21e62512d19c52f577695bb17400c585d5ca7c9ba93e",
  "value": "1230000",
  "fee": "230000"
}
{
  "id": "libcore:1:peercoin:r29uBq5ntWerEkmSeRnk1mXycyeP6iALyBvqrsmFAk8MWc8GQawnhzupDXdkXWKf8B8EVW1oDgJHLVFfdGB7DC5paC8kJzp71Wi6LPr3gGtdFX1A:-a76b253dd704daeb553bd12dd58271a7463cf680d4203cedf02748b0ed6c7019-IN",
  "type": "IN",
  "senders": [
    "PFJMz2sH9p7VLu2XCp5EmqBZYoeZGUWzXw"
  ],
  "recipients": [
    "PQ4q7B33hq7oH2vFr6Hgr1kJJcog6sE73U"
  ],
  "blockHeight": 411382,
  "blockHash": null,
  "accountId": "libcore:1:peercoin:r29uBq5ntWerEkmSeRnk1mXycyeP6iALyBvqrsmFAk8MWc8GQawnhzupDXdkXWKf8B8EVW1oDgJHLVFfdGB7DC5paC8kJzp71Wi6LPr3gGtdFX1A:",
  "extra": {},
  "hash": "a76b253dd704daeb553bd12dd58271a7463cf680d4203cedf02748b0ed6c7019",
  "value": "988000",
  "fee": "196300"
}
{
  "id": "libcore:1:peercoin:r29uBq5ntWerEkmSeRnk1mXycyeP6iALyBvqrsmFAk8MWc8GQawnhzupDXdkXWKf8B8EVW1oDgJHLVFfdGB7DC5paC8kJzp71Wi6LPr3gGtdFX1A:-b598ea2cdf3dfe5c79f42f255700b418673bacbf26d476a847e1473f380b1adf-IN",
  "type": "IN",
  "senders": [
    "PEC6mKLQ4HmWtAPWERd8vf8QYp3QSZDCUs"
  ],
  "recipients": [
    "PRKHbWT5UQT5FYbvMSthrHT4a7Z5riUeoh",
    "PGU3Spr4KoCUCUMd35CJKyr36qdfZcERdD"
  ],
  "blockHeight": 417075,
  "blockHash": null,
  "accountId": "libcore:1:peercoin:r29uBq5ntWerEkmSeRnk1mXycyeP6iALyBvqrsmFAk8MWc8GQawnhzupDXdkXWKf8B8EVW1oDgJHLVFfdGB7DC5paC8kJzp71Wi6LPr3gGtdFX1A:",
  "extra": {},
  "hash": "b598ea2cdf3dfe5c79f42f255700b418673bacbf26d476a847e1473f380b1adf",
  "value": "100000",
  "fee": "184000"
}
{
  "id": "libcore:1:peercoin:r29uBq5ntWerEkmSeRnk1mXycyeP6iALyBvqrsmFAk8MWc8GQawnhzupDXdkXWKf8B8EVW1oDgJHLVFfdGB7DC5paC8kJzp71Wi6LPr3gGtdFX1A:-b762622ed0b1383347b729179f5363499292f2f5e2a300ccb3e50e5abe9668c6-IN",
  "type": "IN",
  "senders": [
    "PAKQvYffXsg9NXicqvXzgiR9VgF1vrqGYh",
    "PEPgyqCRPpsviJtGiRb361sfbb3swNm17c"
  ],
  "recipients": [
    "PRnGMpr6rGKdfUetqzE2kB3GWCkqiMeEpF",
    "PRrmKQTYu6eeKjgFust8vdk1kDrzPJA4yx"
  ],
  "blockHeight": 396637,
  "blockHash": null,
  "accountId": "libcore:1:peercoin:r29uBq5ntWerEkmSeRnk1mXycyeP6iALyBvqrsmFAk8MWc8GQawnhzupDXdkXWKf8B8EVW1oDgJHLVFfdGB7DC5paC8kJzp71Wi6LPr3gGtdFX1A:",
  "extra": {},
  "hash": "b762622ed0b1383347b729179f5363499292f2f5e2a300ccb3e50e5abe9668c6",
  "value": "8774842",
  "fee": "10000"
}
{
  "id": "libcore:1:peercoin:r29uBq5ntWerEkmSeRnk1mXycyeP6iALyBvqrsmFAk8MWc8GQawnhzupDXdkXWKf8B8EVW1oDgJHLVFfdGB7DC5paC8kJzp71Wi6LPr3gGtdFX1A:-befbf802bade922eea3b24a1c5ff4957d5162e84a7c841a74152b13e20eb3206-IN",
  "type": "IN",
  "senders": [
    "PHQJ2tNY7D8t46BjStf2eqhmjJQ9kRRDV1",
    "PSNxPoyeZwWjYZhZVbAH8RPJ3nu7av4QhN"
  ],
  "recipients": [
    "PPQBJ2q5Ls38Q6KfoxDKZyXaviX1ADBNBS"
  ],
  "blockHeight": 401773,
  "blockHash": null,
  "accountId": "libcore:1:peercoin:r29uBq5ntWerEkmSeRnk1mXycyeP6iALyBvqrsmFAk8MWc8GQawnhzupDXdkXWKf8B8EVW1oDgJHLVFfdGB7DC5paC8kJzp71Wi6LPr3gGtdFX1A:",
  "extra": {},
  "hash": "befbf802bade922eea3b24a1c5ff4957d5162e84a7c841a74152b13e20eb3206",
  "value": "1586561",
  "fee": "94500"
}
{
  "id": "libcore:1:peercoin:r29uBq5ntWerEkmSeRnk1mXycyeP6iALyBvqrsmFAk8MWc8GQawnhzupDXdkXWKf8B8EVW1oDgJHLVFfdGB7DC5paC8kJzp71Wi6LPr3gGtdFX1A:-befbf802bade922eea3b24a1c5ff4957d5162e84a7c841a74152b13e20eb3206-OUT",
  "type": "OUT",
  "senders": [
    "PHQJ2tNY7D8t46BjStf2eqhmjJQ9kRRDV1",
    "PSNxPoyeZwWjYZhZVbAH8RPJ3nu7av4QhN"
  ],
  "recipients": [
    "PPQBJ2q5Ls38Q6KfoxDKZyXaviX1ADBNBS"
  ],
  "blockHeight": 401773,
  "blockHash": null,
  "accountId": "libcore:1:peercoin:r29uBq5ntWerEkmSeRnk1mXycyeP6iALyBvqrsmFAk8MWc8GQawnhzupDXdkXWKf8B8EVW1oDgJHLVFfdGB7DC5paC8kJzp71Wi6LPr3gGtdFX1A:",
  "extra": {},
  "hash": "befbf802bade922eea3b24a1c5ff4957d5162e84a7c841a74152b13e20eb3206",
  "value": "1681061",
  "fee": "94500"
}
{
  "id": "libcore:1:peercoin:r29uBq5ntWerEkmSeRnk1mXycyeP6iALyBvqrsmFAk8MWc8GQawnhzupDXdkXWKf8B8EVW1oDgJHLVFfdGB7DC5paC8kJzp71Wi6LPr3gGtdFX1A:-c51a9619a042f47cd6af2edea25a562fe18e111a8665f1fac2024eca672a287d-IN",
  "type": "IN",
  "senders": [
    "PBGH9vrHx4oiBC4EjCcupnmv5fFuqj4KMD"
  ],
  "recipients": [
    "PHQJ2tNY7D8t46BjStf2eqhmjJQ9kRRDV1"
  ],
  "blockHeight": 399128,
  "blockHash": null,
  "accountId": "libcore:1:peercoin:r29uBq5ntWerEkmSeRnk1mXycyeP6iALyBvqrsmFAk8MWc8GQawnhzupDXdkXWKf8B8EVW1oDgJHLVFfdGB7DC5paC8kJzp71Wi6LPr3gGtdFX1A:",
  "extra": {},
  "hash": "c51a9619a042f47cd6af2edea25a562fe18e111a8665f1fac2024eca672a287d",
  "value": "1000000",
  "fee": "230000"
}
{
  "id": "libcore:1:peercoin:r29uBq5ntWerEkmSeRnk1mXycyeP6iALyBvqrsmFAk8MWc8GQawnhzupDXdkXWKf8B8EVW1oDgJHLVFfdGB7DC5paC8kJzp71Wi6LPr3gGtdFX1A:-c51a9619a042f47cd6af2edea25a562fe18e111a8665f1fac2024eca672a287d-OUT",
  "type": "OUT",
  "senders": [
    "PBGH9vrHx4oiBC4EjCcupnmv5fFuqj4KMD"
  ],
  "recipients": [
    "PHQJ2tNY7D8t46BjStf2eqhmjJQ9kRRDV1"
  ],
  "blockHeight": 399128,
  "blockHash": null,
  "accountId": "libcore:1:peercoin:r29uBq5ntWerEkmSeRnk1mXycyeP6iALyBvqrsmFAk8MWc8GQawnhzupDXdkXWKf8B8EVW1oDgJHLVFfdGB7DC5paC8kJzp71Wi6LPr3gGtdFX1A:",
  "extra": {},
  "hash": "c51a9619a042f47cd6af2edea25a562fe18e111a8665f1fac2024eca672a287d",
  "value": "1230000",
  "fee": "230000"
}
{
  "id": "libcore:1:peercoin:r29uBq5ntWerEkmSeRnk1mXycyeP6iALyBvqrsmFAk8MWc8GQawnhzupDXdkXWKf8B8EVW1oDgJHLVFfdGB7DC5paC8kJzp71Wi6LPr3gGtdFX1A:-c59ea4e0e2d4c22adbd74f2ca7a5444ff2ffd23c5d6e473de421993c5fdb1164-IN",
  "type": "IN",
  "senders": [
    "PVtg2eRkLSVq71a4vQNK9bfH1i5inVniMv"
  ],
  "recipients": [
    "PVmkBajYF1MLc695kcAT2iZnjMiQikpYGu",
    "PFJMz2sH9p7VLu2XCp5EmqBZYoeZGUWzXw"
  ],
  "blockHeight": 411382,
  "blockHash": null,
  "accountId": "libcore:1:peercoin:r29uBq5ntWerEkmSeRnk1mXycyeP6iALyBvqrsmFAk8MWc8GQawnhzupDXdkXWKf8B8EVW1oDgJHLVFfdGB7DC5paC8kJzp71Wi6LPr3gGtdFX1A:",
  "extra": {},
  "hash": "c59ea4e0e2d4c22adbd74f2ca7a5444ff2ffd23c5d6e473de421993c5fdb1164",
  "value": "4585700",
  "fee": "230000"
}
{
  "id": "libcore:1:peercoin:r29uBq5ntWerEkmSeRnk1mXycyeP6iALyBvqrsmFAk8MWc8GQawnhzupDXdkXWKf8B8EVW1oDgJHLVFfdGB7DC5paC8kJzp71Wi6LPr3gGtdFX1A:-d21fb989025a5008d48e511ef7d114eef9553dae26355cf90d8a9ab3e17cce33-OUT",
  "type": "OUT",
  "senders": [
    "PUwaF4iEbKhYznpDjCyJsv86EqoNjcLVdA",
    "PVD7qTw13RyJ1N9f7mdUjhgE26UYksdR2f",
    "PQ4q7B33hq7oH2vFr6Hgr1kJJcog6sE73U",
    "PVmkBajYF1MLc695kcAT2iZnjMiQikpYGu"
  ],
  "recipients": [
    "PRVDciEtNLUXZdZAeCyDToym5rqKdHAtSA"
  ],
  "blockHeight": 411546,
  "blockHash": null,
  "accountId": "libcore:1:peercoin:r29uBq5ntWerEkmSeRnk1mXycyeP6iALyBvqrsmFAk8MWc8GQawnhzupDXdkXWKf8B8EVW1oDgJHLVFfdGB7DC5paC8kJzp71Wi6LPr3gGtdFX1A:",
  "extra": {},
  "hash": "d21fb989025a5008d48e511ef7d114eef9553dae26355cf90d8a9ab3e17cce33",
  "value": "5524000",
  "fee": "674000"
}
{
  "id": "libcore:1:peercoin:r29uBq5ntWerEkmSeRnk1mXycyeP6iALyBvqrsmFAk8MWc8GQawnhzupDXdkXWKf8B8EVW1oDgJHLVFfdGB7DC5paC8kJzp71Wi6LPr3gGtdFX1A:-e7e785e3f607be2401bb5dc3b6e0533df5cbb58acec1008914429747ce4bb2ae-OUT",
  "type": "OUT",
  "senders": [
    "PSQWMGRYPZ88KfhWQ9oMqoJErrYNkG7dJq",
    "PBbQEHkkXmbtQCnWmkd4HSjvXEc6Mp83Gz",
    "PMCfyVj6MbhEw2E2SV7Fc6jsGZY2hZhZyw"
  ],
  "recipients": [
    "PD3w1eqRUJGd8K678WSDVqU9qcfijmU7JS"
  ],
  "blockHeight": 423995,
  "blockHash": null,
  "accountId": "libcore:1:peercoin:r29uBq5ntWerEkmSeRnk1mXycyeP6iALyBvqrsmFAk8MWc8GQawnhzupDXdkXWKf8B8EVW1oDgJHLVFfdGB7DC5paC8kJzp71Wi6LPr3gGtdFX1A:",
  "extra": {},
  "hash": "e7e785e3f607be2401bb5dc3b6e0533df5cbb58acec1008914429747ce4bb2ae",
  "value": "4269998",
  "fee": "369008"
}
{
  "id": "libcore:1:peercoin:r29uBq5ntWerEkmSeRnk1mXycyeP6iALyBvqrsmFAk8MWc8GQawnhzupDXdkXWKf8B8EVW1oDgJHLVFfdGB7DC5paC8kJzp71Wi6LPr3gGtdFX1A:-f90ee94f7cc17581a5341dd763d94d8426d9bebb811818b4107e7bfa2c2f7d0f-IN",
  "type": "IN",
  "senders": [
    "PCwMzyDYShyGhZe5F1kXS6K9xBSaxpf95d"
  ],
  "recipients": [
    "PDWfKcBHcYAcq57zKEMpmnXvWJUhpoJyw8"
  ],
  "blockHeight": 401406,
  "blockHash": null,
  "accountId": "libcore:1:peercoin:r29uBq5ntWerEkmSeRnk1mXycyeP6iALyBvqrsmFAk8MWc8GQawnhzupDXdkXWKf8B8EVW1oDgJHLVFfdGB7DC5paC8kJzp71Wi6LPr3gGtdFX1A:",
  "extra": {},
  "hash": "f90ee94f7cc17581a5341dd763d94d8426d9bebb811818b4107e7bfa2c2f7d0f",
  "value": "143793",
  "fee": "23000"
}
{
  "id": "libcore:1:peercoin:r29uBq5ntWerEkmSeRnk1mXycyeP6iALyBvqrsmFAk8MWc8GQawnhzupDXdkXWKf8B8EVW1oDgJHLVFfdGB7DC5paC8kJzp71Wi6LPr3gGtdFX1A:-f90ee94f7cc17581a5341dd763d94d8426d9bebb811818b4107e7bfa2c2f7d0f-OUT",
  "type": "OUT",
  "senders": [
    "PCwMzyDYShyGhZe5F1kXS6K9xBSaxpf95d"
  ],
  "recipients": [
    "PDWfKcBHcYAcq57zKEMpmnXvWJUhpoJyw8"
  ],
  "blockHeight": 401406,
  "blockHash": null,
  "accountId": "libcore:1:peercoin:r29uBq5ntWerEkmSeRnk1mXycyeP6iALyBvqrsmFAk8MWc8GQawnhzupDXdkXWKf8B8EVW1oDgJHLVFfdGB7DC5paC8kJzp71Wi6LPr3gGtdFX1A:",
  "extra": {},
  "hash": "f90ee94f7cc17581a5341dd763d94d8426d9bebb811818b4107e7bfa2c2f7d0f",
  "value": "166793",
  "fee": "23000"
}
{
  "id": "libcore:1:peercoin:r29uBq5ntWerEkmSeRnk1mXycyeP6iALyBvqrsmFAk8MWc8GQawnhzupDXdkXWKf8B8EVW1oDgJHLVFfdGB7DC5paC8kJzp71Wi6LPr3gGtdFX1A:-fdd2a4774db892927b91f347c369f40311e7b9d7426ae5b1f63ccb8939992be1-IN",
  "type": "IN",
  "senders": [
    "PSCg2Kp6nanX6mVHQHDX6dJY2oHAcsGStP"
  ],
  "recipients": [
    "PRgwFjkkaXzCkhGGaJqTamwrU5EQAW3Ckr"
  ],
  "blockHeight": 401590,
  "blockHash": null,
  "accountId": "libcore:1:peercoin:r29uBq5ntWerEkmSeRnk1mXycyeP6iALyBvqrsmFAk8MWc8GQawnhzupDXdkXWKf8B8EVW1oDgJHLVFfdGB7DC5paC8kJzp71Wi6LPr3gGtdFX1A:",
  "extra": {},
  "hash": "fdd2a4774db892927b91f347c369f40311e7b9d7426ae5b1f63ccb8939992be1",
  "value": "749838",
  "fee": "46000"
}
{
  "id": "libcore:1:peercoin:r29uBq5ntWerEkmSeRnk1mXycyeP6iALyBvqrsmFAk8MWc8GQawnhzupDXdkXWKf8B8EVW1oDgJHLVFfdGB7DC5paC8kJzp71Wi6LPr3gGtdFX1A:-fdd2a4774db892927b91f347c369f40311e7b9d7426ae5b1f63ccb8939992be1-OUT",
  "type": "OUT",
  "senders": [
    "PSCg2Kp6nanX6mVHQHDX6dJY2oHAcsGStP"
  ],
  "recipients": [
    "PRgwFjkkaXzCkhGGaJqTamwrU5EQAW3Ckr"
  ],
  "blockHeight": 401590,
  "blockHash": null,
  "accountId": "libcore:1:peercoin:r29uBq5ntWerEkmSeRnk1mXycyeP6iALyBvqrsmFAk8MWc8GQawnhzupDXdkXWKf8B8EVW1oDgJHLVFfdGB7DC5paC8kJzp71Wi6LPr3gGtdFX1A:",
  "extra": {},
  "hash": "fdd2a4774db892927b91f347c369f40311e7b9d7426ae5b1f63ccb8939992be1",
  "value": "795838",
  "fee": "46000"
}
