{
  "id": "libcore:1:pivx:ToEA6m53puzNkVaa816ravMdDsMuYbDnK8VpaK7PSh8ud9pfmjCZoi79NhJA4dLNg82qv9kxWh8hZr94PZraQVvcrctCisBSShG5cJnZxYvxgP8:-1f40229e5e1c1f93e3235039bf7f8567e35e2e5d356597c3f48acf5a45a708f7-OUT",
  "type": "OUT",
  "senders": [
    "D7Kmsi2mNszU9VbPmmiVQFZxnpMydaA7YR"
  ],
  "recipients": [
    "DCr8iLpjZdwNQfcbcSg3uZWTsGdTJVJ8PB"
  ],
  "blockHeight": 1738723,
  "blockHash": null,
  "accountId": "libcore:1:pivx:ToEA6m53puzNkVaa816ravMdDsMuYbDnK8VpaK7PSh8ud9pfmjCZoi79NhJA4dLNg82qv9kxWh8hZr94PZraQVvcrctCisBSShG5cJnZxYvxgP8:",
  "extra": {},
  "hash": "1f40229e5e1c1f93e3235039bf7f8567e35e2e5d356597c3f48acf5a45a708f7",
  "value": "497416202",
  "fee": "13248"
}
{
  "id": "libcore:1:pivx:ToEA6m53puzNkVaa816ravMdDsMuYbDnK8VpaK7PSh8ud9pfmjCZoi79NhJA4dLNg82qv9kxWh8hZr94PZraQVvcrctCisBSShG5cJnZxYvxgP8:-2b163bffc01d4faaeff5fe4fe8319a6933e2ed06073e520cf3a1b2e524f660c3-OUT",
  "type": "OUT",
  "senders": [
    "D6k3vp8DC6zXTXKcrfQSzpob59yyEomiUF"
  ],
  "recipients": [
    "DRb8jxjfVDEyYgh165H8XSGiKS2xcgEgPX"
  ],
  "blockHeight": 1646371,
  "blockHash": null,
  "accountId": "libcore:1:pivx:ToEA6m53puzNkVaa816ravMdDsMuYbDnK8VpaK7PSh8ud9pfmjCZoi79NhJA4dLNg82qv9kxWh8hZr94PZraQVvcrctCisBSShG5cJnZxYvxgP8:",
  "extra": {},
  "hash": "2b163bffc01d4faaeff5fe4fe8319a6933e2ed06073e520cf3a1b2e524f660c3",
  "value": "80011300",
  "fee": "11300"
}
{
  "id": "libcore:1:pivx:ToEA6m53puzNkVaa816ravMdDsMuYbDnK8VpaK7PSh8ud9pfmjCZoi79NhJA4dLNg82qv9kxWh8hZr94PZraQVvcrctCisBSShG5cJnZxYvxgP8:-52a90db38caf61c2d4555dd5ffe80e96943c35768e561b3ab79d8d9a700cc71a-OUT",
  "type": "OUT",
  "senders": [
    "DS8t2zUnkU9wFHrK8YWmLCafX76VdfC7C2"
  ],
  "recipients": [
    "DN58aa8UrkLWy6JyfGhRSDugJ6fne5NPjg"
  ],
  "blockHeight": 1697296,
  "blockHash": null,
  "accountId": "libcore:1:pivx:ToEA6m53puzNkVaa816ravMdDsMuYbDnK8VpaK7PSh8ud9pfmjCZoi79NhJA4dLNg82qv9kxWh8hZr94PZraQVvcrctCisBSShG5cJnZxYvxgP8:",
  "extra": {},
  "hash": "52a90db38caf61c2d4555dd5ffe80e96943c35768e561b3ab79d8d9a700cc71a",
  "value": "4976497",
  "fee": "16497"
}
{
  "id": "libcore:1:pivx:ToEA6m53puzNkVaa816ravMdDsMuYbDnK8VpaK7PSh8ud9pfmjCZoi79NhJA4dLNg82qv9kxWh8hZr94PZraQVvcrctCisBSShG5cJnZxYvxgP8:-5adb756bcd6c43f25d3917ca34fa0420f0fa37833428b0f55307d1eeff217e7c-OUT",
  "type": "OUT",
  "senders": [
    "DNW7tvUTSWudEvPZqnGZFQdnfnkejg8D8U"
  ],
  "recipients": [
    "DQR8AwgRvsYp9k2P4B7mUn1bKGmg2Szezf"
  ],
  "blockHeight": 1616014,
  "blockHash": null,
  "accountId": "libcore:1:pivx:ToEA6m53puzNkVaa816ravMdDsMuYbDnK8VpaK7PSh8ud9pfmjCZoi79NhJA4dLNg82qv9kxWh8hZr94PZraQVvcrctCisBSShG5cJnZxYvxgP8:",
  "extra": {},
  "hash": "5adb756bcd6c43f25d3917ca34fa0420f0fa37833428b0f55307d1eeff217e7c",
  "value": "300012203",
  "fee": "12204"
}
{
  "id": "libcore:1:pivx:ToEA6m53puzNkVaa816ravMdDsMuYbDnK8VpaK7PSh8ud9pfmjCZoi79NhJA4dLNg82qv9kxWh8hZr94PZraQVvcrctCisBSShG5cJnZxYvxgP8:-69b80975c993d1c060843b16e155511900c9da3a74cb6611bf22849c478027c5-IN",
  "type": "IN",
  "senders": [
    "DJ7QDkskYhiRXg5m7bUB5zCSLy8ZQWPKvh",
    "D8bL5YxBi9fbko1WRWEAsS2KUaFnYMMt63",
    "DDBgrPMCS29WrAstv4jsUWoGtpwMuJSLHH",
    "DQR8AwgRvsYp9k2P4B7mUn1bKGmg2Szezf",
    "DRb8jxjfVDEyYgh165H8XSGiKS2xcgEgPX",
    "DN58aa8UrkLWy6JyfGhRSDugJ6fne5NPjg"
  ],
  "recipients": [
    "D7Kmsi2mNszU9VbPmmiVQFZxnpMydaA7YR",
    "DKL123Un3uXdWbdFVEym18SBD4YjieDQ3K"
  ],
  "blockHeight": 1730385,
  "blockHash": null,
  "accountId": "libcore:1:pivx:ToEA6m53puzNkVaa816ravMdDsMuYbDnK8VpaK7PSh8ud9pfmjCZoi79NhJA4dLNg82qv9kxWh8hZr94PZraQVvcrctCisBSShG5cJnZxYvxgP8:",
  "extra": {},
  "hash": "69b80975c993d1c060843b16e155511900c9da3a74cb6611bf22849c478027c5",
  "value": "497416202",
  "fee": "48300"
}
{
  "id": "libcore:1:pivx:ToEA6m53puzNkVaa816ravMdDsMuYbDnK8VpaK7PSh8ud9pfmjCZoi79NhJA4dLNg82qv9kxWh8hZr94PZraQVvcrctCisBSShG5cJnZxYvxgP8:-6c7adfa627e3d5dae37edae565d3ff36a2279f3d486cb7128fd1ce0e7e1c0966-IN",
  "type": "IN",
  "senders": [
    "DRYKZpMCybKfFm3YRfiRYDcidpNoHKCzhi"
  ],
  "recipients": [
    "DPAe2WS2hBAU9xXrJoqhKSx9AjwCGapvAd",
    "D9W8DPPC953iQbqWJqtfGHdtfTcr1kkm4U"
  ],
  "blockHeight": 1381452,
  "blockHash": null,
  "accountId": "libcore:1:pivx:ToEA6m53puzNkVaa816ravMdDsMuYbDnK8VpaK7PSh8ud9pfmjCZoi79NhJA4dLNg82qv9kxWh8hZr94PZraQVvcrctCisBSShG5cJnZxYvxgP8:",
  "extra": {},
  "hash": "6c7adfa627e3d5dae37edae565d3ff36a2279f3d486cb7128fd1ce0e7e1c0966",
  "value": "703295906",
  "fee": "1954441"
}
{
  "id": "libcore:1:pivx:ToEA6m53puzNkVaa816ravMdDsMuYbDnK8VpaK7PSh8ud9pfmjCZoi79NhJA4dLNg82qv9kxWh8hZr94PZraQVvcrctCisBSShG5cJnZxYvxgP8:-792f08958cd4b99262bc34558d3ec67d843445b4cdc975d2b07a7b370c80f07c-OUT",
  "type": "OUT",
  "senders": [
    "DHiecGXUp4mHZNw6nH8Xj8dY9Y9RQzUAVQ"
  ],
  "recipients": [
    "DKUUTdTvv4jcrVsbKqTiEFfrQ2tonVq7Rj"
  ],
  "blockHeight": 1605928,
  "blockHash": null,
  "accountId": "libcore:1:pivx:ToEA6m53puzNkVaa816ravMdDsMuYbDnK8VpaK7PSh8ud9pfmjCZoi79NhJA4dLNg82qv9kxWh8hZr94PZraQVvcrctCisBSShG5cJnZxYvxgP8:",
  "extra": {},
  "hash": "792f08958cd4b99262bc34558d3ec67d843445b4cdc975d2b07a7b370c80f07c",
  "value": "200000000",
  "fee": "10000"
}
{
  "id": "libcore:1:pivx:ToEA6m53puzNkVaa816ravMdDsMuYbDnK8VpaK7PSh8ud9pfmjCZoi79NhJA4dLNg82qv9kxWh8hZr94PZraQVvcrctCisBSShG5cJnZxYvxgP8:-7a030e11ff25c3219f34dca3835f9b171060a8620ea0e797d13259c7e15245f6-IN",
  "type": "IN",
  "senders": [
    "DJZbRq5KLNfDmvtZx4EMq3rjzZyTWcuLKo"
  ],
  "recipients": [
    "DSaBMXGhZFZwSQYWsrkbBsUs33s3RsKJBw",
    "DJ7QDkskYhiRXg5m7bUB5zCSLy8ZQWPKvh"
  ],
  "blockHeight": 1614068,
  "blockHash": null,
  "accountId": "libcore:1:pivx:ToEA6m53puzNkVaa816ravMdDsMuYbDnK8VpaK7PSh8ud9pfmjCZoi79NhJA4dLNg82qv9kxWh8hZr94PZraQVvcrctCisBSShG5cJnZxYvxgP8:",
  "extra": {},
  "hash": "7a030e11ff25c3219f34dca3835f9b171060a8620ea0e797d13259c7e15245f6",
  "value": "50953800",
  "fee": "22600"
}
{
  "id": "libcore:1:pivx:ToEA6m53puzNkVaa816ravMdDsMuYbDnK8VpaK7PSh8ud9pfmjCZoi79NhJA4dLNg82qv9kxWh8hZr94PZraQVvcrctCisBSShG5cJnZxYvxgP8:-822d6ce106ab5749424ea6c501285261522de389d5d2ffd5533631f725748811-IN",
  "type": "IN",
  "senders": [
    "DBD5X6zAGZ1ECL7MZWpamqMhhQHg7MA68i",
    "DCR4fmRqs83gR59sBRc4hjqfjRpmyuFm57",
    "DUSM3pBDJjVVh4aiRjZey21w3N1qpByZBy"
  ],
  "recipients": [
    "DHiecGXUp4mHZNw6nH8Xj8dY9Y9RQzUAVQ",
    "DSHMbuYHd1iuDXxnqNsaQSY9zt77QSoMyy"
  ],
  "blockHeight": 1605112,
  "blockHash": null,
  "accountId": "libcore:1:pivx:ToEA6m53puzNkVaa816ravMdDsMuYbDnK8VpaK7PSh8ud9pfmjCZoi79NhJA4dLNg82qv9kxWh8hZr94PZraQVvcrctCisBSShG5cJnZxYvxgP8:",
  "extra": {},
  "hash": "822d6ce106ab5749424ea6c501285261522de389d5d2ffd5533631f725748811",
  "value": "200000000",
  "fee": "26100"
}
{
  "id": "libcore:1:pivx:ToEA6m53puzNkVaa816ravMdDsMuYbDnK8VpaK7PSh8ud9pfmjCZoi79NhJA4dLNg82qv9kxWh8hZr94PZraQVvcrctCisBSShG5cJnZxYvxgP8:-99a145d3cb4b007b1dbb56710edf632b704a9e82b461d18f019543a0e26a82e9-IN",
  "type": "IN",
  "senders": [
    "DPAe2WS2hBAU9xXrJoqhKSx9AjwCGapvAd"
  ],
  "recipients": [
    "DJ6STjsfLhaJzQ971iPwd7dEEjeKyJe2Hu"
  ],
  "blockHeight": 1387883,
  "blockHash": null,
  "accountId": "libcore:1:pivx:ToEA6m53puzNkVaa816ravMdDsMuYbDnK8VpaK7PSh8ud9pfmjCZoi79NhJA4dLNg82qv9kxWh8hZr94PZraQVvcrctCisBSShG5cJnZxYvxgP8:",
  "extra": {},
  "hash": "99a145d3cb4b007b1dbb56710edf632b704a9e82b461d18f019543a0e26a82e9",
  "value": "200000000",
  "fee": "4520"
}
{
  "id": "libcore:1:pivx:ToEA6m53puzNkVaa816ravMdDsMuYbDnK8VpaK7PSh8ud9pfmjCZoi79NhJA4dLNg82qv9kxWh8hZr94PZraQVvcrctCisBSShG5cJnZxYvxgP8:-99a145d3cb4b007b1dbb56710edf632b704a9e82b461d18f019543a0e26a82e9-OUT",
  "type": "OUT",
  "senders": [
    "DPAe2WS2hBAU9xXrJoqhKSx9AjwCGapvAd"
  ],
  "recipients": [
    "DJ6STjsfLhaJzQ971iPwd7dEEjeKyJe2Hu"
  ],
  "blockHeight": 1387883,
  "blockHash": null,
  "accountId": "libcore:1:pivx:ToEA6m53puzNkVaa816ravMdDsMuYbDnK8VpaK7PSh8ud9pfmjCZoi79NhJA4dLNg82qv9kxWh8hZr94PZraQVvcrctCisBSShG5cJnZxYvxgP8:",
  "extra": {},
  "hash": "99a145d3cb4b007b1dbb56710edf632b704a9e82b461d18f019543a0e26a82e9",
  "value": "200004520",
  "fee": "4520"
}
{
  "id": "libcore:1:pivx:ToEA6m53puzNkVaa816ravMdDsMuYbDnK8VpaK7PSh8ud9pfmjCZoi79NhJA4dLNg82qv9kxWh8hZr94PZraQVvcrctCisBSShG5cJnZxYvxgP8:-ad388d2b260a911ff30ed996f2dce3b929cd4554919db3d53e6d7412e1bb5e53-OUT",
  "type": "OUT",
  "senders": [
    "DSaBMXGhZFZwSQYWsrkbBsUs33s3RsKJBw"
  ],
  "recipients": [
    "D8bL5YxBi9fbko1WRWEAsS2KUaFnYMMt63"
  ],
  "blockHeight": 1614069,
  "blockHash": null,
  "accountId": "libcore:1:pivx:ToEA6m53puzNkVaa816ravMdDsMuYbDnK8VpaK7PSh8ud9pfmjCZoi79NhJA4dLNg82qv9kxWh8hZr94PZraQVvcrctCisBSShG5cJnZxYvxgP8:",
  "extra": {},
  "hash": "ad388d2b260a911ff30ed996f2dce3b929cd4554919db3d53e6d7412e1bb5e53",
  "value": "50953800",
  "fee": "23800"
}
{
  "id": "libcore:1:pivx:ToEA6m53puzNkVaa816ravMdDsMuYbDnK8VpaK7PSh8ud9pfmjCZoi79NhJA4dLNg82qv9kxWh8hZr94PZraQVvcrctCisBSShG5cJnZxYvxgP8:-aff2cfa5d9f10fa4ab953bf5233d31fc5dcee9177bca48a9b541f33b8faa6b45-IN",
  "type": "IN",
  "senders": [
    "DA5P8XFpYhtmQFaRnuaUXR5nLGfBZ6AmND",
    "DSHMbuYHd1iuDXxnqNsaQSY9zt77QSoMyy",
    "DKUUTdTvv4jcrVsbKqTiEFfrQ2tonVq7Rj"
  ],
  "recipients": [
    "DNW7tvUTSWudEvPZqnGZFQdnfnkejg8D8U",
    "DDBgrPMCS29WrAstv4jsUWoGtpwMuJSLHH"
  ],
  "blockHeight": 1615764,
  "blockHash": null,
  "accountId": "libcore:1:pivx:ToEA6m53puzNkVaa816ravMdDsMuYbDnK8VpaK7PSh8ud9pfmjCZoi79NhJA4dLNg82qv9kxWh8hZr94PZraQVvcrctCisBSShG5cJnZxYvxgP8:",
  "extra": {},
  "hash": "aff2cfa5d9f10fa4ab953bf5233d31fc5dcee9177bca48a9b541f33b8faa6b45",
  "value": "385000000",
  "fee": "10440"
}
{
  "id": "libcore:1:pivx:ToEA6m53puzNkVaa816ravMdDsMuYbDnK8VpaK7PSh8ud9pfmjCZoi79NhJA4dLNg82qv9kxWh8hZr94PZraQVvcrctCisBSShG5cJnZxYvxgP8:-b4831b97f4f74e7b00c13bd53c77576a41c57e0cbd86d0c5162daba6a7d70167-OUT",
  "type": "OUT",
  "senders": [
    "DGXhdon9u6uwuSFJnNPKfWu1szTgnSqvMC",
    "DHNTnLbcN4jynKShVd9W2wf5m3LK2BWjeC",
    "DH1d87o9HnxEwM6K6TuU6FsCkAJvbfCdeH"
  ],
  "recipients": [
    "DDk3PwTB9JTqH3bb66w3rU23UMRMu6FsFi"
  ],
  "blockHeight": 1423186,
  "blockHash": null,
  "accountId": "libcore:1:pivx:ToEA6m53puzNkVaa816ravMdDsMuYbDnK8VpaK7PSh8ud9pfmjCZoi79NhJA4dLNg82qv9kxWh8hZr94PZraQVvcrctCisBSShG5cJnZxYvxgP8:",
  "extra": {},
  "hash": "b4831b97f4f74e7b00c13bd53c77576a41c57e0cbd86d0c5162daba6a7d70167",
  "value": "703261386",
  "fee": "61386"
}
{
  "id": "libcore:1:pivx:ToEA6m53puzNkVaa816ravMdDsMuYbDnK8VpaK7PSh8ud9pfmjCZoi79NhJA4dLNg82qv9kxWh8hZr94PZraQVvcrctCisBSShG5cJnZxYvxgP8:-c75c63d3281ac87ba19189db27c4b4322a322064c6d8e74e33585350207a9171-IN",
  "type": "IN",
  "senders": [
    "D8tnjmPuxt7N1XPz1n5mvxXJkrkcrQVdUw"
  ],
  "recipients": [
    "DHNTnLbcN4jynKShVd9W2wf5m3LK2BWjeC"
  ],
  "blockHeight": 1389581,
  "blockHash": null,
  "accountId": "libcore:1:pivx:ToEA6m53puzNkVaa816ravMdDsMuYbDnK8VpaK7PSh8ud9pfmjCZoi79NhJA4dLNg82qv9kxWh8hZr94PZraQVvcrctCisBSShG5cJnZxYvxgP8:",
  "extra": {},
  "hash": "c75c63d3281ac87ba19189db27c4b4322a322064c6d8e74e33585350207a9171",
  "value": "200000000",
  "fee": "11300"
}
{
  "id": "libcore:1:pivx:ToEA6m53puzNkVaa816ravMdDsMuYbDnK8VpaK7PSh8ud9pfmjCZoi79NhJA4dLNg82qv9kxWh8hZr94PZraQVvcrctCisBSShG5cJnZxYvxgP8:-c75c63d3281ac87ba19189db27c4b4322a322064c6d8e74e33585350207a9171-OUT",
  "type": "OUT",
  "senders": [
    "D8tnjmPuxt7N1XPz1n5mvxXJkrkcrQVdUw"
  ],
  "recipients": [
    "DHNTnLbcN4jynKShVd9W2wf5m3LK2BWjeC"
  ],
  "blockHeight": 1389581,
  "blockHash": null,
  "accountId": "libcore:1:pivx:ToEA6m53puzNkVaa816ravMdDsMuYbDnK8VpaK7PSh8ud9pfmjCZoi79NhJA4dLNg82qv9kxWh8hZr94PZraQVvcrctCisBSShG5cJnZxYvxgP8:",
  "extra": {},
  "hash": "c75c63d3281ac87ba19189db27c4b4322a322064c6d8e74e33585350207a9171",
  "value": "200011300",
  "fee": "11300"
}
{
  "id": "libcore:1:pivx:ToEA6m53puzNkVaa816ravMdDsMuYbDnK8VpaK7PSh8ud9pfmjCZoi79NhJA4dLNg82qv9kxWh8hZr94PZraQVvcrctCisBSShG5cJnZxYvxgP8:-d87f3ecd839c6501d57ed1a3381099fa6ced14db1a1abd9cc15fee1648584176-IN",
  "type": "IN",
  "senders": [
    "DJ6STjsfLhaJzQ971iPwd7dEEjeKyJe2Hu",
    "DTkfDUnG4QdhSnRNrJCaEfeEBa5Aw6kfD6"
  ],
  "recipients": [
    "D8tnjmPuxt7N1XPz1n5mvxXJkrkcrQVdUw"
  ],
  "blockHeight": 1388209,
  "blockHash": null,
  "accountId": "libcore:1:pivx:ToEA6m53puzNkVaa816ravMdDsMuYbDnK8VpaK7PSh8ud9pfmjCZoi79NhJA4dLNg82qv9kxWh8hZr94PZraQVvcrctCisBSShG5cJnZxYvxgP8:",
  "extra": {},
  "hash": "d87f3ecd839c6501d57ed1a3381099fa6ced14db1a1abd9cc15fee1648584176",
  "value": "300000000",
  "fee": "18700"
}
{
  "id": "libcore:1:pivx:ToEA6m53puzNkVaa816ravMdDsMuYbDnK8VpaK7PSh8ud9pfmjCZoi79NhJA4dLNg82qv9kxWh8hZr94PZraQVvcrctCisBSShG5cJnZxYvxgP8:-d87f3ecd839c6501d57ed1a3381099fa6ced14db1a1abd9cc15fee1648584176-OUT",
  "type": "OUT",
  "senders": [
    "DJ6STjsfLhaJzQ971iPwd7dEEjeKyJe2Hu",
    "DTkfDUnG4QdhSnRNrJCaEfeEBa5Aw6kfD6"
  ],
  "recipients": [
    "D8tnjmPuxt7N1XPz1n5mvxXJkrkcrQVdUw"
  ],
  "blockHeight": 1388209,
  "blockHash": null,
  "accountId": "libcore:1:pivx:ToEA6m53puzNkVaa816ravMdDsMuYbDnK8VpaK7PSh8ud9pfmjCZoi79NhJA4dLNg82qv9kxWh8hZr94PZraQVvcrctCisBSShG5cJnZxYvxgP8:",
  "extra": {},
  "hash": "d87f3ecd839c6501d57ed1a3381099fa6ced14db1a1abd9cc15fee1648584176",
  "value": "300018700",
  "fee": "18700"
}
{
  "id": "libcore:1:pivx:ToEA6m53puzNkVaa9iy72YWtp3ZP23JYgT3vc2gKboictKJ8io5KS6xCNtsBnsADrFWPdySTbei6H9qRWdPUcMAKUEimLEaCra1PATbhAgrYnnr:-0a27600c0b4c8f38f33c7d3ffb29c96289f771ebe84b37e78cf2fdc8cd6ed6c5-IN",
  "type": "IN",
  "senders": [
    "DLi2X4GABdscHipeoVjdpoRFB74JueRogi"
  ],
  "recipients": [
    "D7dqzps9NnEWXGCm3LfxhXRvgGG77how7S",
    "DEMRa2w6RiJFBX5WdAW8ZvSYXUiNLxrYEX"
  ],
  "blockHeight": 1424523,
  "blockHash": null,
  "accountId": "libcore:1:pivx:ToEA6m53puzNkVaa9iy72YWtp3ZP23JYgT3vc2gKboictKJ8io5KS6xCNtsBnsADrFWPdySTbei6H9qRWdPUcMAKUEimLEaCra1PATbhAgrYnnr:",
  "extra": {},
  "hash": "0a27600c0b4c8f38f33c7d3ffb29c96289f771ebe84b37e78cf2fdc8cd6ed6c5",
  "value": "298000000",
  "fee": "22600"
}
{
  "id": "libcore:1:pivx:ToEA6m53puzNkVaa9iy72YWtp3ZP23JYgT3vc2gKboictKJ8io5KS6xCNtsBnsADrFWPdySTbei6H9qRWdPUcMAKUEimLEaCra1PATbhAgrYnnr:-24b94aa3e0118f3f25504649ad0f3983abd067000049908938342926d217b124-OUT",
  "type": "OUT",
  "senders": [
    "D9poL2DNNiwa8KEQt6nDa8zs6tjYYq6uXW",
    "D7dqzps9NnEWXGCm3LfxhXRvgGG77how7S"
  ],
  "recipients": [
    "D6pXnNzCTvTUodMtvxgzyRkB2dnWDCsMHa"
  ],
  "blockHeight": 1449478,
  "blockHash": null,
  "accountId": "libcore:1:pivx:ToEA6m53puzNkVaa9iy72YWtp3ZP23JYgT3vc2gKboictKJ8io5KS6xCNtsBnsADrFWPdySTbei6H9qRWdPUcMAKUEimLEaCra1PATbhAgrYnnr:",
  "extra": {},
  "hash": "24b94aa3e0118f3f25504649ad0f3983abd067000049908938342926d217b124",
  "value": "300003740",
  "fee": "3740"
}
{
  "id": "libcore:1:pivx:ToEA6m53puzNkVaa9iy72YWtp3ZP23JYgT3vc2gKboictKJ8io5KS6xCNtsBnsADrFWPdySTbei6H9qRWdPUcMAKUEimLEaCra1PATbhAgrYnnr:-2b163bffc01d4faaeff5fe4fe8319a6933e2ed06073e520cf3a1b2e524f660c3-IN",
  "type": "IN",
  "senders": [
    "D6k3vp8DC6zXTXKcrfQSzpob59yyEomiUF"
  ],
  "recipients": [
    "DRb8jxjfVDEyYgh165H8XSGiKS2xcgEgPX",
    "DS8t2zUnkU9wFHrK8YWmLCafX76VdfC7C2"
  ],
  "blockHeight": 1646371,
  "blockHash": null,
  "accountId": "libcore:1:pivx:ToEA6m53puzNkVaa9iy72YWtp3ZP23JYgT3vc2gKboictKJ8io5KS6xCNtsBnsADrFWPdySTbei6H9qRWdPUcMAKUEimLEaCra1PATbhAgrYnnr:",
  "extra": {},
  "hash": "2b163bffc01d4faaeff5fe4fe8319a6933e2ed06073e520cf3a1b2e524f660c3",
  "value": "80000000",
  "fee": "11300"
}
{
  "id": "libcore:1:pivx:ToEA6m53puzNkVaa9iy72YWtp3ZP23JYgT3vc2gKboictKJ8io5KS6xCNtsBnsADrFWPdySTbei6H9qRWdPUcMAKUEimLEaCra1PATbhAgrYnnr:-3aed0050af29654d6eb2cc71b62bed4fa5cdfc5588eb1177a90bb6111d1331ee-IN",
  "type": "IN",
  "senders": [
    "DBYVzyAqFGuxR25sdgj2XyvfdkoweKokKb"
  ],
  "recipients": [
    "DE5vcAw3oaDKf7Az1A9puWwafA4h6FL8sh"
  ],
  "blockHeight": 1474130,
  "blockHash": null,
  "accountId": "libcore:1:pivx:ToEA6m53puzNkVaa9iy72YWtp3ZP23JYgT3vc2gKboictKJ8io5KS6xCNtsBnsADrFWPdySTbei6H9qRWdPUcMAKUEimLEaCra1PATbhAgrYnnr:",
  "extra": {},
  "hash": "3aed0050af29654d6eb2cc71b62bed4fa5cdfc5588eb1177a90bb6111d1331ee",
  "value": "130000000",
  "fee": "4520"
}
{
  "id": "libcore:1:pivx:ToEA6m53puzNkVaa9iy72YWtp3ZP23JYgT3vc2gKboictKJ8io5KS6xCNtsBnsADrFWPdySTbei6H9qRWdPUcMAKUEimLEaCra1PATbhAgrYnnr:-3aed0050af29654d6eb2cc71b62bed4fa5cdfc5588eb1177a90bb6111d1331ee-OUT",
  "type": "OUT",
  "senders": [
    "DBYVzyAqFGuxR25sdgj2XyvfdkoweKokKb"
  ],
  "recipients": [
    "DE5vcAw3oaDKf7Az1A9puWwafA4h6FL8sh"
  ],
  "blockHeight": 1474130,
  "blockHash": null,
  "accountId": "libcore:1:pivx:ToEA6m53puzNkVaa9iy72YWtp3ZP23JYgT3vc2gKboictKJ8io5KS6xCNtsBnsADrFWPdySTbei6H9qRWdPUcMAKUEimLEaCra1PATbhAgrYnnr:",
  "extra": {},
  "hash": "3aed0050af29654d6eb2cc71b62bed4fa5cdfc5588eb1177a90bb6111d1331ee",
  "value": "130004520",
  "fee": "4520"
}
{
  "id": "libcore:1:pivx:ToEA6m53puzNkVaa9iy72YWtp3ZP23JYgT3vc2gKboictKJ8io5KS6xCNtsBnsADrFWPdySTbei6H9qRWdPUcMAKUEimLEaCra1PATbhAgrYnnr:-3f8433032dfa57dee0e0cf15c9cb82c39a7e9a165dc49db7b5ec899aa501bb18-IN",
  "type": "IN",
  "senders": [
    "DE5vcAw3oaDKf7Az1A9puWwafA4h6FL8sh"
  ],
  "recipients": [
    "DCR4fmRqs83gR59sBRc4hjqfjRpmyuFm57"
  ],
  "blockHeight": 1504312,
  "blockHash": null,
  "accountId": "libcore:1:pivx:ToEA6m53puzNkVaa9iy72YWtp3ZP23JYgT3vc2gKboictKJ8io5KS6xCNtsBnsADrFWPdySTbei6H9qRWdPUcMAKUEimLEaCra1PATbhAgrYnnr:",
  "extra": {},
  "hash": "3f8433032dfa57dee0e0cf15c9cb82c39a7e9a165dc49db7b5ec899aa501bb18",
  "value": "124559583",
  "fee": "0"
}
{
  "id": "libcore:1:pivx:ToEA6m53puzNkVaa9iy72YWtp3ZP23JYgT3vc2gKboictKJ8io5KS6xCNtsBnsADrFWPdySTbei6H9qRWdPUcMAKUEimLEaCra1PATbhAgrYnnr:-3f8433032dfa57dee0e0cf15c9cb82c39a7e9a165dc49db7b5ec899aa501bb18-OUT",
  "type": "OUT",
  "senders": [
    "DE5vcAw3oaDKf7Az1A9puWwafA4h6FL8sh"
  ],
  "recipients": [
    "DCR4fmRqs83gR59sBRc4hjqfjRpmyuFm57"
  ],
  "blockHeight": 1504312,
  "blockHash": null,
  "accountId": "libcore:1:pivx:ToEA6m53puzNkVaa9iy72YWtp3ZP23JYgT3vc2gKboictKJ8io5KS6xCNtsBnsADrFWPdySTbei6H9qRWdPUcMAKUEimLEaCra1PATbhAgrYnnr:",
  "extra": {},
  "hash": "3f8433032dfa57dee0e0cf15c9cb82c39a7e9a165dc49db7b5ec899aa501bb18",
  "value": "124559583",
  "fee": "0"
}
{
  "id": "libcore:1:pivx:ToEA6m53puzNkVaa9iy72YWtp3ZP23JYgT3vc2gKboictKJ8io5KS6xCNtsBnsADrFWPdySTbei6H9qRWdPUcMAKUEimLEaCra1PATbhAgrYnnr:-464d19e7189cf167813ffb3a392b044caefed53bd395daa9643573721bda0f71-IN",
  "type": "IN",
  "senders": [
    "DBLC7hSiy1qe7Ucy2bqYje7bPJVhsgqYxD"
  ],
  "recipients": [
    "D72XZQwvhDL7S1cwr7oJLFaVtY4FhiB1QU"
  ],
  "blockHeight": 1500127,
  "blockHash": null,
  "accountId": "libcore:1:pivx:ToEA6m53puzNkVaa9iy72YWtp3ZP23JYgT3vc2gKboictKJ8io5KS6xCNtsBnsADrFWPdySTbei6H9qRWdPUcMAKUEimLEaCra1PATbhAgrYnnr:",
  "extra": {},
  "hash": "464d19e7189cf167813ffb3a392b044caefed53bd395daa9643573721bda0f71",
  "value": "67108713",
  "fee": "452"
}
{
  "id": "libcore:1:pivx:ToEA6m53puzNkVaa9iy72YWtp3ZP23JYgT3vc2gKboictKJ8io5KS6xCNtsBnsADrFWPdySTbei6H9qRWdPUcMAKUEimLEaCra1PATbhAgrYnnr:-464d19e7189cf167813ffb3a392b044caefed53bd395daa9643573721bda0f71-OUT",
  "type": "OUT",
  "senders": [
    "DBLC7hSiy1qe7Ucy2bqYje7bPJVhsgqYxD"
  ],
  "recipients": [
    "D72XZQwvhDL7S1cwr7oJLFaVtY4FhiB1QU"
  ],
  "blockHeight": 1500127,
  "blockHash": null,
  "accountId": "libcore:1:pivx:ToEA6m53puzNkVaa9iy72YWtp3ZP23JYgT3vc2gKboictKJ8io5KS6xCNtsBnsADrFWPdySTbei6H9qRWdPUcMAKUEimLEaCra1PATbhAgrYnnr:",
  "extra": {},
  "hash": "464d19e7189cf167813ffb3a392b044caefed53bd395daa9643573721bda0f71",
  "value": "67109165",
  "fee": "452"
}
{
  "id": "libcore:1:pivx:ToEA6m53puzNkVaa9iy72YWtp3ZP23JYgT3vc2gKboictKJ8io5KS6xCNtsBnsADrFWPdySTbei6H9qRWdPUcMAKUEimLEaCra1PATbhAgrYnnr:-4aa35e7e70255e03649639ca80dbd940cd236bf5ce0b6a3f526c74e0e0e93f9f-IN",
  "type": "IN",
  "senders": [
    "DLXAiDraEUVZL7Hi8uQYF3FjcAwpkkPJNn"
  ],
  "recipients": [
    "DBLC7hSiy1qe7Ucy2bqYje7bPJVhsgqYxD",
    "D8ViZZqfMkeVDt8gbc49ymQ5dMma7SmhMp"
  ],
  "blockHeight": 1449449,
  "blockHash": null,
  "accountId": "libcore:1:pivx:ToEA6m53puzNkVaa9iy72YWtp3ZP23JYgT3vc2gKboictKJ8io5KS6xCNtsBnsADrFWPdySTbei6H9qRWdPUcMAKUEimLEaCra1PATbhAgrYnnr:",
  "extra": {},
  "hash": "4aa35e7e70255e03649639ca80dbd940cd236bf5ce0b6a3f526c74e0e0e93f9f",
  "value": "200000000",
  "fee": "22600"
}
{
  "id": "libcore:1:pivx:ToEA6m53puzNkVaa9iy72YWtp3ZP23JYgT3vc2gKboictKJ8io5KS6xCNtsBnsADrFWPdySTbei6H9qRWdPUcMAKUEimLEaCra1PATbhAgrYnnr:-52a90db38caf61c2d4555dd5ffe80e96943c35768e561b3ab79d8d9a700cc71a-IN",
  "type": "IN",
  "senders": [
    "DS8t2zUnkU9wFHrK8YWmLCafX76VdfC7C2"
  ],
  "recipients": [
    "DN58aa8UrkLWy6JyfGhRSDugJ6fne5NPjg"
  ],
  "blockHeight": 1697296,
  "blockHash": null,
  "accountId": "libcore:1:pivx:ToEA6m53puzNkVaa9iy72YWtp3ZP23JYgT3vc2gKboictKJ8io5KS6xCNtsBnsADrFWPdySTbei6H9qRWdPUcMAKUEimLEaCra1PATbhAgrYnnr:",
  "extra": {},
  "hash": "52a90db38caf61c2d4555dd5ffe80e96943c35768e561b3ab79d8d9a700cc71a",
  "value": "4960000",
  "fee": "16497"
}
{
  "id": "libcore:1:pivx:ToEA6m53puzNkVaa9iy72YWtp3ZP23JYgT3vc2gKboictKJ8io5KS6xCNtsBnsADrFWPdySTbei6H9qRWdPUcMAKUEimLEaCra1PATbhAgrYnnr:-5adb756bcd6c43f25d3917ca34fa0420f0fa37833428b0f55307d1eeff217e7c-IN",
  "type": "IN",
  "senders": [
    "DNW7tvUTSWudEvPZqnGZFQdnfnkejg8D8U"
  ],
  "recipients": [
    "DQR8AwgRvsYp9k2P4B7mUn1bKGmg2Szezf",
    "D6k3vp8DC6zXTXKcrfQSzpob59yyEomiUF"
  ],
  "blockHeight": 1616014,
  "blockHash": null,
  "accountId": "libcore:1:pivx:ToEA6m53puzNkVaa9iy72YWtp3ZP23JYgT3vc2gKboictKJ8io5KS6xCNtsBnsADrFWPdySTbei6H9qRWdPUcMAKUEimLEaCra1PATbhAgrYnnr:",
  "extra": {},
  "hash": "5adb756bcd6c43f25d3917ca34fa0420f0fa37833428b0f55307d1eeff217e7c",
  "value": "299999999",
  "fee": "12204"
}
{
  "id": "libcore:1:pivx:ToEA6m53puzNkVaa9iy72YWtp3ZP23JYgT3vc2gKboictKJ8io5KS6xCNtsBnsADrFWPdySTbei6H9qRWdPUcMAKUEimLEaCra1PATbhAgrYnnr:-6881cc48bc243182fed6b90d435164419ac31bd22b0adb534dba2211325b46b7-IN",
  "type": "IN",
  "senders": [
    "DNNceAYV4ZDLsNkYaMuPsQU8tWq9jV8dUB",
    "D72XZQwvhDL7S1cwr7oJLFaVtY4FhiB1QU",
    "DLuBfC82prrm5UEfTe7LoWGvHmw5Purtqn"
  ],
  "recipients": [
    "DCR4fmRqs83gR59sBRc4hjqfjRpmyuFm57"
  ],
  "blockHeight": 1504314,
  "blockHash": null,
  "accountId": "libcore:1:pivx:ToEA6m53puzNkVaa9iy72YWtp3ZP23JYgT3vc2gKboictKJ8io5KS6xCNtsBnsADrFWPdySTbei6H9qRWdPUcMAKUEimLEaCra1PATbhAgrYnnr:",
  "extra": {},
  "hash": "6881cc48bc243182fed6b90d435164419ac31bd22b0adb534dba2211325b46b7",
  "value": "151852356",
  "fee": "5220"
}
{
  "id": "libcore:1:pivx:ToEA6m53puzNkVaa9iy72YWtp3ZP23JYgT3vc2gKboictKJ8io5KS6xCNtsBnsADrFWPdySTbei6H9qRWdPUcMAKUEimLEaCra1PATbhAgrYnnr:-6881cc48bc243182fed6b90d435164419ac31bd22b0adb534dba2211325b46b7-OUT",
  "type": "OUT",
  "senders": [
    "DNNceAYV4ZDLsNkYaMuPsQU8tWq9jV8dUB",
    "D72XZQwvhDL7S1cwr7oJLFaVtY4FhiB1QU",
    "DLuBfC82prrm5UEfTe7LoWGvHmw5Purtqn"
  ],
  "recipients": [
    "DCR4fmRqs83gR59sBRc4hjqfjRpmyuFm57"
  ],
  "blockHeight": 1504314,
  "blockHash": null,
  "accountId": "libcore:1:pivx:ToEA6m53puzNkVaa9iy72YWtp3ZP23JYgT3vc2gKboictKJ8io5KS6xCNtsBnsADrFWPdySTbei6H9qRWdPUcMAKUEimLEaCra1PATbhAgrYnnr:",
  "extra": {},
  "hash": "6881cc48bc243182fed6b90d435164419ac31bd22b0adb534dba2211325b46b7",
  "value": "151857576",
  "fee": "5220"
}
{
  "id": "libcore:1:pivx:ToEA6m53puzNkVaa9iy72YWtp3ZP23JYgT3vc2gKboictKJ8io5KS6xCNtsBnsADrFWPdySTbei6H9qRWdPUcMAKUEimLEaCra1PATbhAgrYnnr:-69b80975c993d1c060843b16e155511900c9da3a74cb6611bf22849c478027c5-OUT",
  "type": "OUT",
  "senders": [
    "DJ7QDkskYhiRXg5m7bUB5zCSLy8ZQWPKvh",
    "D8bL5YxBi9fbko1WRWEAsS2KUaFnYMMt63",
    "DDBgrPMCS29WrAstv4jsUWoGtpwMuJSLHH",
    "DQR8AwgRvsYp9k2P4B7mUn1bKGmg2Szezf",
    "DRb8jxjfVDEyYgh165H8XSGiKS2xcgEgPX",
    "DN58aa8UrkLWy6JyfGhRSDugJ6fne5NPjg"
  ],
  "recipients": [
    "D7Kmsi2mNszU9VbPmmiVQFZxnpMydaA7YR"
  ],
  "blockHeight": 1730385,
  "blockHash": null,
  "accountId": "libcore:1:pivx:ToEA6m53puzNkVaa9iy72YWtp3ZP23JYgT3vc2gKboictKJ8io5KS6xCNtsBnsADrFWPdySTbei6H9qRWdPUcMAKUEimLEaCra1PATbhAgrYnnr:",
  "extra": {},
  "hash": "69b80975c993d1c060843b16e155511900c9da3a74cb6611bf22849c478027c5",
  "value": "497464502",
  "fee": "48300"
}
{
  "id": "libcore:1:pivx:ToEA6m53puzNkVaa9iy72YWtp3ZP23JYgT3vc2gKboictKJ8io5KS6xCNtsBnsADrFWPdySTbei6H9qRWdPUcMAKUEimLEaCra1PATbhAgrYnnr:-792f08958cd4b99262bc34558d3ec67d843445b4cdc975d2b07a7b370c80f07c-IN",
  "type": "IN",
  "senders": [
    "DHiecGXUp4mHZNw6nH8Xj8dY9Y9RQzUAVQ"
  ],
  "recipients": [
    "DKUUTdTvv4jcrVsbKqTiEFfrQ2tonVq7Rj"
  ],
  "blockHeight": 1605928,
  "blockHash": null,
  "accountId": "libcore:1:pivx:ToEA6m53puzNkVaa9iy72YWtp3ZP23JYgT3vc2gKboictKJ8io5KS6xCNtsBnsADrFWPdySTbei6H9qRWdPUcMAKUEimLEaCra1PATbhAgrYnnr:",
  "extra": {},
  "hash": "792f08958cd4b99262bc34558d3ec67d843445b4cdc975d2b07a7b370c80f07c",
  "value": "199990000",
  "fee": "10000"
}
{
  "id": "libcore:1:pivx:ToEA6m53puzNkVaa9iy72YWtp3ZP23JYgT3vc2gKboictKJ8io5KS6xCNtsBnsADrFWPdySTbei6H9qRWdPUcMAKUEimLEaCra1PATbhAgrYnnr:-7a030e11ff25c3219f34dca3835f9b171060a8620ea0e797d13259c7e15245f6-OUT",
  "type": "OUT",
  "senders": [
    "DJZbRq5KLNfDmvtZx4EMq3rjzZyTWcuLKo"
  ],
  "recipients": [
    "DSaBMXGhZFZwSQYWsrkbBsUs33s3RsKJBw"
  ],
  "blockHeight": 1614068,
  "blockHash": null,
  "accountId": "libcore:1:pivx:ToEA6m53puzNkVaa9iy72YWtp3ZP23JYgT3vc2gKboictKJ8io5KS6xCNtsBnsADrFWPdySTbei6H9qRWdPUcMAKUEimLEaCra1PATbhAgrYnnr:",
  "extra": {},
  "hash": "7a030e11ff25c3219f34dca3835f9b171060a8620ea0e797d13259c7e15245f6",
  "value": "50976400",
  "fee": "22600"
}
{
  "id": "libcore:1:pivx:ToEA6m53puzNkVaa9iy72YWtp3ZP23JYgT3vc2gKboictKJ8io5KS6xCNtsBnsADrFWPdySTbei6H9qRWdPUcMAKUEimLEaCra1PATbhAgrYnnr:-822d6ce106ab5749424ea6c501285261522de389d5d2ffd5533631f725748811-OUT",
  "type": "OUT",
  "senders": [
    "DBD5X6zAGZ1ECL7MZWpamqMhhQHg7MA68i",
    "DCR4fmRqs83gR59sBRc4hjqfjRpmyuFm57",
    "DUSM3pBDJjVVh4aiRjZey21w3N1qpByZBy"
  ],
  "recipients": [
    "DHiecGXUp4mHZNw6nH8Xj8dY9Y9RQzUAVQ"
  ],
  "blockHeight": 1605112,
  "blockHash": null,
  "accountId": "libcore:1:pivx:ToEA6m53puzNkVaa9iy72YWtp3ZP23JYgT3vc2gKboictKJ8io5KS6xCNtsBnsADrFWPdySTbei6H9qRWdPUcMAKUEimLEaCra1PATbhAgrYnnr:",
  "extra": {},
  "hash": "822d6ce106ab5749424ea6c501285261522de389d5d2ffd5533631f725748811",
  "value": "200026100",
  "fee": "26100"
}
{
  "id": "libcore:1:pivx:ToEA6m53puzNkVaa9iy72YWtp3ZP23JYgT3vc2gKboictKJ8io5KS6xCNtsBnsADrFWPdySTbei6H9qRWdPUcMAKUEimLEaCra1PATbhAgrYnnr:-8b7b29fa82c6eca850ead4124ec3576860619633c1ab48b23e2d4615cf09c01b-IN",
  "type": "IN",
  "senders": [
    "DE5vcAw3oaDKf7Az1A9puWwafA4h6FL8sh",
    "DJRdPeQij9MzXRuEthx7SRSyTnFyhUHsM3",
    "DCR4fmRqs83gR59sBRc4hjqfjRpmyuFm57"
  ],
  "recipients": [
    "DJZbRq5KLNfDmvtZx4EMq3rjzZyTWcuLKo"
  ],
  "blockHeight": 1504319,
  "blockHash": null,
  "accountId": "libcore:1:pivx:ToEA6m53puzNkVaa9iy72YWtp3ZP23JYgT3vc2gKboictKJ8io5KS6xCNtsBnsADrFWPdySTbei6H9qRWdPUcMAKUEimLEaCra1PATbhAgrYnnr:",
  "extra": {},
  "hash": "8b7b29fa82c6eca850ead4124ec3576860619633c1ab48b23e2d4615cf09c01b",
  "value": "100000000",
  "fee": "0"
}
{
  "id": "libcore:1:pivx:ToEA6m53puzNkVaa9iy72YWtp3ZP23JYgT3vc2gKboictKJ8io5KS6xCNtsBnsADrFWPdySTbei6H9qRWdPUcMAKUEimLEaCra1PATbhAgrYnnr:-8b7b29fa82c6eca850ead4124ec3576860619633c1ab48b23e2d4615cf09c01b-OUT",
  "type": "OUT",
  "senders": [
    "DE5vcAw3oaDKf7Az1A9puWwafA4h6FL8sh",
    "DJRdPeQij9MzXRuEthx7SRSyTnFyhUHsM3",
    "DCR4fmRqs83gR59sBRc4hjqfjRpmyuFm57"
  ],
  "recipients": [
    "DJZbRq5KLNfDmvtZx4EMq3rjzZyTWcuLKo"
  ],
  "blockHeight": 1504319,
  "blockHash": null,
  "accountId": "libcore:1:pivx:ToEA6m53puzNkVaa9iy72YWtp3ZP23JYgT3vc2gKboictKJ8io5KS6xCNtsBnsADrFWPdySTbei6H9qRWdPUcMAKUEimLEaCra1PATbhAgrYnnr:",
  "extra": {},
  "hash": "8b7b29fa82c6eca850ead4124ec3576860619633c1ab48b23e2d4615cf09c01b",
  "value": "100000000",
  "fee": "0"
}
{
  "id": "libcore:1:pivx:ToEA6m53puzNkVaa9iy72YWtp3ZP23JYgT3vc2gKboictKJ8io5KS6xCNtsBnsADrFWPdySTbei6H9qRWdPUcMAKUEimLEaCra1PATbhAgrYnnr:-ad388d2b260a911ff30ed996f2dce3b929cd4554919db3d53e6d7412e1bb5e53-IN",
  "type": "IN",
  "senders": [
    "DSaBMXGhZFZwSQYWsrkbBsUs33s3RsKJBw"
  ],
  "recipients": [
    "D8bL5YxBi9fbko1WRWEAsS2KUaFnYMMt63"
  ],
  "blockHeight": 1614069,
  "blockHash": null,
  "accountId": "libcore:1:pivx:ToEA6m53puzNkVaa9iy72YWtp3ZP23JYgT3vc2gKboictKJ8io5KS6xCNtsBnsADrFWPdySTbei6H9qRWdPUcMAKUEimLEaCra1PATbhAgrYnnr:",
  "extra": {},
  "hash": "ad388d2b260a911ff30ed996f2dce3b929cd4554919db3d53e6d7412e1bb5e53",
  "value": "50930000",
  "fee": "23800"
}
{
  "id": "libcore:1:pivx:ToEA6m53puzNkVaa9iy72YWtp3ZP23JYgT3vc2gKboictKJ8io5KS6xCNtsBnsADrFWPdySTbei6H9qRWdPUcMAKUEimLEaCra1PATbhAgrYnnr:-aff2cfa5d9f10fa4ab953bf5233d31fc5dcee9177bca48a9b541f33b8faa6b45-OUT",
  "type": "OUT",
  "senders": [
    "DA5P8XFpYhtmQFaRnuaUXR5nLGfBZ6AmND",
    "DSHMbuYHd1iuDXxnqNsaQSY9zt77QSoMyy",
    "DKUUTdTvv4jcrVsbKqTiEFfrQ2tonVq7Rj"
  ],
  "recipients": [
    "DNW7tvUTSWudEvPZqnGZFQdnfnkejg8D8U"
  ],
  "blockHeight": 1615764,
  "blockHash": null,
  "accountId": "libcore:1:pivx:ToEA6m53puzNkVaa9iy72YWtp3ZP23JYgT3vc2gKboictKJ8io5KS6xCNtsBnsADrFWPdySTbei6H9qRWdPUcMAKUEimLEaCra1PATbhAgrYnnr:",
  "extra": {},
  "hash": "aff2cfa5d9f10fa4ab953bf5233d31fc5dcee9177bca48a9b541f33b8faa6b45",
  "value": "385010440",
  "fee": "10440"
}
{
  "id": "libcore:1:pivx:ToEA6m53puzNkVaa9iy72YWtp3ZP23JYgT3vc2gKboictKJ8io5KS6xCNtsBnsADrFWPdySTbei6H9qRWdPUcMAKUEimLEaCra1PATbhAgrYnnr:-b4831b97f4f74e7b00c13bd53c77576a41c57e0cbd86d0c5162daba6a7d70167-IN",
  "type": "IN",
  "senders": [
    "DGXhdon9u6uwuSFJnNPKfWu1szTgnSqvMC",
    "DHNTnLbcN4jynKShVd9W2wf5m3LK2BWjeC",
    "DH1d87o9HnxEwM6K6TuU6FsCkAJvbfCdeH"
  ],
  "recipients": [
    "DDk3PwTB9JTqH3bb66w3rU23UMRMu6FsFi"
  ],
  "blockHeight": 1423186,
  "blockHash": null,
  "accountId": "libcore:1:pivx:ToEA6m53puzNkVaa9iy72YWtp3ZP23JYgT3vc2gKboictKJ8io5KS6xCNtsBnsADrFWPdySTbei6H9qRWdPUcMAKUEimLEaCra1PATbhAgrYnnr:",
  "extra": {},
  "hash": "b4831b97f4f74e7b00c13bd53c77576a41c57e0cbd86d0c5162daba6a7d70167",
  "value": "703200000",
  "fee": "61386"
}
{
  "id": "libcore:1:pivx:ToEA6m53puzNkVaa9iy72YWtp3ZP23JYgT3vc2gKboictKJ8io5KS6xCNtsBnsADrFWPdySTbei6H9qRWdPUcMAKUEimLEaCra1PATbhAgrYnnr:-bce4436c4ff8def1049d6d24b83e8e2af28558ea9fbc587ec57f21f77a41c103-IN",
  "type": "IN",
  "senders": [
    "DU95VLHSmGGqhMB5wGFbF6QeVCJ89TWatT"
  ],
  "recipients": [
    "DE5vcAw3oaDKf7Az1A9puWwafA4h6FL8sh"
  ],
  "blockHeight": 1500129,
  "blockHash": null,
  "accountId": "libcore:1:pivx:ToEA6m53puzNkVaa9iy72YWtp3ZP23JYgT3vc2gKboictKJ8io5KS6xCNtsBnsADrFWPdySTbei6H9qRWdPUcMAKUEimLEaCra1PATbhAgrYnnr:",
  "extra": {},
  "hash": "bce4436c4ff8def1049d6d24b83e8e2af28558ea9fbc587ec57f21f77a41c103",
  "value": "67108713",
  "fee": "452"
}
{
  "id": "libcore:1:pivx:ToEA6m53puzNkVaa9iy72YWtp3ZP23JYgT3vc2gKboictKJ8io5KS6xCNtsBnsADrFWPdySTbei6H9qRWdPUcMAKUEimLEaCra1PATbhAgrYnnr:-bce4436c4ff8def1049d6d24b83e8e2af28558ea9fbc587ec57f21f77a41c103-OUT",
  "type": "OUT",
  "senders": [
    "DU95VLHSmGGqhMB5wGFbF6QeVCJ89TWatT"
  ],
  "recipients": [
    "DE5vcAw3oaDKf7Az1A9puWwafA4h6FL8sh"
  ],
  "blockHeight": 1500129,
  "blockHash": null,
  "accountId": "libcore:1:pivx:ToEA6m53puzNkVaa9iy72YWtp3ZP23JYgT3vc2gKboictKJ8io5KS6xCNtsBnsADrFWPdySTbei6H9qRWdPUcMAKUEimLEaCra1PATbhAgrYnnr:",
  "extra": {},
  "hash": "bce4436c4ff8def1049d6d24b83e8e2af28558ea9fbc587ec57f21f77a41c103",
  "value": "67109165",
  "fee": "452"
}
{
  "id": "libcore:1:pivx:ToEA6m53puzNkVaa9iy72YWtp3ZP23JYgT3vc2gKboictKJ8io5KS6xCNtsBnsADrFWPdySTbei6H9qRWdPUcMAKUEimLEaCra1PATbhAgrYnnr:-c85a906820276d868692e283b1a5e1579675299eb2c0ea43cc930aa10fb3532b-OUT",
  "type": "OUT",
  "senders": [
    "DDk3PwTB9JTqH3bb66w3rU23UMRMu6FsFi"
  ],
  "recipients": [
    "DLXAiDraEUVZL7Hi8uQYF3FjcAwpkkPJNn"
  ],
  "blockHeight": 1447492,
  "blockHash": null,
  "accountId": "libcore:1:pivx:ToEA6m53puzNkVaa9iy72YWtp3ZP23JYgT3vc2gKboictKJ8io5KS6xCNtsBnsADrFWPdySTbei6H9qRWdPUcMAKUEimLEaCra1PATbhAgrYnnr:",
  "extra": {},
  "hash": "c85a906820276d868692e283b1a5e1579675299eb2c0ea43cc930aa10fb3532b",
  "value": "500022600",
  "fee": "22600"
}
{
  "id": "libcore:1:pivx:ToEA6m53puzNkVaa9iy72YWtp3ZP23JYgT3vc2gKboictKJ8io5KS6xCNtsBnsADrFWPdySTbei6H9qRWdPUcMAKUEimLEaCra1PATbhAgrYnnr:-dc92c98eb265c2239a17af0b7e24a7a87bbb23484fd2b187c963afbea16148aa-IN",
  "type": "IN",
  "senders": [
    "DDBxSas734KhMp1Btga3LdwWAc1igSER8o"
  ],
  "recipients": [
    "D9poL2DNNiwa8KEQt6nDa8zs6tjYYq6uXW"
  ],
  "blockHeight": 1423227,
  "blockHash": null,
  "accountId": "libcore:1:pivx:ToEA6m53puzNkVaa9iy72YWtp3ZP23JYgT3vc2gKboictKJ8io5KS6xCNtsBnsADrFWPdySTbei6H9qRWdPUcMAKUEimLEaCra1PATbhAgrYnnr:",
  "extra": {},
  "hash": "dc92c98eb265c2239a17af0b7e24a7a87bbb23484fd2b187c963afbea16148aa",
  "value": "99980000",
  "fee": "20000"
}
