{ name: 'Stratis', version: '1.3.7', flags: <Buffer 02> }
