{
  "id": "libcore:1:stratis:xq5hcJQijqYBJgX1HrDL8zz1eEeeP3adYvWG2VLTmZRWXRV4E5gKZSpYPSLjzuPFHF6Yepj5dw6ShmZyH2uegEWLnX4SYnBGKEU4qSdFJUZYBDJ:",
  "seedIdentifier": "0419447bfe64604544e1f4861f194206d76989928130b54e0d20e08ab35ad316240de82a93462e844f740fc74cc5520bf1a30f95f10a73dc63ec2e5cc4b854103b",
  "xpub": "xq5hcJQijqYBJgX1HrDL8zz1eEeeP3adYvWG2VLTmZRWXRV4E5gKZSpYPSLjzuPFHF6Yepj5dw6ShmZyH2uegEWLnX4SYnBGKEU4qSdFJUZYBDJ",
  "derivationMode": "",
  "index": 0,
  "freshAddress": "SPbBCDQNSmm6ECTb7rWQvoTwioTRJPEfGi",
  "freshAddressPath": "44'/105'/0'/0/12",
  "name": "Stratis 1",
  "pendingOperations": [],
  "currencyId": "stratis",
  "unitMagnitude": 8,
  "balance": "0"
}
{
  "id": "libcore:1:stratis:xq5hcJQijqYBJgX1KGmtN2hUZPYxgbb9ainMSUPYh2pT24D3hsTJMmQsgghMDyqqFsQJfDEHbMzrxSZmYj1Sf7gUeyr4Av1PHCkZGGsH4PZAkRF:",
  "seedIdentifier": "0419447bfe64604544e1f4861f194206d76989928130b54e0d20e08ab35ad316240de82a93462e844f740fc74cc5520bf1a30f95f10a73dc63ec2e5cc4b854103b",
  "xpub": "xq5hcJQijqYBJgX1KGmtN2hUZPYxgbb9ainMSUPYh2pT24D3hsTJMmQsgghMDyqqFsQJfDEHbMzrxSZmYj1Sf7gUeyr4Av1PHCkZGGsH4PZAkRF",
  "derivationMode": "",
  "index": 1,
  "freshAddress": "Sh1yS9j8NLYVwmEUihDSx5bXUb3mGk2xGV",
  "freshAddressPath": "44'/105'/1'/0/16",
  "name": "Stratis 2",
  "pendingOperations": [],
  "currencyId": "stratis",
  "unitMagnitude": 8,
  "balance": "3215896"
}
{
  "id": "libcore:1:stratis:xq5hcJQijqYBJgX1P4v8PZvQpPt16SfpgHmwdCXA26aZyyQ7XNqUJmwejizd6cu7w1UjV6fhJpHqL1t4gGt1kUJcB5DuxXuFcvS8Rz88ZNvFsAh:",
  "seedIdentifier": "0419447bfe64604544e1f4861f194206d76989928130b54e0d20e08ab35ad316240de82a93462e844f740fc74cc5520bf1a30f95f10a73dc63ec2e5cc4b854103b",
  "xpub": "xq5hcJQijqYBJgX1P4v8PZvQpPt16SfpgHmwdCXA26aZyyQ7XNqUJmwejizd6cu7w1UjV6fhJpHqL1t4gGt1kUJcB5DuxXuFcvS8Rz88ZNvFsAh",
  "derivationMode": "",
  "index": 2,
  "freshAddress": "SW7XVofmWAD2cdw98ZZDWDTFwJNKiiH3Vx",
  "freshAddressPath": "44'/105'/2'/0/0",
  "name": "Stratis 3",
  "pendingOperations": [],
  "currencyId": "stratis",
  "unitMagnitude": 8,
  "balance": "0"
}
