{
  "id": "libcore:1:vertcoin:xpub6Cu9oADJyjy4iEEjzDmHq7AUbZhGZy5MNhu15cQwRkyeRAiWahnGYDYkEvqVF9vQYUoT5ekHtoGdXWSzzb1a9bKdtRfovXJjaLv6Y7HQV6V:",
  "seedIdentifier": "04cd118cd2b4d2415bfa8b3e3830ff9396b0f8248296a45be8435f7792828232d33aabf92808063c7d4a19ea8c3d30987fbee057ea50c70cbb23497fb68779b5d9",
  "xpub": "xpub6Cu9oADJyjy4iEEjzDmHq7AUbZhGZy5MNhu15cQwRkyeRAiWahnGYDYkEvqVF9vQYUoT5ekHtoGdXWSzzb1a9bKdtRfovXJjaLv6Y7HQV6V",
  "derivationMode": "",
  "index": 0,
  "freshAddress": "VniKDMoRUgQjfSNJqVgQvJnNgwXnyeZuU4",
  "freshAddressPath": "44'/128'/0'/0/11",
  "name": "Vertcoin 1 (legacy)",
  "pendingOperations": [],
  "currencyId": "vertcoin",
  "unitMagnitude": 8,
  "balance": "6236229"
}
{
  "id": "libcore:1:vertcoin:xpub6CMZ3ME7YvX7Tj8TyAfCMP6DgQRY7jSHmQqQLDMCGwsqDgManXGN7SY6gXqKwi6y5LBtngqcZXKKcUhW9HyNkBZ9sKBDcKJKLEPpsbbhsNe:segwit",
  "seedIdentifier": "04a5b08be4387e48c9c48969630867e43c305b653b1f678e12b83461048f65daf669091b51e86b31d11d96c3a41e6be234ae2dce6f371829bd012ea8073ce03e8c",
  "xpub": "xpub6CMZ3ME7YvX7Tj8TyAfCMP6DgQRY7jSHmQqQLDMCGwsqDgManXGN7SY6gXqKwi6y5LBtngqcZXKKcUhW9HyNkBZ9sKBDcKJKLEPpsbbhsNe",
  "derivationMode": "segwit",
  "index": 0,
  "freshAddress": "3LzTfHMuauenR6sMMypKLszxirD7mSupjo",
  "freshAddressPath": "49'/128'/0'/0/5",
  "name": "Vertcoin 1 (segwit)",
  "pendingOperations": [],
  "currencyId": "vertcoin",
  "unitMagnitude": 8,
  "balance": "0"
}
{
  "id": "libcore:1:vertcoin:xpub6CMZ3ME7YvX7XAcBxXnAC1GwH7oXSWbwE7HUY844Ugf7wkyojm3yVHeX5YGZ8AZB2BxziHbVQQJgMira5eMCV5XTfvAc75fvxR3gMiLrZwB:segwit",
  "seedIdentifier": "04a5b08be4387e48c9c48969630867e43c305b653b1f678e12b83461048f65daf669091b51e86b31d11d96c3a41e6be234ae2dce6f371829bd012ea8073ce03e8c",
  "xpub": "xpub6CMZ3ME7YvX7XAcBxXnAC1GwH7oXSWbwE7HUY844Ugf7wkyojm3yVHeX5YGZ8AZB2BxziHbVQQJgMira5eMCV5XTfvAc75fvxR3gMiLrZwB",
  "derivationMode": "segwit",
  "index": 1,
  "freshAddress": "3FycpSK74n85KfkwNfA9ebrV2jD9zt6GBD",
  "freshAddressPath": "49'/128'/1'/0/16",
  "name": "Vertcoin 2 (segwit)",
  "pendingOperations": [],
  "currencyId": "vertcoin",
  "unitMagnitude": 8,
  "balance": "1510188"
}
{
  "id": "libcore:1:vertcoin:xpub6CMZ3ME7YvX7Z7FfJbYyq7oYPAUmbBiBcMcvwsdqrnaGZUX9E4HezTqNK4o1SLBUAqnq6PaDfMuZbWArGX3Dhdtrm4e3y5gtS9XHUnzQG91:segwit",
  "seedIdentifier": "04a5b08be4387e48c9c48969630867e43c305b653b1f678e12b83461048f65daf669091b51e86b31d11d96c3a41e6be234ae2dce6f371829bd012ea8073ce03e8c",
  "xpub": "xpub6CMZ3ME7YvX7Z7FfJbYyq7oYPAUmbBiBcMcvwsdqrnaGZUX9E4HezTqNK4o1SLBUAqnq6PaDfMuZbWArGX3Dhdtrm4e3y5gtS9XHUnzQG91",
  "derivationMode": "segwit",
  "index": 2,
  "freshAddress": "3EfFL7zpbiASYFfnvgr9k4wG7Ls4A8JWrD",
  "freshAddressPath": "49'/128'/2'/0/0",
  "name": "Vertcoin 3 (segwit)",
  "pendingOperations": [],
  "currencyId": "vertcoin",
  "unitMagnitude": 8,
  "balance": "0"
}
