{
  "id": "libcore:1:viacoin:xpub6CTqVWnk4ks9facXnchkLy8ymHxw7fDsXj7gjDJ8qnDHVfptW9EaSrhbCGehX73vuvqE5BkRemftSRt5n7HMCWE2a4eBqXWLn9irue6tWyS:",
  "seedIdentifier": "04823c134b97db831a20bf51e5b80a750ebbadb83aa411da0c9117af5d7d438a3822794247980d5a164df81ba2e32553f48dc6603af41d47fb32578b8a2b24a643",
  "xpub": "xpub6CTqVWnk4ks9facXnchkLy8ymHxw7fDsXj7gjDJ8qnDHVfptW9EaSrhbCGehX73vuvqE5BkRemftSRt5n7HMCWE2a4eBqXWLn9irue6tWyS",
  "derivationMode": "",
  "index": 0,
  "freshAddress": "VterRp5wyAXmJwfkornkKoZPYwfdpcX1e4",
  "freshAddressPath": "44'/14'/0'/0/7",
  "name": "Viacoin 1 (legacy)",
  "pendingOperations": [],
  "currencyId": "viacoin",
  "unitMagnitude": 8,
  "balance": "4380181"
}
{
  "id": "libcore:1:viacoin:xpub6C5ZNqggXi2mKNxXwCSv8vMqDzA2sxcUjVEQWc8CqsHwcsmUSjada4aB7pfVt7hgsEsTVg6XBBK7T59Y8fMTV5xVFAz41b59uS5Y7CC3mnF:segwit",
  "seedIdentifier": "043cd5957865318d34124e0860c2ebfea9d6724809fc780bfbd7e978943d61706407ce5c0d80212f83e05c95e76a0237aa791f1e86f866c50268ef5de50528432b",
  "xpub": "xpub6C5ZNqggXi2mKNxXwCSv8vMqDzA2sxcUjVEQWc8CqsHwcsmUSjada4aB7pfVt7hgsEsTVg6XBBK7T59Y8fMTV5xVFAz41b59uS5Y7CC3mnF",
  "derivationMode": "segwit",
  "index": 0,
  "freshAddress": "EXBYHTJiXaqv8p8Mw87gdnBvwHuQ8R6A9w",
  "freshAddressPath": "49'/14'/0'/0/3",
  "name": "Viacoin 1 (segwit)",
  "pendingOperations": [],
  "currencyId": "viacoin",
  "unitMagnitude": 8,
  "balance": "0"
}
{
  "id": "libcore:1:viacoin:xpub6C5ZNqggXi2mM5xcV9FaKKN7CNqSV9k9PjMwPCE4hLYWZ9D9zF2PyV2WCJFfewJCkmcuZMw3KZQugeSpL27cmd6DkiQk3EKLnNUvVGJqZck:segwit",
  "seedIdentifier": "043cd5957865318d34124e0860c2ebfea9d6724809fc780bfbd7e978943d61706407ce5c0d80212f83e05c95e76a0237aa791f1e86f866c50268ef5de50528432b",
  "xpub": "xpub6C5ZNqggXi2mM5xcV9FaKKN7CNqSV9k9PjMwPCE4hLYWZ9D9zF2PyV2WCJFfewJCkmcuZMw3KZQugeSpL27cmd6DkiQk3EKLnNUvVGJqZck",
  "derivationMode": "segwit",
  "index": 1,
  "freshAddress": "EMqh23CRejKS4gujHy1kBCqvCM5pB55dWx",
  "freshAddressPath": "49'/14'/1'/0/18",
  "name": "Viacoin 2 (segwit)",
  "pendingOperations": [],
  "currencyId": "viacoin",
  "unitMagnitude": 8,
  "balance": "6653322"
}
{
  "id": "libcore:1:viacoin:xpub6C5ZNqggXi2mS7mYXEEDDhJQQDeqgHmKeRogiAKzW3hQDNfshPrxuXtC1zE9qjDUS3uEnQU35sXds3U8G1m7NEW3rs1FRk73CN6cGnKpRiU:segwit",
  "seedIdentifier": "043cd5957865318d34124e0860c2ebfea9d6724809fc780bfbd7e978943d61706407ce5c0d80212f83e05c95e76a0237aa791f1e86f866c50268ef5de50528432b",
  "xpub": "xpub6C5ZNqggXi2mS7mYXEEDDhJQQDeqgHmKeRogiAKzW3hQDNfshPrxuXtC1zE9qjDUS3uEnQU35sXds3U8G1m7NEW3rs1FRk73CN6cGnKpRiU",
  "derivationMode": "segwit",
  "index": 2,
  "freshAddress": "ETXcynia9uXMv9rPS824BoTpDELiRLqc1F",
  "freshAddressPath": "49'/14'/2'/0/0",
  "name": "Viacoin 3 (segwit)",
  "pendingOperations": [],
  "currencyId": "viacoin",
  "unitMagnitude": 8,
  "balance": "0"
}
