{
  "id": "libcore:1:zcash:xpub6CEGMFW91HKTDyVZbXBuvp5NXFnAvSySxwY2deW5iBaNzTod8HxHGuAjM5sKSUHCCBYftXbVvbZzTFE1CoH1A2FnHwKVe1Lp7dwKWDr2uvx:",
  "seedIdentifier": "04ddd8dc9459f1991eb8f4ae03f2095eb66511917de8076e5aa6974fe2cb527a03f2467654f038ecdd123d447de7bd4019870f6f24a6666dee47f456f82aa9b904",
  "xpub": "xpub6CEGMFW91HKTDyVZbXBuvp5NXFnAvSySxwY2deW5iBaNzTod8HxHGuAjM5sKSUHCCBYftXbVvbZzTFE1CoH1A2FnHwKVe1Lp7dwKWDr2uvx",
  "derivationMode": "",
  "index": 0,
  "freshAddress": "t1Ldrg1rgwRfoULBdiXXhfwfgK1uEEw4ttw",
  "freshAddressPath": "44'/133'/0'/0/39",
  "name": "Zcash 1",
  "pendingOperations": [],
  "currencyId": "zcash",
  "unitMagnitude": 8,
  "balance": "0"
}
{
  "id": "libcore:1:zcash:xpub6CEGMFW91HKTGhzxJjnTZ4mSrRkNqCAiArP14Dy8GhkpwHGzyMrxWgh3aT69bpi3t4RQSg5TtwKjzVcFdfyf86jMMxTABBF6e66UC1vMGze:",
  "seedIdentifier": "04ddd8dc9459f1991eb8f4ae03f2095eb66511917de8076e5aa6974fe2cb527a03f2467654f038ecdd123d447de7bd4019870f6f24a6666dee47f456f82aa9b904",
  "xpub": "xpub6CEGMFW91HKTGhzxJjnTZ4mSrRkNqCAiArP14Dy8GhkpwHGzyMrxWgh3aT69bpi3t4RQSg5TtwKjzVcFdfyf86jMMxTABBF6e66UC1vMGze",
  "derivationMode": "",
  "index": 1,
  "freshAddress": "t1d25NEsWWXLyuUBKJEBFctxVaoHfzrx5EP",
  "freshAddressPath": "44'/133'/1'/0/73",
  "name": "Zcash 2",
  "pendingOperations": [],
  "currencyId": "zcash",
  "unitMagnitude": 8,
  "balance": "58669"
}
{
  "id": "libcore:1:zcash:xpub6CEGMFW91HKTJrhNtPJwKmo77GDWeo7mZJQY4bLXVyyjRedy5jhVm2X5SNFpq1Bzyq2HWLJLivRjgDFGfDSvqdnwGLDUZno2QdQttWvMq9g:",
  "seedIdentifier": "04ddd8dc9459f1991eb8f4ae03f2095eb66511917de8076e5aa6974fe2cb527a03f2467654f038ecdd123d447de7bd4019870f6f24a6666dee47f456f82aa9b904",
  "xpub": "xpub6CEGMFW91HKTJrhNtPJwKmo77GDWeo7mZJQY4bLXVyyjRedy5jhVm2X5SNFpq1Bzyq2HWLJLivRjgDFGfDSvqdnwGLDUZno2QdQttWvMq9g",
  "derivationMode": "",
  "index": 2,
  "freshAddress": "t1fLiHDspDa1iVXgoSnDsj79if7fynhZy8f",
  "freshAddressPath": "44'/133'/2'/0/5",
  "name": "Zcash 3",
  "pendingOperations": [],
  "currencyId": "zcash",
  "unitMagnitude": 8,
  "balance": "0"
}
{
  "id": "libcore:1:zcash:xpub6CEGMFW91HKTMXpphAn3R5qeASsbCw44QZi3pwamwAHHUKynXM5qFk2jkKFTy74fNL2YvZUizas9VXNie5KyFhKYmjWxZnkvuNP4GgUnePE:",
  "seedIdentifier": "04ddd8dc9459f1991eb8f4ae03f2095eb66511917de8076e5aa6974fe2cb527a03f2467654f038ecdd123d447de7bd4019870f6f24a6666dee47f456f82aa9b904",
  "xpub": "xpub6CEGMFW91HKTMXpphAn3R5qeASsbCw44QZi3pwamwAHHUKynXM5qFk2jkKFTy74fNL2YvZUizas9VXNie5KyFhKYmjWxZnkvuNP4GgUnePE",
  "derivationMode": "",
  "index": 3,
  "freshAddress": "t1Ry3bmVuQ2Cdoeve6tSuP2XUjmqzfHedG9",
  "freshAddressPath": "44'/133'/3'/0/1",
  "name": "Zcash 4",
  "pendingOperations": [],
  "currencyId": "zcash",
  "unitMagnitude": 8,
  "balance": "0"
}
{
  "id": "libcore:1:zcash:xpub6CEGMFW91HKTQi5VkZpJDAm6kPBNsMXMpsXKpVac4p5zW7ZMs64biaRpupe1sZFZLuFzMacRrxE75msJ6AZJ4xG13cryLCHcDw91ZiZAbvp:",
  "seedIdentifier": "04ddd8dc9459f1991eb8f4ae03f2095eb66511917de8076e5aa6974fe2cb527a03f2467654f038ecdd123d447de7bd4019870f6f24a6666dee47f456f82aa9b904",
  "xpub": "xpub6CEGMFW91HKTQi5VkZpJDAm6kPBNsMXMpsXKpVac4p5zW7ZMs64biaRpupe1sZFZLuFzMacRrxE75msJ6AZJ4xG13cryLCHcDw91ZiZAbvp",
  "derivationMode": "",
  "index": 4,
  "freshAddress": "t1b6vHcfKmRugFhtScnULGrS7iUtjd3ifyW",
  "freshAddressPath": "44'/133'/4'/0/1",
  "name": "Zcash 5",
  "pendingOperations": [],
  "currencyId": "zcash",
  "unitMagnitude": 8,
  "balance": "0"
}
{
  "id": "libcore:1:zcash:xpub6CEGMFW91HKTRwj4FWCseDjEwyu4ZAcgP1THJQLkRX4vCwKpDEe2gcuxVnJaYbtnbuP222zgenuMWCaaeNHojiqXn3s7HbJmpgP76prfDac:",
  "seedIdentifier": "04ddd8dc9459f1991eb8f4ae03f2095eb66511917de8076e5aa6974fe2cb527a03f2467654f038ecdd123d447de7bd4019870f6f24a6666dee47f456f82aa9b904",
  "xpub": "xpub6CEGMFW91HKTRwj4FWCseDjEwyu4ZAcgP1THJQLkRX4vCwKpDEe2gcuxVnJaYbtnbuP222zgenuMWCaaeNHojiqXn3s7HbJmpgP76prfDac",
  "derivationMode": "",
  "index": 5,
  "freshAddress": "t1ZZpsDxJbk9NQWRVydxkYMPndesPrPgAHv",
  "freshAddressPath": "44'/133'/5'/0/1",
  "name": "Zcash 6",
  "pendingOperations": [],
  "currencyId": "zcash",
  "unitMagnitude": 8,
  "balance": "0"
}
{
  "id": "libcore:1:zcash:xpub6CEGMFW91HKTUMzibp73dRaotP7iCLhnj4ZrgvQgETwXSXee4MPbNEe2kYEN6bnprUAyQ4L2YBEaFmJXCfLeE797g8GZNLb4Ui6VJ66x9SL:",
  "seedIdentifier": "04ddd8dc9459f1991eb8f4ae03f2095eb66511917de8076e5aa6974fe2cb527a03f2467654f038ecdd123d447de7bd4019870f6f24a6666dee47f456f82aa9b904",
  "xpub": "xpub6CEGMFW91HKTUMzibp73dRaotP7iCLhnj4ZrgvQgETwXSXee4MPbNEe2kYEN6bnprUAyQ4L2YBEaFmJXCfLeE797g8GZNLb4Ui6VJ66x9SL",
  "derivationMode": "",
  "index": 6,
  "freshAddress": "t1T4NHkhLmcSM8sJ49qcg1B8F1AVUgmBxdb",
  "freshAddressPath": "44'/133'/6'/0/0",
  "name": "Zcash 7",
  "pendingOperations": [],
  "currencyId": "zcash",
  "unitMagnitude": 8,
  "balance": "0"
}
