{ name: 'XRP', version: '1.0.9', flags: <Buffer 00> }
