// Jest Snapshot v1, https://goo.gl/fbAQLP

exports[`encode/decode 1`] = `
Object {
  "accounts": Array [
    Object {
      "balance": "12121280662072834414",
      "currencyId": "ethereum",
      "derivationMode": "",
      "freshAddress": "0x8C5FE6AF52E79EC4361B7A12B53356EF5D37C765",
      "id": "mock:1:ethereum:export_0:",
      "index": 1,
      "name": "qfLJHUiyMqUUN",
      "seedIdentifier": "mock",
    },
    Object {
      "balance": "53736258",
      "currencyId": "bitcoin_cash",
      "derivationMode": "",
      "freshAddress": "1x7aLVWzaGVH8AWQ4aaD2hdcmJW",
      "id": "mock:1:bitcoin_cash:export_1:",
      "index": 1,
      "name": "Y4SYkWgSWIIZptphvAu",
      "seedIdentifier": "mock",
    },
    Object {
      "balance": "128088571428550",
      "currencyId": "dogecoin",
      "derivationMode": "",
      "freshAddress": "1CWNKLfcukxxXRNRK1DpYwPA6Hb1h",
      "id": "mock:0:dogecoin:export_2:",
      "index": 1,
      "name": "s9dZEiOrwfEPOXbKgNKq88aQZ",
      "seedIdentifier": "mock",
    },
  ],
  "meta": Object {
    "exporterName": "test",
    "exporterVersion": "0.0.0",
  },
  "settings": Object {
    "blacklistedTokenIds": Array [
      "tokenid1",
      "tokenid2",
    ],
    "counterValue": "USD",
    "currenciesSettings": Object {
      "bitcoin": Object {
        "confirmationsNb": 3,
      },
    },
    "pairExchanges": Object {
      "BTC_USD": "KRAKEN",
    },
  },
}
`;
