// Jest Snapshot v1, https://goo.gl/fbAQLP

exports[`getAssetsDistribution 1 1`] = `
Array [
  Array [
    "LTC",
    "38097254271",
    "594431458.390413",
    0.17257645377313444,
  ],
  Array [
    "XRP",
    "95079867231",
    "590255815.770048",
    0.17136417339080437,
  ],
  Array [
    "DOGE",
    "950434693877359",
    "512474386.9386719728",
    0.14878252336596645,
  ],
  Array [
    "ETC",
    "2.712284445042740711869e+21",
    "326287818.7386417076378407",
    0.09472849034564863,
  ],
  Array [
    "ETH",
    "91567320673995756243",
    "292859761.7116406271919869",
    0.08502359425238529,
  ],
  Array [
    "BCH",
    "4047649546",
    "246987575.29692",
    0.07170589521992049,
  ],
  Array [
    "PPC",
    "19796694494",
    "222435659.334584",
    0.06457793701665003,
  ],
  Array [
    "ZEC",
    "16584024011",
    "221453106.2284874",
    0.06429268035955273,
  ],
  Array [
    "BTG",
    "68039168535",
    "220378866.884865",
    0.06398080518234066,
  ],
  Array [
    "DASH",
    "9370391898",
    "216888402.72597372",
    0.06296744709359689,
  ],
  Array [
    "AOA",
    "128911119",
    "0",
    0,
  ],
  Array [
    "BNT",
    "5550994",
    "0",
    0,
  ],
  Array [
    "BTC",
    "881104851",
    "0",
    0,
  ],
  Array [
    "BIX",
    "58578809",
    "0",
    0,
  ],
  Array [
    "BRD",
    "140956447",
    "0",
    0,
  ],
  Array [
    "CRPT",
    "13911624",
    "0",
    0,
  ],
  Array [
    "CRO",
    "44441049",
    "0",
    0,
  ],
  Array [
    "SAI",
    "103783345",
    "0",
    0,
  ],
  Array [
    "MANA",
    "170846945",
    "0",
    0,
  ],
  Array [
    "DGTX",
    "108560700",
    "0",
    0,
  ],
  Array [
    "DGD",
    "140990668",
    "0",
    0,
  ],
  Array [
    "ELF",
    "72751442",
    "0",
    0,
  ],
  Array [
    "ENJ",
    "55731664",
    "0",
    0,
  ],
  Array [
    "GNT",
    "110322453",
    "0",
    0,
  ],
  Array [
    "GXC",
    "148640102",
    "0",
    0,
  ],
  Array [
    "HOT",
    "33668814",
    "0",
    0,
  ],
  Array [
    "HT",
    "126663771",
    "0",
    0,
  ],
  Array [
    "KNC",
    "50555972",
    "0",
    0,
  ],
  Array [
    "LOOM",
    "75601895",
    "0",
    0,
  ],
  Array [
    "MATIC",
    "64666631",
    "0",
    0,
  ],
  Array [
    "ONE",
    "10772524",
    "0",
    0,
  ],
  Array [
    "NAS",
    "88752907",
    "0",
    0,
  ],
  Array [
    "NULS",
    "153521085",
    "0",
    0,
  ],
  Array [
    "OMG",
    "179969292",
    "0",
    0,
  ],
  Array [
    "ORBS",
    "67895926",
    "0",
    0,
  ],
  Array [
    "PAI",
    "135533712",
    "0",
    0,
  ],
  Array [
    "POWR",
    "244584985",
    "0",
    0,
  ],
  Array [
    "NPXS",
    "87854708",
    "0",
    0,
  ],
  Array [
    "QNT",
    "91784011",
    "0",
    0,
  ],
  Array [
    "QKC",
    "103115269",
    "0",
    0,
  ],
  Array [
    "REN",
    "69147119",
    "0",
    0,
  ],
  Array [
    "SAN",
    "51279909",
    "0",
    0,
  ],
  Array [
    "EURS",
    "37780547",
    "0",
    0,
  ],
  Array [
    "SNT",
    "8311497",
    "0",
    0,
  ],
  Array [
    "SNX",
    "93912287",
    "0",
    0,
  ],
  Array [
    "XMX",
    "99881980",
    "0",
    0,
  ],
]
`;

exports[`getBalanceHistory last item is now and have an amount equals to account balance 1`] = `
Array [
  Object {
    "date": 2018-02-14T03:59:59.999Z,
    "value": "0",
  },
  Object {
    "date": 2018-02-15T03:59:59.999Z,
    "value": "0",
  },
  Object {
    "date": 2018-02-16T03:59:59.999Z,
    "value": "0",
  },
  Object {
    "date": 2018-02-17T03:59:59.999Z,
    "value": "0",
  },
  Object {
    "date": 2018-02-18T03:59:59.999Z,
    "value": "0",
  },
  Object {
    "date": 2018-02-19T03:59:59.999Z,
    "value": "0",
  },
  Object {
    "date": 2018-02-20T03:59:59.999Z,
    "value": "0",
  },
  Object {
    "date": 2018-02-21T03:59:59.999Z,
    "value": "0",
  },
  Object {
    "date": 2018-02-22T03:59:59.999Z,
    "value": "0",
  },
  Object {
    "date": 2018-02-23T03:59:59.999Z,
    "value": "0",
  },
  Object {
    "date": 2018-02-24T03:59:59.999Z,
    "value": "0",
  },
  Object {
    "date": 2018-02-25T03:59:59.999Z,
    "value": "0",
  },
  Object {
    "date": 2018-02-26T03:59:59.999Z,
    "value": "0",
  },
  Object {
    "date": 2018-02-27T03:59:59.999Z,
    "value": "196896345",
  },
  Object {
    "date": 2018-02-28T03:59:59.999Z,
    "value": "241107807",
  },
  Object {
    "date": 2018-03-01T03:59:59.999Z,
    "value": "439180273",
  },
  Object {
    "date": 2018-03-02T03:59:59.999Z,
    "value": "442990787",
  },
  Object {
    "date": 2018-03-03T03:59:59.999Z,
    "value": "723810504",
  },
  Object {
    "date": 2018-03-04T03:59:59.999Z,
    "value": "584558945",
  },
  Object {
    "date": 2018-03-05T03:59:59.999Z,
    "value": "827915045",
  },
  Object {
    "date": 2018-03-06T03:59:59.999Z,
    "value": "840671207",
  },
  Object {
    "date": 2018-03-07T03:59:59.999Z,
    "value": "1090846436",
  },
  Object {
    "date": 2018-03-08T03:59:59.999Z,
    "value": "1201087006",
  },
  Object {
    "date": 2018-03-09T03:59:59.999Z,
    "value": "1503032356",
  },
  Object {
    "date": 2018-03-10T03:59:59.999Z,
    "value": "1764906425",
  },
  Object {
    "date": 2018-03-11T03:59:59.999Z,
    "value": "1981297870",
  },
  Object {
    "date": 2018-03-12T03:59:59.999Z,
    "value": "1861927510",
  },
  Object {
    "date": 2018-03-13T03:59:59.999Z,
    "value": "1895812270",
  },
  Object {
    "date": 2018-03-14T03:59:59.999Z,
    "value": "2049215891",
  },
  Object {
    "date": 2018-03-14T17:34:42.000Z,
    "value": "2141903741",
  },
]
`;

exports[`getBalanceHistory(*,month) returns an array of 30 items 1`] = `
Array [
  Object {
    "date": 2018-02-14T03:59:59.999Z,
    "value": "0",
  },
  Object {
    "date": 2018-02-15T03:59:59.999Z,
    "value": "0",
  },
  Object {
    "date": 2018-02-16T03:59:59.999Z,
    "value": "0",
  },
  Object {
    "date": 2018-02-17T03:59:59.999Z,
    "value": "0",
  },
  Object {
    "date": 2018-02-18T03:59:59.999Z,
    "value": "0",
  },
  Object {
    "date": 2018-02-19T03:59:59.999Z,
    "value": "0",
  },
  Object {
    "date": 2018-02-20T03:59:59.999Z,
    "value": "0",
  },
  Object {
    "date": 2018-02-21T03:59:59.999Z,
    "value": "0",
  },
  Object {
    "date": 2018-02-22T03:59:59.999Z,
    "value": "0",
  },
  Object {
    "date": 2018-02-23T03:59:59.999Z,
    "value": "751284344151631548",
  },
  Object {
    "date": 2018-02-24T03:59:59.999Z,
    "value": "1670629284800028060",
  },
  Object {
    "date": 2018-02-25T03:59:59.999Z,
    "value": "2354706924061508237",
  },
  Object {
    "date": 2018-02-26T03:59:59.999Z,
    "value": "524485823996633501",
  },
  Object {
    "date": 2018-02-27T03:59:59.999Z,
    "value": "1836129959847807427",
  },
  Object {
    "date": 2018-02-28T03:59:59.999Z,
    "value": "2582399663352795767",
  },
  Object {
    "date": 2018-03-01T03:59:59.999Z,
    "value": "2714603825855206657",
  },
  Object {
    "date": 2018-03-02T03:59:59.999Z,
    "value": "3694247190223204159",
  },
  Object {
    "date": 2018-03-03T03:59:59.999Z,
    "value": "3482983535847667197",
  },
  Object {
    "date": 2018-03-04T03:59:59.999Z,
    "value": "3487682569740325833",
  },
  Object {
    "date": 2018-03-05T03:59:59.999Z,
    "value": "3613241456700506617",
  },
  Object {
    "date": 2018-03-06T03:59:59.999Z,
    "value": "3303438360247575810",
  },
  Object {
    "date": 2018-03-07T03:59:59.999Z,
    "value": "3472270439920747522",
  },
  Object {
    "date": 2018-03-08T03:59:59.999Z,
    "value": "3632475934985008552",
  },
  Object {
    "date": 2018-03-09T03:59:59.999Z,
    "value": "4114758122490487872",
  },
  Object {
    "date": 2018-03-10T03:59:59.999Z,
    "value": "5140497606648782101",
  },
  Object {
    "date": 2018-03-11T03:59:59.999Z,
    "value": "5715831185454035207",
  },
  Object {
    "date": 2018-03-12T03:59:59.999Z,
    "value": "7302298669191520472",
  },
  Object {
    "date": 2018-03-13T03:59:59.999Z,
    "value": "8259954763031928683",
  },
  Object {
    "date": 2018-03-14T03:59:59.999Z,
    "value": "8040625602721231407",
  },
  Object {
    "date": 2018-03-14T17:34:42.000Z,
    "value": "9182280434134623693",
  },
]
`;

exports[`getBalanceHistory(*,year) works as well 1`] = `
Array [
  Object {
    "date": 2017-03-16T03:59:59.999Z,
    "value": "0",
  },
  Object {
    "date": 2017-03-17T03:59:59.999Z,
    "value": "0",
  },
  Object {
    "date": 2017-03-18T03:59:59.999Z,
    "value": "0",
  },
  Object {
    "date": 2017-03-19T03:59:59.999Z,
    "value": "0",
  },
  Object {
    "date": 2017-03-20T03:59:59.999Z,
    "value": "0",
  },
  Object {
    "date": 2017-03-21T03:59:59.999Z,
    "value": "0",
  },
  Object {
    "date": 2017-03-22T03:59:59.999Z,
    "value": "0",
  },
  Object {
    "date": 2017-03-23T03:59:59.999Z,
    "value": "0",
  },
  Object {
    "date": 2017-03-24T03:59:59.999Z,
    "value": "0",
  },
  Object {
    "date": 2017-03-25T03:59:59.999Z,
    "value": "0",
  },
  Object {
    "date": 2017-03-26T03:59:59.999Z,
    "value": "0",
  },
  Object {
    "date": 2017-03-27T03:59:59.999Z,
    "value": "0",
  },
  Object {
    "date": 2017-03-28T03:59:59.999Z,
    "value": "0",
  },
  Object {
    "date": 2017-03-29T03:59:59.999Z,
    "value": "0",
  },
  Object {
    "date": 2017-03-30T03:59:59.999Z,
    "value": "0",
  },
  Object {
    "date": 2017-03-31T03:59:59.999Z,
    "value": "0",
  },
  Object {
    "date": 2017-04-01T03:59:59.999Z,
    "value": "0",
  },
  Object {
    "date": 2017-04-02T03:59:59.999Z,
    "value": "0",
  },
  Object {
    "date": 2017-04-03T03:59:59.999Z,
    "value": "0",
  },
  Object {
    "date": 2017-04-04T03:59:59.999Z,
    "value": "0",
  },
  Object {
    "date": 2017-04-05T03:59:59.999Z,
    "value": "0",
  },
  Object {
    "date": 2017-04-06T03:59:59.999Z,
    "value": "0",
  },
  Object {
    "date": 2017-04-07T03:59:59.999Z,
    "value": "0",
  },
  Object {
    "date": 2017-04-08T03:59:59.999Z,
    "value": "0",
  },
  Object {
    "date": 2017-04-09T03:59:59.999Z,
    "value": "0",
  },
  Object {
    "date": 2017-04-10T03:59:59.999Z,
    "value": "0",
  },
  Object {
    "date": 2017-04-11T03:59:59.999Z,
    "value": "0",
  },
  Object {
    "date": 2017-04-12T03:59:59.999Z,
    "value": "0",
  },
  Object {
    "date": 2017-04-13T03:59:59.999Z,
    "value": "0",
  },
  Object {
    "date": 2017-04-14T03:59:59.999Z,
    "value": "0",
  },
  Object {
    "date": 2017-04-15T03:59:59.999Z,
    "value": "0",
  },
  Object {
    "date": 2017-04-16T03:59:59.999Z,
    "value": "0",
  },
  Object {
    "date": 2017-04-17T03:59:59.999Z,
    "value": "0",
  },
  Object {
    "date": 2017-04-18T03:59:59.999Z,
    "value": "0",
  },
  Object {
    "date": 2017-04-19T03:59:59.999Z,
    "value": "0",
  },
  Object {
    "date": 2017-04-20T03:59:59.999Z,
    "value": "0",
  },
  Object {
    "date": 2017-04-21T03:59:59.999Z,
    "value": "0",
  },
  Object {
    "date": 2017-04-22T03:59:59.999Z,
    "value": "0",
  },
  Object {
    "date": 2017-04-23T03:59:59.999Z,
    "value": "0",
  },
  Object {
    "date": 2017-04-24T03:59:59.999Z,
    "value": "0",
  },
  Object {
    "date": 2017-04-25T03:59:59.999Z,
    "value": "0",
  },
  Object {
    "date": 2017-04-26T03:59:59.999Z,
    "value": "0",
  },
  Object {
    "date": 2017-04-27T03:59:59.999Z,
    "value": "0",
  },
  Object {
    "date": 2017-04-28T03:59:59.999Z,
    "value": "0",
  },
  Object {
    "date": 2017-04-29T03:59:59.999Z,
    "value": "0",
  },
  Object {
    "date": 2017-04-30T03:59:59.999Z,
    "value": "0",
  },
  Object {
    "date": 2017-05-01T03:59:59.999Z,
    "value": "0",
  },
  Object {
    "date": 2017-05-02T03:59:59.999Z,
    "value": "0",
  },
  Object {
    "date": 2017-05-03T03:59:59.999Z,
    "value": "0",
  },
  Object {
    "date": 2017-05-04T03:59:59.999Z,
    "value": "0",
  },
  Object {
    "date": 2017-05-05T03:59:59.999Z,
    "value": "0",
  },
  Object {
    "date": 2017-05-06T03:59:59.999Z,
    "value": "0",
  },
  Object {
    "date": 2017-05-07T03:59:59.999Z,
    "value": "0",
  },
  Object {
    "date": 2017-05-08T03:59:59.999Z,
    "value": "0",
  },
  Object {
    "date": 2017-05-09T03:59:59.999Z,
    "value": "0",
  },
  Object {
    "date": 2017-05-10T03:59:59.999Z,
    "value": "0",
  },
  Object {
    "date": 2017-05-11T03:59:59.999Z,
    "value": "0",
  },
  Object {
    "date": 2017-05-12T03:59:59.999Z,
    "value": "0",
  },
  Object {
    "date": 2017-05-13T03:59:59.999Z,
    "value": "0",
  },
  Object {
    "date": 2017-05-14T03:59:59.999Z,
    "value": "0",
  },
  Object {
    "date": 2017-05-15T03:59:59.999Z,
    "value": "0",
  },
  Object {
    "date": 2017-05-16T03:59:59.999Z,
    "value": "0",
  },
  Object {
    "date": 2017-05-17T03:59:59.999Z,
    "value": "0",
  },
  Object {
    "date": 2017-05-18T03:59:59.999Z,
    "value": "0",
  },
  Object {
    "date": 2017-05-19T03:59:59.999Z,
    "value": "0",
  },
  Object {
    "date": 2017-05-20T03:59:59.999Z,
    "value": "0",
  },
  Object {
    "date": 2017-05-21T03:59:59.999Z,
    "value": "0",
  },
  Object {
    "date": 2017-05-22T03:59:59.999Z,
    "value": "0",
  },
  Object {
    "date": 2017-05-23T03:59:59.999Z,
    "value": "0",
  },
  Object {
    "date": 2017-05-24T03:59:59.999Z,
    "value": "0",
  },
  Object {
    "date": 2017-05-25T03:59:59.999Z,
    "value": "0",
  },
  Object {
    "date": 2017-05-26T03:59:59.999Z,
    "value": "0",
  },
  Object {
    "date": 2017-05-27T03:59:59.999Z,
    "value": "0",
  },
  Object {
    "date": 2017-05-28T03:59:59.999Z,
    "value": "0",
  },
  Object {
    "date": 2017-05-29T03:59:59.999Z,
    "value": "0",
  },
  Object {
    "date": 2017-05-30T03:59:59.999Z,
    "value": "0",
  },
  Object {
    "date": 2017-05-31T03:59:59.999Z,
    "value": "0",
  },
  Object {
    "date": 2017-06-01T03:59:59.999Z,
    "value": "0",
  },
  Object {
    "date": 2017-06-02T03:59:59.999Z,
    "value": "0",
  },
  Object {
    "date": 2017-06-03T03:59:59.999Z,
    "value": "0",
  },
  Object {
    "date": 2017-06-04T03:59:59.999Z,
    "value": "0",
  },
  Object {
    "date": 2017-06-05T03:59:59.999Z,
    "value": "0",
  },
  Object {
    "date": 2017-06-06T03:59:59.999Z,
    "value": "0",
  },
  Object {
    "date": 2017-06-07T03:59:59.999Z,
    "value": "0",
  },
  Object {
    "date": 2017-06-08T03:59:59.999Z,
    "value": "0",
  },
  Object {
    "date": 2017-06-09T03:59:59.999Z,
    "value": "0",
  },
  Object {
    "date": 2017-06-10T03:59:59.999Z,
    "value": "0",
  },
  Object {
    "date": 2017-06-11T03:59:59.999Z,
    "value": "0",
  },
  Object {
    "date": 2017-06-12T03:59:59.999Z,
    "value": "0",
  },
  Object {
    "date": 2017-06-13T03:59:59.999Z,
    "value": "0",
  },
  Object {
    "date": 2017-06-14T03:59:59.999Z,
    "value": "0",
  },
  Object {
    "date": 2017-06-15T03:59:59.999Z,
    "value": "0",
  },
  Object {
    "date": 2017-06-16T03:59:59.999Z,
    "value": "0",
  },
  Object {
    "date": 2017-06-17T03:59:59.999Z,
    "value": "0",
  },
  Object {
    "date": 2017-06-18T03:59:59.999Z,
    "value": "0",
  },
  Object {
    "date": 2017-06-19T03:59:59.999Z,
    "value": "0",
  },
  Object {
    "date": 2017-06-20T03:59:59.999Z,
    "value": "0",
  },
  Object {
    "date": 2017-06-21T03:59:59.999Z,
    "value": "0",
  },
  Object {
    "date": 2017-06-22T03:59:59.999Z,
    "value": "0",
  },
  Object {
    "date": 2017-06-23T03:59:59.999Z,
    "value": "0",
  },
  Object {
    "date": 2017-06-24T03:59:59.999Z,
    "value": "0",
  },
  Object {
    "date": 2017-06-25T03:59:59.999Z,
    "value": "0",
  },
  Object {
    "date": 2017-06-26T03:59:59.999Z,
    "value": "0",
  },
  Object {
    "date": 2017-06-27T03:59:59.999Z,
    "value": "0",
  },
  Object {
    "date": 2017-06-28T03:59:59.999Z,
    "value": "0",
  },
  Object {
    "date": 2017-06-29T03:59:59.999Z,
    "value": "0",
  },
  Object {
    "date": 2017-06-30T03:59:59.999Z,
    "value": "0",
  },
  Object {
    "date": 2017-07-01T03:59:59.999Z,
    "value": "0",
  },
  Object {
    "date": 2017-07-02T03:59:59.999Z,
    "value": "0",
  },
  Object {
    "date": 2017-07-03T03:59:59.999Z,
    "value": "0",
  },
  Object {
    "date": 2017-07-04T03:59:59.999Z,
    "value": "0",
  },
  Object {
    "date": 2017-07-05T03:59:59.999Z,
    "value": "0",
  },
  Object {
    "date": 2017-07-06T03:59:59.999Z,
    "value": "0",
  },
  Object {
    "date": 2017-07-07T03:59:59.999Z,
    "value": "0",
  },
  Object {
    "date": 2017-07-08T03:59:59.999Z,
    "value": "0",
  },
  Object {
    "date": 2017-07-09T03:59:59.999Z,
    "value": "0",
  },
  Object {
    "date": 2017-07-10T03:59:59.999Z,
    "value": "0",
  },
  Object {
    "date": 2017-07-11T03:59:59.999Z,
    "value": "0",
  },
  Object {
    "date": 2017-07-12T03:59:59.999Z,
    "value": "0",
  },
  Object {
    "date": 2017-07-13T03:59:59.999Z,
    "value": "0",
  },
  Object {
    "date": 2017-07-14T03:59:59.999Z,
    "value": "0",
  },
  Object {
    "date": 2017-07-15T03:59:59.999Z,
    "value": "0",
  },
  Object {
    "date": 2017-07-16T03:59:59.999Z,
    "value": "0",
  },
  Object {
    "date": 2017-07-17T03:59:59.999Z,
    "value": "0",
  },
  Object {
    "date": 2017-07-18T03:59:59.999Z,
    "value": "0",
  },
  Object {
    "date": 2017-07-19T03:59:59.999Z,
    "value": "0",
  },
  Object {
    "date": 2017-07-20T03:59:59.999Z,
    "value": "0",
  },
  Object {
    "date": 2017-07-21T03:59:59.999Z,
    "value": "0",
  },
  Object {
    "date": 2017-07-22T03:59:59.999Z,
    "value": "0",
  },
  Object {
    "date": 2017-07-23T03:59:59.999Z,
    "value": "0",
  },
  Object {
    "date": 2017-07-24T03:59:59.999Z,
    "value": "0",
  },
  Object {
    "date": 2017-07-25T03:59:59.999Z,
    "value": "0",
  },
  Object {
    "date": 2017-07-26T03:59:59.999Z,
    "value": "0",
  },
  Object {
    "date": 2017-07-27T03:59:59.999Z,
    "value": "0",
  },
  Object {
    "date": 2017-07-28T03:59:59.999Z,
    "value": "0",
  },
  Object {
    "date": 2017-07-29T03:59:59.999Z,
    "value": "0",
  },
  Object {
    "date": 2017-07-30T03:59:59.999Z,
    "value": "0",
  },
  Object {
    "date": 2017-07-31T03:59:59.999Z,
    "value": "0",
  },
  Object {
    "date": 2017-08-01T03:59:59.999Z,
    "value": "0",
  },
  Object {
    "date": 2017-08-02T03:59:59.999Z,
    "value": "0",
  },
  Object {
    "date": 2017-08-03T03:59:59.999Z,
    "value": "0",
  },
  Object {
    "date": 2017-08-04T03:59:59.999Z,
    "value": "0",
  },
  Object {
    "date": 2017-08-05T03:59:59.999Z,
    "value": "0",
  },
  Object {
    "date": 2017-08-06T03:59:59.999Z,
    "value": "0",
  },
  Object {
    "date": 2017-08-07T03:59:59.999Z,
    "value": "0",
  },
  Object {
    "date": 2017-08-08T03:59:59.999Z,
    "value": "0",
  },
  Object {
    "date": 2017-08-09T03:59:59.999Z,
    "value": "0",
  },
  Object {
    "date": 2017-08-10T03:59:59.999Z,
    "value": "0",
  },
  Object {
    "date": 2017-08-11T03:59:59.999Z,
    "value": "0",
  },
  Object {
    "date": 2017-08-12T03:59:59.999Z,
    "value": "0",
  },
  Object {
    "date": 2017-08-13T03:59:59.999Z,
    "value": "0",
  },
  Object {
    "date": 2017-08-14T03:59:59.999Z,
    "value": "0",
  },
  Object {
    "date": 2017-08-15T03:59:59.999Z,
    "value": "0",
  },
  Object {
    "date": 2017-08-16T03:59:59.999Z,
    "value": "0",
  },
  Object {
    "date": 2017-08-17T03:59:59.999Z,
    "value": "0",
  },
  Object {
    "date": 2017-08-18T03:59:59.999Z,
    "value": "0",
  },
  Object {
    "date": 2017-08-19T03:59:59.999Z,
    "value": "0",
  },
  Object {
    "date": 2017-08-20T03:59:59.999Z,
    "value": "0",
  },
  Object {
    "date": 2017-08-21T03:59:59.999Z,
    "value": "0",
  },
  Object {
    "date": 2017-08-22T03:59:59.999Z,
    "value": "0",
  },
  Object {
    "date": 2017-08-23T03:59:59.999Z,
    "value": "0",
  },
  Object {
    "date": 2017-08-24T03:59:59.999Z,
    "value": "0",
  },
  Object {
    "date": 2017-08-25T03:59:59.999Z,
    "value": "0",
  },
  Object {
    "date": 2017-08-26T03:59:59.999Z,
    "value": "0",
  },
  Object {
    "date": 2017-08-27T03:59:59.999Z,
    "value": "0",
  },
  Object {
    "date": 2017-08-28T03:59:59.999Z,
    "value": "0",
  },
  Object {
    "date": 2017-08-29T03:59:59.999Z,
    "value": "0",
  },
  Object {
    "date": 2017-08-30T03:59:59.999Z,
    "value": "0",
  },
  Object {
    "date": 2017-08-31T03:59:59.999Z,
    "value": "0",
  },
  Object {
    "date": 2017-09-01T03:59:59.999Z,
    "value": "0",
  },
  Object {
    "date": 2017-09-02T03:59:59.999Z,
    "value": "0",
  },
  Object {
    "date": 2017-09-03T03:59:59.999Z,
    "value": "0",
  },
  Object {
    "date": 2017-09-04T03:59:59.999Z,
    "value": "0",
  },
  Object {
    "date": 2017-09-05T03:59:59.999Z,
    "value": "0",
  },
  Object {
    "date": 2017-09-06T03:59:59.999Z,
    "value": "0",
  },
  Object {
    "date": 2017-09-07T03:59:59.999Z,
    "value": "0",
  },
  Object {
    "date": 2017-09-08T03:59:59.999Z,
    "value": "0",
  },
  Object {
    "date": 2017-09-09T03:59:59.999Z,
    "value": "0",
  },
  Object {
    "date": 2017-09-10T03:59:59.999Z,
    "value": "0",
  },
  Object {
    "date": 2017-09-11T03:59:59.999Z,
    "value": "0",
  },
  Object {
    "date": 2017-09-12T03:59:59.999Z,
    "value": "0",
  },
  Object {
    "date": 2017-09-13T03:59:59.999Z,
    "value": "0",
  },
  Object {
    "date": 2017-09-14T03:59:59.999Z,
    "value": "0",
  },
  Object {
    "date": 2017-09-15T03:59:59.999Z,
    "value": "0",
  },
  Object {
    "date": 2017-09-16T03:59:59.999Z,
    "value": "0",
  },
  Object {
    "date": 2017-09-17T03:59:59.999Z,
    "value": "0",
  },
  Object {
    "date": 2017-09-18T03:59:59.999Z,
    "value": "0",
  },
  Object {
    "date": 2017-09-19T03:59:59.999Z,
    "value": "0",
  },
  Object {
    "date": 2017-09-20T03:59:59.999Z,
    "value": "0",
  },
  Object {
    "date": 2017-09-21T03:59:59.999Z,
    "value": "0",
  },
  Object {
    "date": 2017-09-22T03:59:59.999Z,
    "value": "0",
  },
  Object {
    "date": 2017-09-23T03:59:59.999Z,
    "value": "0",
  },
  Object {
    "date": 2017-09-24T03:59:59.999Z,
    "value": "0",
  },
  Object {
    "date": 2017-09-25T03:59:59.999Z,
    "value": "0",
  },
  Object {
    "date": 2017-09-26T03:59:59.999Z,
    "value": "0",
  },
  Object {
    "date": 2017-09-27T03:59:59.999Z,
    "value": "0",
  },
  Object {
    "date": 2017-09-28T03:59:59.999Z,
    "value": "0",
  },
  Object {
    "date": 2017-09-29T03:59:59.999Z,
    "value": "0",
  },
  Object {
    "date": 2017-09-30T03:59:59.999Z,
    "value": "0",
  },
  Object {
    "date": 2017-10-01T03:59:59.999Z,
    "value": "0",
  },
  Object {
    "date": 2017-10-02T03:59:59.999Z,
    "value": "0",
  },
  Object {
    "date": 2017-10-03T03:59:59.999Z,
    "value": "0",
  },
  Object {
    "date": 2017-10-04T03:59:59.999Z,
    "value": "0",
  },
  Object {
    "date": 2017-10-05T03:59:59.999Z,
    "value": "0",
  },
  Object {
    "date": 2017-10-06T03:59:59.999Z,
    "value": "0",
  },
  Object {
    "date": 2017-10-07T03:59:59.999Z,
    "value": "0",
  },
  Object {
    "date": 2017-10-08T03:59:59.999Z,
    "value": "0",
  },
  Object {
    "date": 2017-10-09T03:59:59.999Z,
    "value": "0",
  },
  Object {
    "date": 2017-10-10T03:59:59.999Z,
    "value": "0",
  },
  Object {
    "date": 2017-10-11T03:59:59.999Z,
    "value": "0",
  },
  Object {
    "date": 2017-10-12T03:59:59.999Z,
    "value": "0",
  },
  Object {
    "date": 2017-10-13T03:59:59.999Z,
    "value": "0",
  },
  Object {
    "date": 2017-10-14T03:59:59.999Z,
    "value": "0",
  },
  Object {
    "date": 2017-10-15T03:59:59.999Z,
    "value": "0",
  },
  Object {
    "date": 2017-10-16T03:59:59.999Z,
    "value": "0",
  },
  Object {
    "date": 2017-10-17T03:59:59.999Z,
    "value": "0",
  },
  Object {
    "date": 2017-10-18T03:59:59.999Z,
    "value": "0",
  },
  Object {
    "date": 2017-10-19T03:59:59.999Z,
    "value": "0",
  },
  Object {
    "date": 2017-10-20T03:59:59.999Z,
    "value": "0",
  },
  Object {
    "date": 2017-10-21T03:59:59.999Z,
    "value": "0",
  },
  Object {
    "date": 2017-10-22T03:59:59.999Z,
    "value": "0",
  },
  Object {
    "date": 2017-10-23T03:59:59.999Z,
    "value": "0",
  },
  Object {
    "date": 2017-10-24T03:59:59.999Z,
    "value": "0",
  },
  Object {
    "date": 2017-10-25T03:59:59.999Z,
    "value": "0",
  },
  Object {
    "date": 2017-10-26T03:59:59.999Z,
    "value": "0",
  },
  Object {
    "date": 2017-10-27T03:59:59.999Z,
    "value": "0",
  },
  Object {
    "date": 2017-10-28T03:59:59.999Z,
    "value": "0",
  },
  Object {
    "date": 2017-10-29T03:59:59.999Z,
    "value": "0",
  },
  Object {
    "date": 2017-10-30T03:59:59.999Z,
    "value": "0",
  },
  Object {
    "date": 2017-10-31T03:59:59.999Z,
    "value": "0",
  },
  Object {
    "date": 2017-11-01T03:59:59.999Z,
    "value": "0",
  },
  Object {
    "date": 2017-11-02T03:59:59.999Z,
    "value": "0",
  },
  Object {
    "date": 2017-11-03T03:59:59.999Z,
    "value": "0",
  },
  Object {
    "date": 2017-11-04T03:59:59.999Z,
    "value": "0",
  },
  Object {
    "date": 2017-11-05T03:59:59.999Z,
    "value": "0",
  },
  Object {
    "date": 2017-11-06T03:59:59.999Z,
    "value": "0",
  },
  Object {
    "date": 2017-11-07T03:59:59.999Z,
    "value": "0",
  },
  Object {
    "date": 2017-11-08T03:59:59.999Z,
    "value": "0",
  },
  Object {
    "date": 2017-11-09T03:59:59.999Z,
    "value": "0",
  },
  Object {
    "date": 2017-11-10T03:59:59.999Z,
    "value": "0",
  },
  Object {
    "date": 2017-11-11T03:59:59.999Z,
    "value": "0",
  },
  Object {
    "date": 2017-11-12T03:59:59.999Z,
    "value": "0",
  },
  Object {
    "date": 2017-11-13T03:59:59.999Z,
    "value": "0",
  },
  Object {
    "date": 2017-11-14T03:59:59.999Z,
    "value": "0",
  },
  Object {
    "date": 2017-11-15T03:59:59.999Z,
    "value": "0",
  },
  Object {
    "date": 2017-11-16T03:59:59.999Z,
    "value": "0",
  },
  Object {
    "date": 2017-11-17T03:59:59.999Z,
    "value": "0",
  },
  Object {
    "date": 2017-11-18T03:59:59.999Z,
    "value": "0",
  },
  Object {
    "date": 2017-11-19T03:59:59.999Z,
    "value": "0",
  },
  Object {
    "date": 2017-11-20T03:59:59.999Z,
    "value": "0",
  },
  Object {
    "date": 2017-11-21T03:59:59.999Z,
    "value": "0",
  },
  Object {
    "date": 2017-11-22T03:59:59.999Z,
    "value": "0",
  },
  Object {
    "date": 2017-11-23T03:59:59.999Z,
    "value": "0",
  },
  Object {
    "date": 2017-11-24T03:59:59.999Z,
    "value": "0",
  },
  Object {
    "date": 2017-11-25T03:59:59.999Z,
    "value": "0",
  },
  Object {
    "date": 2017-11-26T03:59:59.999Z,
    "value": "0",
  },
  Object {
    "date": 2017-11-27T03:59:59.999Z,
    "value": "0",
  },
  Object {
    "date": 2017-11-28T03:59:59.999Z,
    "value": "0",
  },
  Object {
    "date": 2017-11-29T03:59:59.999Z,
    "value": "0",
  },
  Object {
    "date": 2017-11-30T03:59:59.999Z,
    "value": "0",
  },
  Object {
    "date": 2017-12-01T03:59:59.999Z,
    "value": "0",
  },
  Object {
    "date": 2017-12-02T03:59:59.999Z,
    "value": "0",
  },
  Object {
    "date": 2017-12-03T03:59:59.999Z,
    "value": "0",
  },
  Object {
    "date": 2017-12-04T03:59:59.999Z,
    "value": "0",
  },
  Object {
    "date": 2017-12-05T03:59:59.999Z,
    "value": "0",
  },
  Object {
    "date": 2017-12-06T03:59:59.999Z,
    "value": "0",
  },
  Object {
    "date": 2017-12-07T03:59:59.999Z,
    "value": "0",
  },
  Object {
    "date": 2017-12-08T03:59:59.999Z,
    "value": "0",
  },
  Object {
    "date": 2017-12-09T03:59:59.999Z,
    "value": "0",
  },
  Object {
    "date": 2017-12-10T03:59:59.999Z,
    "value": "0",
  },
  Object {
    "date": 2017-12-11T03:59:59.999Z,
    "value": "0",
  },
  Object {
    "date": 2017-12-12T03:59:59.999Z,
    "value": "0",
  },
  Object {
    "date": 2017-12-13T03:59:59.999Z,
    "value": "0",
  },
  Object {
    "date": 2017-12-14T03:59:59.999Z,
    "value": "0",
  },
  Object {
    "date": 2017-12-15T03:59:59.999Z,
    "value": "0",
  },
  Object {
    "date": 2017-12-16T03:59:59.999Z,
    "value": "0",
  },
  Object {
    "date": 2017-12-17T03:59:59.999Z,
    "value": "0",
  },
  Object {
    "date": 2017-12-18T03:59:59.999Z,
    "value": "0",
  },
  Object {
    "date": 2017-12-19T03:59:59.999Z,
    "value": "0",
  },
  Object {
    "date": 2017-12-20T03:59:59.999Z,
    "value": "0",
  },
  Object {
    "date": 2017-12-21T03:59:59.999Z,
    "value": "0",
  },
  Object {
    "date": 2017-12-22T03:59:59.999Z,
    "value": "0",
  },
  Object {
    "date": 2017-12-23T03:59:59.999Z,
    "value": "0",
  },
  Object {
    "date": 2017-12-24T03:59:59.999Z,
    "value": "0",
  },
  Object {
    "date": 2017-12-25T03:59:59.999Z,
    "value": "0",
  },
  Object {
    "date": 2017-12-26T03:59:59.999Z,
    "value": "0",
  },
  Object {
    "date": 2017-12-27T03:59:59.999Z,
    "value": "0",
  },
  Object {
    "date": 2017-12-28T03:59:59.999Z,
    "value": "0",
  },
  Object {
    "date": 2017-12-29T03:59:59.999Z,
    "value": "0",
  },
  Object {
    "date": 2017-12-30T03:59:59.999Z,
    "value": "0",
  },
  Object {
    "date": 2017-12-31T03:59:59.999Z,
    "value": "0",
  },
  Object {
    "date": 2018-01-01T03:59:59.999Z,
    "value": "0",
  },
  Object {
    "date": 2018-01-02T03:59:59.999Z,
    "value": "0",
  },
  Object {
    "date": 2018-01-03T03:59:59.999Z,
    "value": "0",
  },
  Object {
    "date": 2018-01-04T03:59:59.999Z,
    "value": "0",
  },
  Object {
    "date": 2018-01-05T03:59:59.999Z,
    "value": "0",
  },
  Object {
    "date": 2018-01-06T03:59:59.999Z,
    "value": "0",
  },
  Object {
    "date": 2018-01-07T03:59:59.999Z,
    "value": "0",
  },
  Object {
    "date": 2018-01-08T03:59:59.999Z,
    "value": "0",
  },
  Object {
    "date": 2018-01-09T03:59:59.999Z,
    "value": "0",
  },
  Object {
    "date": 2018-01-10T03:59:59.999Z,
    "value": "0",
  },
  Object {
    "date": 2018-01-11T03:59:59.999Z,
    "value": "0",
  },
  Object {
    "date": 2018-01-12T03:59:59.999Z,
    "value": "0",
  },
  Object {
    "date": 2018-01-13T03:59:59.999Z,
    "value": "0",
  },
  Object {
    "date": 2018-01-14T03:59:59.999Z,
    "value": "0",
  },
  Object {
    "date": 2018-01-15T03:59:59.999Z,
    "value": "0",
  },
  Object {
    "date": 2018-01-16T03:59:59.999Z,
    "value": "0",
  },
  Object {
    "date": 2018-01-17T03:59:59.999Z,
    "value": "0",
  },
  Object {
    "date": 2018-01-18T03:59:59.999Z,
    "value": "0",
  },
  Object {
    "date": 2018-01-19T03:59:59.999Z,
    "value": "0",
  },
  Object {
    "date": 2018-01-20T03:59:59.999Z,
    "value": "0",
  },
  Object {
    "date": 2018-01-21T03:59:59.999Z,
    "value": "0",
  },
  Object {
    "date": 2018-01-22T03:59:59.999Z,
    "value": "0",
  },
  Object {
    "date": 2018-01-23T03:59:59.999Z,
    "value": "0",
  },
  Object {
    "date": 2018-01-24T03:59:59.999Z,
    "value": "0",
  },
  Object {
    "date": 2018-01-25T03:59:59.999Z,
    "value": "0",
  },
  Object {
    "date": 2018-01-26T03:59:59.999Z,
    "value": "0",
  },
  Object {
    "date": 2018-01-27T03:59:59.999Z,
    "value": "0",
  },
  Object {
    "date": 2018-01-28T03:59:59.999Z,
    "value": "0",
  },
  Object {
    "date": 2018-01-29T03:59:59.999Z,
    "value": "0",
  },
  Object {
    "date": 2018-01-30T03:59:59.999Z,
    "value": "0",
  },
  Object {
    "date": 2018-01-31T03:59:59.999Z,
    "value": "0",
  },
  Object {
    "date": 2018-02-01T03:59:59.999Z,
    "value": "0",
  },
  Object {
    "date": 2018-02-02T03:59:59.999Z,
    "value": "0",
  },
  Object {
    "date": 2018-02-03T03:59:59.999Z,
    "value": "0",
  },
  Object {
    "date": 2018-02-04T03:59:59.999Z,
    "value": "0",
  },
  Object {
    "date": 2018-02-05T03:59:59.999Z,
    "value": "0",
  },
  Object {
    "date": 2018-02-06T03:59:59.999Z,
    "value": "0",
  },
  Object {
    "date": 2018-02-07T03:59:59.999Z,
    "value": "0",
  },
  Object {
    "date": 2018-02-08T03:59:59.999Z,
    "value": "0",
  },
  Object {
    "date": 2018-02-09T03:59:59.999Z,
    "value": "0",
  },
  Object {
    "date": 2018-02-10T03:59:59.999Z,
    "value": "0",
  },
  Object {
    "date": 2018-02-11T03:59:59.999Z,
    "value": "0",
  },
  Object {
    "date": 2018-02-12T03:59:59.999Z,
    "value": "0",
  },
  Object {
    "date": 2018-02-13T03:59:59.999Z,
    "value": "0",
  },
  Object {
    "date": 2018-02-14T03:59:59.999Z,
    "value": "0",
  },
  Object {
    "date": 2018-02-15T03:59:59.999Z,
    "value": "0",
  },
  Object {
    "date": 2018-02-16T03:59:59.999Z,
    "value": "0",
  },
  Object {
    "date": 2018-02-17T03:59:59.999Z,
    "value": "0",
  },
  Object {
    "date": 2018-02-18T03:59:59.999Z,
    "value": "0",
  },
  Object {
    "date": 2018-02-19T03:59:59.999Z,
    "value": "0",
  },
  Object {
    "date": 2018-02-20T03:59:59.999Z,
    "value": "0",
  },
  Object {
    "date": 2018-02-21T03:59:59.999Z,
    "value": "0",
  },
  Object {
    "date": 2018-02-22T03:59:59.999Z,
    "value": "0",
  },
  Object {
    "date": 2018-02-23T03:59:59.999Z,
    "value": "0",
  },
  Object {
    "date": 2018-02-24T03:59:59.999Z,
    "value": "0",
  },
  Object {
    "date": 2018-02-25T03:59:59.999Z,
    "value": "0",
  },
  Object {
    "date": 2018-02-26T03:59:59.999Z,
    "value": "0",
  },
  Object {
    "date": 2018-02-27T03:59:59.999Z,
    "value": "0",
  },
  Object {
    "date": 2018-02-28T03:59:59.999Z,
    "value": "0",
  },
  Object {
    "date": 2018-03-01T03:59:59.999Z,
    "value": "0",
  },
  Object {
    "date": 2018-03-02T03:59:59.999Z,
    "value": "0",
  },
  Object {
    "date": 2018-03-03T03:59:59.999Z,
    "value": "0",
  },
  Object {
    "date": 2018-03-04T03:59:59.999Z,
    "value": "0",
  },
  Object {
    "date": 2018-03-05T03:59:59.999Z,
    "value": "0",
  },
  Object {
    "date": 2018-03-06T03:59:59.999Z,
    "value": "45483613",
  },
  Object {
    "date": 2018-03-07T03:59:59.999Z,
    "value": "1382593923",
  },
  Object {
    "date": 2018-03-08T03:59:59.999Z,
    "value": "3095263785",
  },
  Object {
    "date": 2018-03-09T03:59:59.999Z,
    "value": "2816926455",
  },
  Object {
    "date": 2018-03-10T03:59:59.999Z,
    "value": "4269684248",
  },
  Object {
    "date": 2018-03-11T03:59:59.999Z,
    "value": "4536031169",
  },
  Object {
    "date": 2018-03-12T03:59:59.999Z,
    "value": "4521302951",
  },
  Object {
    "date": 2018-03-13T03:59:59.999Z,
    "value": "6701458822",
  },
  Object {
    "date": 2018-03-14T03:59:59.999Z,
    "value": "8450419653",
  },
  Object {
    "date": 2018-03-14T17:34:42.000Z,
    "value": "8738269373",
  },
]
`;

exports[`getCurrencyPortfolio works with one account and is identically to that account history 1`] = `
Array [
  Object {
    "countervalue": "0",
    "date": 2018-03-09T03:59:59.999Z,
    "value": "0",
  },
  Object {
    "countervalue": "0",
    "date": 2018-03-10T03:59:59.999Z,
    "value": "0",
  },
  Object {
    "countervalue": "0",
    "date": 2018-03-11T03:59:59.999Z,
    "value": "0",
  },
  Object {
    "countervalue": "6784819.4",
    "date": 2018-03-12T03:59:59.999Z,
    "value": "67848194",
  },
  Object {
    "countervalue": "8072578.1",
    "date": 2018-03-13T03:59:59.999Z,
    "value": "80725781",
  },
  Object {
    "countervalue": "13804071.2",
    "date": 2018-03-14T03:59:59.999Z,
    "value": "138040712",
  },
  Object {
    "countervalue": "16841893.6",
    "date": 2018-03-14T17:34:42.000Z,
    "value": "168418936",
  },
]
`;

exports[`getPortfolio with lot of accounts 1`] = `
Array [
  Object {
    "date": 2018-03-09T03:59:59.999Z,
    "value": "1.604793801230422145265e+21",
  },
  Object {
    "date": 2018-03-10T03:59:59.999Z,
    "value": "1.731877102680159403735e+21",
  },
  Object {
    "date": 2018-03-11T03:59:59.999Z,
    "value": "1.921765731039921069915e+21",
  },
  Object {
    "date": 2018-03-12T03:59:59.999Z,
    "value": "2.226199591698666085858e+21",
  },
  Object {
    "date": 2018-03-13T03:59:59.999Z,
    "value": "2.507447798522657479842e+21",
  },
  Object {
    "date": 2018-03-14T03:59:59.999Z,
    "value": "2.685657704945792429363e+21",
  },
  Object {
    "date": 2018-03-14T17:34:42.000Z,
    "value": "2.80385271640650573251e+21",
  },
]
`;

exports[`getPortfolio works with one account and is identically to that account history 1`] = `
Array [
  Object {
    "date": 2018-03-09T03:59:59.999Z,
    "value": "0",
  },
  Object {
    "date": 2018-03-10T03:59:59.999Z,
    "value": "0",
  },
  Object {
    "date": 2018-03-11T03:59:59.999Z,
    "value": "0",
  },
  Object {
    "date": 2018-03-12T03:59:59.999Z,
    "value": "67848194",
  },
  Object {
    "date": 2018-03-13T03:59:59.999Z,
    "value": "80725781",
  },
  Object {
    "date": 2018-03-14T03:59:59.999Z,
    "value": "138040712",
  },
  Object {
    "date": 2018-03-14T17:34:42.000Z,
    "value": "168418936",
  },
]
`;
