// Jest Snapshot v1, https://goo.gl/fbAQLP

exports[`stable user 1`] = `
Object {
  "endpointOverrides100": 20,
  "firmwareSalt": "544d89",
}
`;
