{
  "type": "signed"
}
{
  "type": "broadcasted",
  "operation": {
    "id": "libcore:1:komodo:v4PKUB9JUMaUJ1t6VgiYDS7MekMgAnanqcdKGekHYXFRLxvJB17WY3F6U9L6SRhH2ZQy15LdCA9yK6i69byE3uSsxTUGbQKeQEVzKMRwx49mKXL8:--OUT",
    "hash": "",
    "type": "OUT",
    "value": "309558360",
    "fee": "31860",
    "blockHash": null,
    "blockHeight": null,
    "senders": [
      "RJefAEr1mDREUPcw4uAR8m9pQHHthvVF5V",
      "RC7fCw4b7F4h3uDuYMMBvx8HE8ubwVuZMc",
      "RU6LhQVXErq5vxdbm5ubnJnr236C1b9wFn",
      "RTSyLffZtjPKZ1PLv6Dz7Sb2rWP8MHZbYA",
      "RPL2Ws9tYcSmTZ7fCfZnybGZrFnrjfHY5W",
      "RDqp2hjeDt1YJXvB1c8udT8o3qJz25T89F",
      "RHYxa3xWSPULd8deeYak1emQ9G61v3cBUy",
      "RFepmqmpXL5dFBJYSFoncN2Fphn2KiFH2S",
      "RUHd4GPvw4j6MSitJNC1bJjdpEA7tiFGC6",
      "RPceGQQsZvvTzButAx1tZ9g8kM6eWdkVhg",
      "RJXH5iiDG9GGP3uFN4y9nZznWm4H7WRpZr",
      "RNBip2PqrD9xhkoK613VptMqjfS1Sdwa2p",
      "RQeZqrkJuGpv3nCF3QriSUt7b7zRaE2WDj",
      "RQeZqrkJuGpv3nCF3QriSUt7b7zRaE2WDj",
      "RHQeF3BUrN1ub5PqdQhWTAbJB2pv7xukML",
      "RKSuhHTzgmc5gnFDCdSJt3U8HWeNYnPuK6",
      "RRmshus5KvRKRY1oT56imffSFuxPUPS7s1",
      "RD45eCekT96PP3sEJe7cZyFMkLVCW3tK4Y",
      "RXn9eQsdg4knnBBFZmJNaqTE5zfrZqd8v7",
      "RNaGmLqLFhW9u7eqLA5D2Tfb4FgpKRvYYo",
      "RAdQbQFFTV2hpXZB69D5SJQFt175XcZFHk"
    ],
    "recipients": [
      "RE3EgVbkg17HB77JviEYWJBxdDZhciYjAR",
      "RGpavZ4T1w7UQaQk7EguLDjCCN72t2TAHZ"
    ],
    "accountId": "libcore:1:komodo:v4PKUB9JUMaUJ1t6VgiYDS7MekMgAnanqcdKGekHYXFRLxvJB17WY3F6U9L6SRhH2ZQy15LdCA9yK6i69byE3uSsxTUGbQKeQEVzKMRwx49mKXL8:",
    "extra": {}
  }
}
