
S1VFK7VWoJTj7SX9q65p5HKScLGeU2vhAm
{ address: 'S1VFK7VWoJTj7SX9q65p5HKScLGeU2vhAm',
  path: '44\'/125\'/0\'/0/33',
  publicKey: '0432d5ce999f185f72ad6c09db77a92e23b26ffa1ce31a86b8965f52290dfcb0f2d184ec3c3e219b5d9292571db5ba0afa80fa5cd920e5ca2214a942fdc1da17fc',
  chainCode: 'e31a4d8b7dbf4163d5ad2c2ffa446a85dde516ef17652e146609c6028c772dcf' }

S58w1KP7gLVSb52Q4Viywe24VtRbFuYnQi
{ address: 'S58w1KP7gLVSb52Q4Viywe24VtRbFuYnQi',
  path: '44\'/125\'/1\'/0/20',
  publicKey: '04229bdf8cb89780e7830147463142295d68fe9903198753ee6bfa13132547c594662ab43a94f43d8fa3b4c9d8ee6986cdd007e8bdaf6d9d12d9f82d2232255e66',
  chainCode: '1878d6be80b67e870503721db5b853165c47403874d71fef00aa044d163ec45d' }

SEXS2pCRv38gTD3QFTPxces1y67JgB4mhe
{ address: 'SEXS2pCRv38gTD3QFTPxces1y67JgB4mhe',
  path: '44\'/125\'/2\'/0/2',
  publicKey: '04fac8ec889358b9db37bb7c55ace367d24928d1dced71b7259c89426ba7c43b15c37a2f73fd1cb59ff354401e87f50b206d8dc066b1313d9c51b671b938a0586a',
  chainCode: '74265c3b33cf2862781f754d91457790f0be7b7eabc9edba8ba18e9e114a5e6d' }

S3266E5jHLJGta6KSUNf49EoRFDKgDqGP3
{ address: 'S3266E5jHLJGta6KSUNf49EoRFDKgDqGP3',
  path: '44\'/125\'/3\'/0/0',
  publicKey: '041514f1724951134bc3053d94e66a5353a3a8eecb4b38273215b87ea617de0a2973823ee5e9679494827fe84d509aba4d773b72756584603454b6a19a66e7c0b8',
  chainCode: 'b5b672768bb5883e1310f6040d4787144548dfb08595258d486de62963372278' }
