{
  "id": "ethereumjs:2:ethereum:0x17733CAb76d9A2112576443F21735789733B1ca3:ethM",
  "seedIdentifier": "0x17733CAb76d9A2112576443F21735789733B1ca3",
  "name": "Ethereum 1 (legacy)",
  "derivationMode": "ethM",
  "index": 0,
  "freshAddress": "0x17733CAb76d9A2112576443F21735789733B1ca3",
  "freshAddressPath": "44'/60'/0'/0",
  "freshAddresses": [
    {
      "address": "0x17733CAb76d9A2112576443F21735789733B1ca3",
      "derivationPath": "44'/60'/0'/0"
    }
  ],
  "pendingOperations": [],
  "currencyId": "ethereum",
  "unitMagnitude": 18,
  "balance": "0"
}
{
  "id": "ethereumjs:2:ethereum:0x012b85B1e9Ca6599424eF624A0bFC4cF527bCad7:ethM",
  "seedIdentifier": "0x012b85B1e9Ca6599424eF624A0bFC4cF527bCad7",
  "name": "Ethereum 2 (legacy)",
  "derivationMode": "ethM",
  "index": 1,
  "freshAddress": "0x012b85B1e9Ca6599424eF624A0bFC4cF527bCad7",
  "freshAddressPath": "44'/60'/0'/1",
  "freshAddresses": [
    {
      "address": "0x012b85B1e9Ca6599424eF624A0bFC4cF527bCad7",
      "derivationPath": "44'/60'/0'/1"
    }
  ],
  "pendingOperations": [],
  "currencyId": "ethereum",
  "unitMagnitude": 18,
  "balance": "0"
}
{
  "id": "ethereumjs:2:ethereum:0x0AC45A10bbBa4A7d5DE695f0031bBe2945550e9e:ethM",
  "seedIdentifier": "0x0AC45A10bbBa4A7d5DE695f0031bBe2945550e9e",
  "name": "Ethereum 7 (legacy)",
  "derivationMode": "ethM",
  "index": 6,
  "freshAddress": "0x0AC45A10bbBa4A7d5DE695f0031bBe2945550e9e",
  "freshAddressPath": "44'/60'/0'/6",
  "freshAddresses": [
    {
      "address": "0x0AC45A10bbBa4A7d5DE695f0031bBe2945550e9e",
      "derivationPath": "44'/60'/0'/6"
    }
  ],
  "pendingOperations": [],
  "currencyId": "ethereum",
  "unitMagnitude": 18,
  "balance": "0"
}
{
  "id": "ethereumjs:2:ethereum:0x160278aC9B0F1E5d375e314fa605f2d79Cc1240e:ethMM",
  "seedIdentifier": "0x160278aC9B0F1E5d375e314fa605f2d79Cc1240e",
  "name": "Ethereum 2 (metamask)",
  "derivationMode": "ethMM",
  "index": 1,
  "freshAddress": "0x160278aC9B0F1E5d375e314fa605f2d79Cc1240e",
  "freshAddressPath": "44'/60'/0'/0/1",
  "freshAddresses": [
    {
      "address": "0x160278aC9B0F1E5d375e314fa605f2d79Cc1240e",
      "derivationPath": "44'/60'/0'/0/1"
    }
  ],
  "pendingOperations": [],
  "currencyId": "ethereum",
  "unitMagnitude": 18,
  "balance": "97225400922728"
}
{
  "id": "ethereumjs:2:ethereum:0x519192a437e6aeb895Cec72828A73B11b698dE3a:",
  "seedIdentifier": "0x519192a437e6aeb895Cec72828A73B11b698dE3a",
  "name": "Ethereum 1",
  "derivationMode": "",
  "index": 0,
  "freshAddress": "0x519192a437e6aeb895Cec72828A73B11b698dE3a",
  "freshAddressPath": "44'/60'/0'/0/0",
  "freshAddresses": [
    {
      "address": "0x519192a437e6aeb895Cec72828A73B11b698dE3a",
      "derivationPath": "44'/60'/0'/0/0"
    }
  ],
  "pendingOperations": [],
  "currencyId": "ethereum",
  "unitMagnitude": 18,
  "balance": "48167391707119"
}
{
  "id": "ethereumjs:2:ethereum:0xBE6051057B83c2669Ac70530fE7271Db6A7caB6c:",
  "seedIdentifier": "0xBE6051057B83c2669Ac70530fE7271Db6A7caB6c",
  "name": "Ethereum 2",
  "derivationMode": "",
  "index": 1,
  "freshAddress": "0xBE6051057B83c2669Ac70530fE7271Db6A7caB6c",
  "freshAddressPath": "44'/60'/1'/0/0",
  "freshAddresses": [
    {
      "address": "0xBE6051057B83c2669Ac70530fE7271Db6A7caB6c",
      "derivationPath": "44'/60'/1'/0/0"
    }
  ],
  "pendingOperations": [],
  "currencyId": "ethereum",
  "unitMagnitude": 18,
  "balance": "1704544335906944"
}
{
  "id": "ethereumjs:2:ethereum:0xA49386FFF4e0Dd767b145e75d92f7FbA8854553e:",
  "seedIdentifier": "0xA49386FFF4e0Dd767b145e75d92f7FbA8854553e",
  "name": "Ethereum 3",
  "derivationMode": "",
  "index": 2,
  "freshAddress": "0xA49386FFF4e0Dd767b145e75d92f7FbA8854553e",
  "freshAddressPath": "44'/60'/2'/0/0",
  "freshAddresses": [
    {
      "address": "0xA49386FFF4e0Dd767b145e75d92f7FbA8854553e",
      "derivationPath": "44'/60'/2'/0/0"
    }
  ],
  "pendingOperations": [],
  "currencyId": "ethereum",
  "unitMagnitude": 18,
  "balance": "8972"
}
{
  "id": "ethereumjs:2:ethereum:0x1d47aE4AbB54EFb390a8c984bDdB9E9c97F1d72c:",
  "seedIdentifier": "0x1d47aE4AbB54EFb390a8c984bDdB9E9c97F1d72c",
  "name": "Ethereum 4",
  "derivationMode": "",
  "index": 3,
  "freshAddress": "0x1d47aE4AbB54EFb390a8c984bDdB9E9c97F1d72c",
  "freshAddressPath": "44'/60'/3'/0/0",
  "freshAddresses": [
    {
      "address": "0x1d47aE4AbB54EFb390a8c984bDdB9E9c97F1d72c",
      "derivationPath": "44'/60'/3'/0/0"
    }
  ],
  "pendingOperations": [],
  "currencyId": "ethereum",
  "unitMagnitude": 18,
  "balance": "0"
}
