{ name: 'Tron', version: '0.1.3', flags: <Buffer 02> }
