{
  "id": "libcore:1:qtum:xpub6D8bWvy66e4C5NkN2GpwVzVvgwNokusJg4hBQQxfmbMXeReXCiMFGRNxU4painaZ3mT4zazpti42EgnZ4Lfe2UHmTBVuq1CsPiGcUwzbHEb:",
  "seedIdentifier": "04ef47ed070ebea8b71322b2adde5c71b41b696ae159471643f6912cace2a151aa29596afbe8bf2ca250819c68f8156293ab3504c613e1d472ad92401392ba1704",
  "name": "Qtum 1 (legacy)",
  "derivationMode": "",
  "index": 0,
  "freshAddress": "QMnwPX3aguCCLw2aYLxSSYLryekiZSeTMf",
  "freshAddressPath": "44'/88'/0'/0/16",
  "pendingOperations": [],
  "currencyId": "qtum",
  "unitMagnitude": 8,
  "balance": "900000",
  "xpub": "xpub6D8bWvy66e4C5NkN2GpwVzVvgwNokusJg4hBQQxfmbMXeReXCiMFGRNxU4painaZ3mT4zazpti42EgnZ4Lfe2UHmTBVuq1CsPiGcUwzbHEb"
}
{
  "id": "libcore:1:qtum:xpub6D8bWvy66e4C6CndMhczEKCBZJL2FJARZgN6v3zjr5bBE3JBsPfA4pDajMHkQwmwu7uUsAZ8YL6fRLX6cr9L52u4qzz9MErrbKbE4Qka53R:",
  "seedIdentifier": "04ef47ed070ebea8b71322b2adde5c71b41b696ae159471643f6912cace2a151aa29596afbe8bf2ca250819c68f8156293ab3504c613e1d472ad92401392ba1704",
  "name": "Qtum 2 (legacy)",
  "derivationMode": "",
  "index": 1,
  "freshAddress": "QixUhrE98WwqR1Ubf5rj58RaNsKxNj9hZu",
  "freshAddressPath": "44'/88'/1'/0/17",
  "pendingOperations": [],
  "currencyId": "qtum",
  "unitMagnitude": 8,
  "balance": "0",
  "xpub": "xpub6D8bWvy66e4C6CndMhczEKCBZJL2FJARZgN6v3zjr5bBE3JBsPfA4pDajMHkQwmwu7uUsAZ8YL6fRLX6cr9L52u4qzz9MErrbKbE4Qka53R"
}
{
  "id": "libcore:1:qtum:xpub6D8bWvy66e4C9h73ttch7nYxBMXDdHCZKKsRAxGKRLvDqCsDK6G4gbmaXSQaTR6sQHZXh5FupZwrEQMC2EzZCFjVq2EqrNKdgdUXqiGxiuv:",
  "seedIdentifier": "04ef47ed070ebea8b71322b2adde5c71b41b696ae159471643f6912cace2a151aa29596afbe8bf2ca250819c68f8156293ab3504c613e1d472ad92401392ba1704",
  "name": "Qtum 3 (legacy)",
  "derivationMode": "",
  "index": 2,
  "freshAddress": "QU2fczjs5MHdiKXBRPrFdrX5cNjEBoXntr",
  "freshAddressPath": "44'/88'/2'/0/1",
  "pendingOperations": [],
  "currencyId": "qtum",
  "unitMagnitude": 8,
  "balance": "0",
  "xpub": "xpub6D8bWvy66e4C9h73ttch7nYxBMXDdHCZKKsRAxGKRLvDqCsDK6G4gbmaXSQaTR6sQHZXh5FupZwrEQMC2EzZCFjVq2EqrNKdgdUXqiGxiuv"
}
{
  "id": "libcore:1:qtum:xpub6CX1boN7rhfmLuxnZSuNoCuSiPftXpyfekCgt88LkCRQ55KpJ4RXaTWrZCVDQW83ZTEgUo78YbBg3fZJNxw4UdyfjUhKVAM9HFExkoekgkM:segwit",
  "seedIdentifier": "04efb090f47a02630c58e7dd03b1a2119039bd136d4753301018cefc65b29e1a1d71426a56c75f035c5d3b836e1892974c8908bc4d362336c1e7c2bfee8b30762b",
  "name": "Qtum 1 (segwit)",
  "derivationMode": "segwit",
  "index": 0,
  "freshAddress": "MEJAhUL73vQnyas4HR42UTPBgAq434y6sv",
  "freshAddressPath": "49'/88'/0'/0/2",
  "pendingOperations": [],
  "currencyId": "qtum",
  "unitMagnitude": 8,
  "balance": "380366",
  "xpub": "xpub6CX1boN7rhfmLuxnZSuNoCuSiPftXpyfekCgt88LkCRQ55KpJ4RXaTWrZCVDQW83ZTEgUo78YbBg3fZJNxw4UdyfjUhKVAM9HFExkoekgkM"
}
{
  "id": "libcore:1:qtum:xpub6CX1boN7rhfmNqmDU5xuBMQNXMpKxBhf6ngLMYMtguSXMMf7giHNkTS1bsxLm2KB2zANdfKi4zVvAiVBJUiD7P68eaVoLq5ZpJp4yZBTxQ5:segwit",
  "seedIdentifier": "04efb090f47a02630c58e7dd03b1a2119039bd136d4753301018cefc65b29e1a1d71426a56c75f035c5d3b836e1892974c8908bc4d362336c1e7c2bfee8b30762b",
  "name": "Qtum 2 (segwit)",
  "derivationMode": "segwit",
  "index": 1,
  "freshAddress": "MG5fpV1vVvDBioMLSKMBrV19Zn2wghjcFy",
  "freshAddressPath": "49'/88'/1'/0/0",
  "pendingOperations": [],
  "currencyId": "qtum",
  "unitMagnitude": 8,
  "balance": "0",
  "xpub": "xpub6CX1boN7rhfmNqmDU5xuBMQNXMpKxBhf6ngLMYMtguSXMMf7giHNkTS1bsxLm2KB2zANdfKi4zVvAiVBJUiD7P68eaVoLq5ZpJp4yZBTxQ5"
}
