
t1Ldrg1rgwRfoULBdiXXhfwfgK1uEEw4ttw
{ address: 't1Ldrg1rgwRfoULBdiXXhfwfgK1uEEw4ttw',
  path: '44\'/133\'/0\'/0/39',
  publicKey: '04c73d809e755a8c458f9fb93ebc880d66ebe66c9c03bffb20f85bb212c230b8b0140140b6b707e5219995a24065214ae8eb97c4b47d48cad38fa47871ed7ef07a',
  chainCode: '1a770ac0e26ae5ca8d71ada683136365b2b67b9d1087c6a3d440c15b4b77930f' }

t1d25NEsWWXLyuUBKJEBFctxVaoHfzrx5EP
{ address: 't1d25NEsWWXLyuUBKJEBFctxVaoHfzrx5EP',
  path: '44\'/133\'/1\'/0/73',
  publicKey: '04a482672b165d44e56a6191e003ccb54352a67def8c96502d41cb92d095bb8f7cb538f484d60259a9c301e241916daee53e5834b2589c4dcefa978680a0403ee6',
  chainCode: '37ec625d9317f1b2d600003a24af5445d99351af3f5c6734c1bd677433f4de1a' }

t1fLiHDspDa1iVXgoSnDsj79if7fynhZy8f
{ address: 't1fLiHDspDa1iVXgoSnDsj79if7fynhZy8f',
  path: '44\'/133\'/2\'/0/5',
  publicKey: '0434894ea189ae8ccfa0102a79dbf0e2c66b4926a40d8574b54d2cdeb3e161da2c70a0a44991eb69b7361a78459ac6c708ae89b639d64b0c08823406f1bc02bfd1',
  chainCode: '3f4a39396f2af0ea5d4e6b4ed82286528568c559576d9bc5ed1f21731d7e43c1' }

t1Ry3bmVuQ2Cdoeve6tSuP2XUjmqzfHedG9
{ address: 't1Ry3bmVuQ2Cdoeve6tSuP2XUjmqzfHedG9',
  path: '44\'/133\'/3\'/0/1',
  publicKey: '04c3f3088c71c8049cf7134930bb7c92c4b4cb96e58253ad47582709f8d2361121f5de33a7a8b24d202124160cc7aa2567ec94c98bb1db3ad104dddf7651712d91',
  chainCode: '292955823a03a531da62d61d51c0bc7eba73feb5aa81b4b9ea55fea2c3b2972e' }

t1b6vHcfKmRugFhtScnULGrS7iUtjd3ifyW
{ address: 't1b6vHcfKmRugFhtScnULGrS7iUtjd3ifyW',
  path: '44\'/133\'/4\'/0/1',
  publicKey: '04ef7748f35c260ceb2a51c05437cc212409d220d3d1bbf79976ef070ef9277557ba3baf9ad0afb5f45de585fbe9d65fb21b6f1f05c4e5e470ee218ca951f2c394',
  chainCode: '5d605a29cead592f9e179e5982894b6e42113086479c0e695dfe1ab16a1a133d' }

t1ZZpsDxJbk9NQWRVydxkYMPndesPrPgAHv
{ address: 't1ZZpsDxJbk9NQWRVydxkYMPndesPrPgAHv',
  path: '44\'/133\'/5\'/0/1',
  publicKey: '04ef7d9db58188e8651653b1bc4b0fff3178c1e2b3c1ae24a91d6833b2bdc83762be2e078bdcb042cc533c67fbc80868309bab0c86215f3af2a1d1763d07b4b66f',
  chainCode: '97ee2a9b8ef6013aca2b9d32354ae20916d161ba2c13b7fc020c8a785a98ba8e' }

t1T4NHkhLmcSM8sJ49qcg1B8F1AVUgmBxdb
{ address: 't1T4NHkhLmcSM8sJ49qcg1B8F1AVUgmBxdb',
  path: '44\'/133\'/6\'/0/0',
  publicKey: '041f7b2a99cf01ac3a4c0bbadc27e51932b02af8303a9d779e5c9d568c0415580926cc812b416d4da8c22e68baf534f036ba7d82a64b433082442311615c69d5b0',
  chainCode: '08130b9a793f12d30486cc2761f0c1cbc4509f7ec3767764aededb1af0367165' }
