{ name: 'Bitcoin', version: '1.3.11', flags: <Buffer 00> }
