{
  "id": "libcore:1:pivx:ToEA6m53puzNkVaa816ravMdDsMuYbDnK8VpaK7PSh8ud9pfmjCZoi79NhJA4dLNg82qv9kxWh8hZr94PZraQVvcrctCisBSShG5cJnZxYvxgP8:",
  "seedIdentifier": "04894dea4095da14ddbac584ae848971e8dc31e2dae934d06f6893badcf9ca254839e3a0cc35201f30c95b03edfcf53828c1c12df38c2eccbca05fff96ce78a1c2",
  "xpub": "ToEA6m53puzNkVaa816ravMdDsMuYbDnK8VpaK7PSh8ud9pfmjCZoi79NhJA4dLNg82qv9kxWh8hZr94PZraQVvcrctCisBSShG5cJnZxYvxgP8",
  "derivationMode": "",
  "index": 0,
  "freshAddress": "DNtThLtqWiZW43Y55r5xq1GFwdnJq1pi6c",
  "freshAddressPath": "44'/77'/0'/0/8",
  "name": "PivX 1",
  "pendingOperations": [],
  "currencyId": "pivx",
  "unitMagnitude": 8,
  "balance": "0"
}
{
  "id": "libcore:1:pivx:ToEA6m53puzNkVaa9iy72YWtp3ZP23JYgT3vc2gKboictKJ8io5KS6xCNtsBnsADrFWPdySTbei6H9qRWdPUcMAKUEimLEaCra1PATbhAgrYnnr:",
  "seedIdentifier": "04894dea4095da14ddbac584ae848971e8dc31e2dae934d06f6893badcf9ca254839e3a0cc35201f30c95b03edfcf53828c1c12df38c2eccbca05fff96ce78a1c2",
  "xpub": "ToEA6m53puzNkVaa9iy72YWtp3ZP23JYgT3vc2gKboictKJ8io5KS6xCNtsBnsADrFWPdySTbei6H9qRWdPUcMAKUEimLEaCra1PATbhAgrYnnr",
  "derivationMode": "",
  "index": 1,
  "freshAddress": "DJdwXM9UKU3YYWoXziZMYPLToeBi5RTkR1",
  "freshAddressPath": "44'/77'/1'/0/13",
  "name": "PivX 2",
  "pendingOperations": [],
  "currencyId": "pivx",
  "unitMagnitude": 8,
  "balance": "3545573"
}
{
  "id": "libcore:1:pivx:ToEA6m53puzNkVaaC5WMbTUnpUug7y2mMbhyoCDvdxBTVRnaEkmqUQ1R4qUXrbZnqRRw7CjWYfYZBEE5o9hjW68Gik6Dp3UqSyQxDPqhDm7aowP:",
  "seedIdentifier": "04894dea4095da14ddbac584ae848971e8dc31e2dae934d06f6893badcf9ca254839e3a0cc35201f30c95b03edfcf53828c1c12df38c2eccbca05fff96ce78a1c2",
  "xpub": "ToEA6m53puzNkVaaC5WMbTUnpUug7y2mMbhyoCDvdxBTVRnaEkmqUQ1R4qUXrbZnqRRw7CjWYfYZBEE5o9hjW68Gik6Dp3UqSyQxDPqhDm7aowP",
  "derivationMode": "",
  "index": 2,
  "freshAddress": "DN3r1vDLFoFqZG8kGfNUgc2VmTLxannR5m",
  "freshAddressPath": "44'/77'/2'/0/0",
  "name": "PivX 3",
  "pendingOperations": [],
  "currencyId": "pivx",
  "unitMagnitude": 8,
  "balance": "0"
}
