{
  "id": "libcore:1:stealthcoin:XSTpb6FhgDDxtRiWyDDRjoRww8UxwPKfAEXHbrzDhK5enLn4AX2UYxzbVkDEDRVNW7DbUTNNQDvfpvXGyNXrEFmwarrxnBhmneN81ipBGFRXAiTZ:",
  "seedIdentifier": "0471e8813ec3e1859a4511f024ccb132f8ef52b0af52338aaedf832beb312b19a56353f3ec872198de319b0395122bc4b56df0b46049af16407e9765514c07bf6c",
  "xpub": "XSTpb6FhgDDxtRiWyDDRjoRww8UxwPKfAEXHbrzDhK5enLn4AX2UYxzbVkDEDRVNW7DbUTNNQDvfpvXGyNXrEFmwarrxnBhmneN81ipBGFRXAiTZ",
  "derivationMode": "",
  "index": 0,
  "freshAddress": "S1VFK7VWoJTj7SX9q65p5HKScLGeU2vhAm",
  "freshAddressPath": "44'/125'/0'/0/33",
  "name": "Stealth 1",
  "pendingOperations": [],
  "currencyId": "stealthcoin",
  "unitMagnitude": 6,
  "balance": "380376"
}
{
  "id": "libcore:1:stealthcoin:XSTpb6FhgDDxtRiWyFuwGktEdkkoV9dGWhkQ2rZCfeBvi6BXSU3ac9jt9PpBpKVz3txesdrhgzSptcaJcYArWURub3QZ8NnSREH7X512jdrCj8oY:",
  "seedIdentifier": "0471e8813ec3e1859a4511f024ccb132f8ef52b0af52338aaedf832beb312b19a56353f3ec872198de319b0395122bc4b56df0b46049af16407e9765514c07bf6c",
  "xpub": "XSTpb6FhgDDxtRiWyFuwGktEdkkoV9dGWhkQ2rZCfeBvi6BXSU3ac9jt9PpBpKVz3txesdrhgzSptcaJcYArWURub3QZ8NnSREH7X512jdrCj8oY",
  "derivationMode": "",
  "index": 1,
  "freshAddress": "S58w1KP7gLVSb52Q4Viywe24VtRbFuYnQi",
  "freshAddressPath": "44'/125'/1'/0/20",
  "name": "Stealth 2",
  "pendingOperations": [],
  "currencyId": "stealthcoin",
  "unitMagnitude": 6,
  "balance": "0"
}
{
  "id": "libcore:1:stealthcoin:XSTpb6FhgDDxtRiWyHsxwMmmiSfn8Wn3BTFYzGZcaGTQvihnD6rMoMrk6HyCz2tqBGo9GKziTMCooP6XvieXmV27xroL3yW4s3wUtA5L9syTqrxf:",
  "seedIdentifier": "0471e8813ec3e1859a4511f024ccb132f8ef52b0af52338aaedf832beb312b19a56353f3ec872198de319b0395122bc4b56df0b46049af16407e9765514c07bf6c",
  "xpub": "XSTpb6FhgDDxtRiWyHsxwMmmiSfn8Wn3BTFYzGZcaGTQvihnD6rMoMrk6HyCz2tqBGo9GKziTMCooP6XvieXmV27xroL3yW4s3wUtA5L9syTqrxf",
  "derivationMode": "",
  "index": 2,
  "freshAddress": "SEXS2pCRv38gTD3QFTPxces1y67JgB4mhe",
  "freshAddressPath": "44'/125'/2'/0/2",
  "name": "Stealth 3",
  "pendingOperations": [],
  "currencyId": "stealthcoin",
  "unitMagnitude": 6,
  "balance": "0"
}
{
  "id": "libcore:1:stealthcoin:XSTpb6FhgDDxtRiWyMGsFZdRTzA3VWWhjwrSyHJyfjS2LKNDnkoFoxKrJeigDcSQFydUHWQv9Qk4DKuCruYdr5nqWSDzM6t5EzzDLJefRqf2c5UB:",
  "seedIdentifier": "0471e8813ec3e1859a4511f024ccb132f8ef52b0af52338aaedf832beb312b19a56353f3ec872198de319b0395122bc4b56df0b46049af16407e9765514c07bf6c",
  "xpub": "XSTpb6FhgDDxtRiWyMGsFZdRTzA3VWWhjwrSyHJyfjS2LKNDnkoFoxKrJeigDcSQFydUHWQv9Qk4DKuCruYdr5nqWSDzM6t5EzzDLJefRqf2c5UB",
  "derivationMode": "",
  "index": 3,
  "freshAddress": "S3266E5jHLJGta6KSUNf49EoRFDKgDqGP3",
  "freshAddressPath": "44'/125'/3'/0/0",
  "name": "Stealth 4",
  "pendingOperations": [],
  "currencyId": "stealthcoin",
  "unitMagnitude": 6,
  "balance": "0"
}
