{
  "id": "libcore:1:litecoin:Ltub2ZNHmF2Ah6HdDrwUZ9ktmwAWGPMkE6797Yt3PmTeRfSQDP8bTAJLc9Mbk9Mwtv2VevTCbpbhxPCA7cns8o9zKCZTdax36rkdoJjwM6U2PRm:",
  "seedIdentifier": "0460e92275229ebbe7b147e589a179658b37cf6674e3ed78fe013024ccca8a80adc749af677c94f0d829a928cacc1afc17cec88717abc495bc836eaf54f819f98e",
  "xpub": "Ltub2ZNHmF2Ah6HdDrwUZ9ktmwAWGPMkE6797Yt3PmTeRfSQDP8bTAJLc9Mbk9Mwtv2VevTCbpbhxPCA7cns8o9zKCZTdax36rkdoJjwM6U2PRm",
  "derivationMode": "",
  "index": 0,
  "freshAddress": "LSsQcQQ3ZwTyvqFrFa92dtc6SWYZajkQY4",
  "freshAddressPath": "44'/2'/0'/0/22",
  "name": "Litecoin 1 (legacy)",
  "pendingOperations": [],
  "currencyId": "litecoin",
  "unitMagnitude": 8,
  "balance": "60165"
}
{
  "id": "libcore:1:litecoin:Ltub2Yz97oUCaVDnwNkLVZ4aaRq6699wD3oeBs5zdayHjVAvpVjkMEszcmAen5PTup8zANN7znT68kk3TbFCVdhDg5K33Zxg7Gs6ux7SQnLQDDb:segwit",
  "seedIdentifier": "04d7d329aa21c8425cf58ebf7f3c27afe3967c44bd23d3caccfa6beff04110c249418a6a98a1145b0ea1bf489ea84ebe3e66e46f4bd376130b16823a2805ba6ec9",
  "xpub": "Ltub2Yz97oUCaVDnwNkLVZ4aaRq6699wD3oeBs5zdayHjVAvpVjkMEszcmAen5PTup8zANN7znT68kk3TbFCVdhDg5K33Zxg7Gs6ux7SQnLQDDb",
  "derivationMode": "segwit",
  "index": 0,
  "freshAddress": "MPE5V3Dm1fBj3qmExdN4eu8DX1BpNEsyqH",
  "freshAddressPath": "49'/2'/0'/0/26",
  "name": "Litecoin 1 (segwit)",
  "pendingOperations": [],
  "currencyId": "litecoin",
  "unitMagnitude": 8,
  "balance": "83028"
}
{
  "id": "libcore:1:litecoin:Ltub2Yz97oUCaVDnxovTwXecS2hspiHqNGGs1thtrRqXcQtsUAe8DJSAv5uPmepwjgp4CXnWZzcETd8m7feEUA9r8QKC7iJUgrwZgYBJSbBDtyr:segwit",
  "seedIdentifier": "04d7d329aa21c8425cf58ebf7f3c27afe3967c44bd23d3caccfa6beff04110c249418a6a98a1145b0ea1bf489ea84ebe3e66e46f4bd376130b16823a2805ba6ec9",
  "xpub": "Ltub2Yz97oUCaVDnxovTwXecS2hspiHqNGGs1thtrRqXcQtsUAe8DJSAv5uPmepwjgp4CXnWZzcETd8m7feEUA9r8QKC7iJUgrwZgYBJSbBDtyr",
  "derivationMode": "segwit",
  "index": 1,
  "freshAddress": "MBw68mQdmDrTVEGJ6jBKDmxmZUrN8ympbs",
  "freshAddressPath": "49'/2'/1'/0/12",
  "name": "Litecoin 2 (segwit)",
  "pendingOperations": [],
  "currencyId": "litecoin",
  "unitMagnitude": 8,
  "balance": "0"
}
{
  "id": "libcore:1:litecoin:Ltub2Yz97oUCaVDo1Ak6FJ1Fvg2EscNzrWvLYxnXeY7rrArUPpdfgUAEWM49MrjVBNrdjwgFnMbqKGh8XkUdQFx3h8y1SDcak4vGSbqKM5PR8Rr:segwit",
  "seedIdentifier": "04d7d329aa21c8425cf58ebf7f3c27afe3967c44bd23d3caccfa6beff04110c249418a6a98a1145b0ea1bf489ea84ebe3e66e46f4bd376130b16823a2805ba6ec9",
  "xpub": "Ltub2Yz97oUCaVDo1Ak6FJ1Fvg2EscNzrWvLYxnXeY7rrArUPpdfgUAEWM49MrjVBNrdjwgFnMbqKGh8XkUdQFx3h8y1SDcak4vGSbqKM5PR8Rr",
  "derivationMode": "segwit",
  "index": 2,
  "freshAddress": "MKLFUqcvJkqqvF48BFTFLxDvJk43cqbhk1",
  "freshAddressPath": "49'/2'/2'/0/1",
  "name": "Litecoin 3 (segwit)",
  "pendingOperations": [],
  "currencyId": "litecoin",
  "unitMagnitude": 8,
  "balance": "0"
}
{
  "id": "libcore:1:litecoin:Ltub2Yz97oUCaVDo4A29iXHpfsSkcG1fN7jUn5C4M9sd8kv9AKGZdSurVTj4hQtoRywcfCX7eA97ULtCz2gM5YfYwFJpxxFd1AUeabsRBH2B1Cq:segwit",
  "seedIdentifier": "04d7d329aa21c8425cf58ebf7f3c27afe3967c44bd23d3caccfa6beff04110c249418a6a98a1145b0ea1bf489ea84ebe3e66e46f4bd376130b16823a2805ba6ec9",
  "xpub": "Ltub2Yz97oUCaVDo4A29iXHpfsSkcG1fN7jUn5C4M9sd8kv9AKGZdSurVTj4hQtoRywcfCX7eA97ULtCz2gM5YfYwFJpxxFd1AUeabsRBH2B1Cq",
  "derivationMode": "segwit",
  "index": 3,
  "freshAddress": "MCdXa9Q9GadqCjocfxwAo79aKYPxBu7GCa",
  "freshAddressPath": "49'/2'/3'/0/0",
  "name": "Litecoin 4 (segwit)",
  "pendingOperations": [],
  "currencyId": "litecoin",
  "unitMagnitude": 8,
  "balance": "0"
}
